09:54:28.039 1790844868039	addons.xpi	WARN	Checking C:\Program Files\Mozilla Thunderbird\distribution\extensions for addons
09:54:52.285 [gdataUI] Future modules will load with version 128.5.12 gdataUI.sys.mjs:27:11
09:54:57.502 Calendar manager initialised calendars before loadCalendarComponent ran on the first 3pane window. This should not happen. calendar-chrome-startup.js:40:13
09:55:07.579 This page is in Quirks Mode. Page layout may be impacted. For Standards Mode use “<!DOCTYPE html>”. background.html
09:55:10.068 1790844910068	addons.xpi-utils	WARN	Add-on {2bc419d0-6cf3-11da-8494-000a95be0946} is not compatible with application version.
09:55:10.069 1790844910069	addons.xpi-utils	WARN	Add-on lookout@s3_fix_version is not compatible with application version.
09:55:10.076 1790844910076	addons.xpi-utils	WARN	Add-on {2bc419d0-6cf3-11da-8494-000a95be0946} is not compatible with application version.
09:55:10.076 1790844910076	addons.xpi-utils	WARN	Add-on lookout@s3_fix_version is not compatible with application version.
09:55:10.883 Synchronous XMLHttpRequest on the main thread is deprecated because of its detrimental effects to the end user’s experience. For more help https://xhr.spec.whatwg.org/#sync-warning utils.js:45:7
09:55:11.025
Object { Util: {…}, Preferences: {…}, extractSignature: extractSignature(), insertTemplate: insertTemplate(), readSignatureFile: readSignatureFile(), resetDocument: resetDocument(), Parser: Parser(), composer: {}, Sig: {}, prefs: {…}, … }
 
Object { composers: Map(0) }
st-background.js:17:9
09:55:11.047 SmartTemplates Background started st-util.mjs.js:39:13
09:55:12.395 uncaught exception: Trying to load untrusted URI.: jar:file:///E:/Mail/dd9jwla2n.axel/extensions/%7Ba300a000-5e21-4ee0-a115-9ec8f4eaa92b%7D.xpi!/defaults/preferences/removedupes.js
09:55:12.419 WebExtensions: TypeError: can't access property "URI", folder is null
    set chrome://messenger/content/mailTabs.js:168
    maybeSelectLastFolder jar:file:///E:/Mail/dd9jwla2n.axel/extensions/owl@beonex.com.xpi!/webapi/webaccount/webaccount.js:517
    runAsync jar:file:///E:/Mail/dd9jwla2n.axel/extensions/owl@beonex.com.xpi!/webapi/webaccount/webaccount.js:112
webaccount.js:114
09:55:13.161 WebExtensions: [QuickFolders startup] WindowListener load requested {"extensionId":"quickfolders@curious.be","scope":"AddOnNS10","url":"about:3pane","readyState":"interactive","tabIndex":0,"firstTab":true,"isAddonActivation":true,"contextUnloaded":false,"elapsedMs":1,"readinessChecks":0} implementation.js:524
09:55:13.201 [#697] About to call cache.init() at 2026-10-01T08:55:13.201Z quickfolders-preferences.js:655:9
09:55:13.201 [#697] Cache init starting at 2026-10-01T08:55:13.201Z quickfolders-preferences.js:588:15
09:55:13.736 Creating FiltaQuilla menus... filtaquilla-background.js:842:15
09:55:13.744 Finished setting up license startup code qf-background.js:906:13
09:55:13.749 QuickFolders: Waiting 5000ms for mailTabs to be ready... qf-background.js:974:15
09:55:13.751 Preferences onChanged: 
Object { settings: {…} }
preferences.mjs:317:17
09:55:13.751 Preferences updates: 
Object { "license.gracePeriodDate": "2026-10-01" }
preferences.mjs:346:17
09:55:14.003 1790844914003	addons.webextension.{a300a000-5e21-4ee0-a115-9ec8f4eaa92b}	WARN	Loading extension '{a300a000-5e21-4ee0-a115-9ec8f4eaa92b}': Reading manifest: Warning processing locales: An unexpected property was found in the WebExtension manifest.
09:55:14.004 1790844914004	addons.webextension.{a300a000-5e21-4ee0-a115-9ec8f4eaa92b}	WARN	Loading extension '{a300a000-5e21-4ee0-a115-9ec8f4eaa92b}': Reading manifest: Warning processing chrome_injectors: An unexpected property was found in the WebExtension manifest.
09:55:14.006 1790844914006	addons.webextension.{a300a000-5e21-4ee0-a115-9ec8f4eaa92b}	WARN	Loading extension '{a300a000-5e21-4ee0-a115-9ec8f4eaa92b}': Reading manifest: Warning processing locales: An unexpected property was found in the WebExtension manifest.
09:55:14.007 1790844914006	addons.webextension.{a300a000-5e21-4ee0-a115-9ec8f4eaa92b}	WARN	Loading extension '{a300a000-5e21-4ee0-a115-9ec8f4eaa92b}': Reading manifest: Warning processing chrome_injectors: An unexpected property was found in the WebExtension manifest.
09:55:14.814 FiltaQuilla (toneQuillaPlay module)
File already exists: E:\Mail\dd9jwla2n.axel\extensions\filtaquilla\applause.ogg
09:55:14.888 WebExtensions: WL handleEvent (loadIntoWindow) context: 
Object { isTopContext: true, viewType: "background", envType: "addon_parent", onClose: Set(13), checkedLastError: false, _lastError: null, contextId: 33, unloaded: false, extension: {…}, manifestVersion: 2, … }
implementation.js:744
09:55:15.163 FiltaQuilla (toneQuillaPlay module)
File already exists: E:\Mail\dd9jwla2n.axel\extensions\filtaquilla\duogourd.ogg
09:55:15.922 Menus created. filtaquilla-background.js:927:15
09:55:15.954 1790844915954	addons.webextension.quickFilters@axelg.com	WARN	Loading extension 'quickFilters@axelg.com': Reading manifest: Warning processing version: version must be a version string consisting of at most 4 integers of at most 9 digits without leading zeros, and separated with dots
09:55:15.971 1790844915971	addons.webextension.quickfolders@curious.be	WARN	Loading extension 'quickfolders@curious.be': Reading manifest: Warning processing version: version must be a version string consisting of at most 4 integers of at most 9 digits without leading zeros, and separated with dots
09:55:15.985 1790844915985	addons.webextension.smarttemplate4@thunderbird.extension	WARN	Loading extension 'smarttemplate4@thunderbird.extension': Reading manifest: Warning processing version: version must be a version string consisting of at most 4 integers of at most 9 digits without leading zeros, and separated with dots
09:55:15.997 1790844915997	addons.webextension.{61A64500-335C-418D-8FCB-E072A9ABF3DA}	WARN	Loading extension '{61A64500-335C-418D-8FCB-E072A9ABF3DA}': Reading manifest: Warning processing version: version must be a version string consisting of at most 4 integers of at most 9 digits without leading zeros, and separated with dots
09:55:16.466 1790844916466	addons.webextension.{a300a000-5e21-4ee0-a115-9ec8f4eaa92b}	WARN	Loading extension '{a300a000-5e21-4ee0-a115-9ec8f4eaa92b}': Reading manifest: Warning processing locales: An unexpected property was found in the WebExtension manifest.
09:55:16.467 1790844916467	addons.webextension.{a300a000-5e21-4ee0-a115-9ec8f4eaa92b}	WARN	Loading extension '{a300a000-5e21-4ee0-a115-9ec8f4eaa92b}': Reading manifest: Warning processing chrome_injectors: An unexpected property was found in the WebExtension manifest.
09:55:16.468 1790844916468	addons.webextension.{a300a000-5e21-4ee0-a115-9ec8f4eaa92b}	WARN	Loading extension '{a300a000-5e21-4ee0-a115-9ec8f4eaa92b}': Reading manifest: Warning processing locales: An unexpected property was found in the WebExtension manifest.
09:55:16.468 1790844916468	addons.webextension.{a300a000-5e21-4ee0-a115-9ec8f4eaa92b}	WARN	Loading extension '{a300a000-5e21-4ee0-a115-9ec8f4eaa92b}': Reading manifest: Warning processing chrome_injectors: An unexpected property was found in the WebExtension manifest.
09:55:16.573 WebExtensions: WL handleEvent (loadIntoWindow) context: 
Object { isTopContext: true, viewType: "background", envType: "addon_parent", onClose: Set(13), checkedLastError: false, _lastError: null, contextId: 33, unloaded: false, extension: {…}, manifestVersion: 2, … }
implementation.js:744
09:55:16.575 WebExtensions: WL handleEvent (loadIntoWindow) context: 
Object { isTopContext: true, viewType: "background", envType: "addon_parent", onClose: Set(13), checkedLastError: false, _lastError: null, contextId: 33, unloaded: false, extension: {…}, manifestVersion: 2, … }
implementation.js:744
09:55:16.579 FiltaQuilla (toneQuillaPlay module)
File already exists: E:\Mail\dd9jwla2n.axel\extensions\filtaquilla\Freedom.ogg
09:55:16.645 WebExtensions: quickFilters: messenger.onLoad() qFi-messenger.js:29
09:55:16.765 FiltaQuilla (toneQuillaPlay module)
File already exists: E:\Mail\dd9jwla2n.axel\extensions\filtaquilla\nightingale.ogg
09:55:16.778 WebExtensions: quickFilters exp API: Utilities.getAPI() called implementation.js:14
09:55:16.800 Preferences onChanged: 
Object {  }
preferences.mjs:317:17
09:55:16.803 [#697] Cache init completed at 2026-10-01T08:55:16.803Z quickfolders-preferences.js:633:15
09:55:16.822 =========================
BACKGROUND LISTENER received: getStorageStartupStatus
========================= qf-background.js:1701:15
09:55:16.823 =========================
BACKGROUND LISTENER received: getLicenseInfo
========================= qf-background.js:1701:15
09:55:16.827 Notification handler of moz-extension://3898ae4d-7307-4e8f-bab7-613f45545d7f/ 
Object { func: "getLicenseInfo" }
qf-background.js:1187:13
09:55:16.985 1790844916985	addons.webextension.quickFilters@axelg.com	WARN	Loading extension 'quickFilters@axelg.com': Reading manifest: Warning processing version: version must be a version string consisting of at most 4 integers of at most 9 digits without leading zeros, and separated with dots
09:55:16.996 1790844916996	addons.webextension.quickfolders@curious.be	WARN	Loading extension 'quickfolders@curious.be': Reading manifest: Warning processing version: version must be a version string consisting of at most 4 integers of at most 9 digits without leading zeros, and separated with dots
09:55:17.020 1790844917020	addons.webextension.smarttemplate4@thunderbird.extension	WARN	Loading extension 'smarttemplate4@thunderbird.extension': Reading manifest: Warning processing version: version must be a version string consisting of at most 4 integers of at most 9 digits without leading zeros, and separated with dots
09:55:17.029 1790844917029	addons.webextension.{61A64500-335C-418D-8FCB-E072A9ABF3DA}	WARN	Loading extension '{61A64500-335C-418D-8FCB-E072A9ABF3DA}': Reading manifest: Warning processing version: version must be a version string consisting of at most 4 integers of at most 9 digits without leading zeros, and separated with dots
09:55:17.131 FiltaQuilla (toneQuillaPlay module)
File already exists: E:\Mail\dd9jwla2n.axel\extensions\filtaquilla\squishbeat.ogg
09:55:17.647 QuickFolders [logTime init]
 Adding QuickFolders Search Panel ... quickfolders-util.js:1432:13
09:55:17.660 =========================
BACKGROUND LISTENER received: getPlatformInfo
========================= qf-background.js:1701:15
09:55:17.660 Notification handler of moz-extension://3898ae4d-7307-4e8f-bab7-613f45545d7f/ 
Object { func: "getPlatformInfo" }
qf-background.js:1187:13
09:55:17.995 FiltaQuilla (toneQuillaPlay module)
File already exists: E:\Mail\dd9jwla2n.axel\extensions\filtaquilla\TheBrightestStar.ogg
09:55:18.750 QuickFolders: mailTabs.getCurrent() failed or timed out Error: mailTabs.getCurrent() timed out
    timeoutPromise moz-extension://3898ae4d-7307-4e8f-bab7-613f45545d7f/qf-background.js:838
qf-background.js:848:13
09:55:18.750 QuickFolders: ready to start WindowListener. qf-background.js:851:13
09:55:18.753 QuickFolders: add toggle-foldertree command... qf-background.js:1132:13
09:55:20.163 FiltaQuilla (toneQuillaPlay module)
File already exists: E:\Mail\dd9jwla2n.axel\extensions\filtaquilla\squeak.wav
09:55:20.176 QuickFolders 9:55:20.176  [2530 ms]   
 QuickFolders: injecting current folder quickfolders-util.js:1432:13
09:55:20.182 =========================
BACKGROUND LISTENER received: getBrowserInfo
========================= qf-background.js:1701:15
09:55:20.183 Notification handler of moz-extension://3898ae4d-7307-4e8f-bab7-613f45545d7f/ 
Object { func: "getBrowserInfo" }
qf-background.js:1187:13
09:55:20.359 FiltaQuilla (toneQuillaPlay module)
File already exists: E:\Mail\dd9jwla2n.axel\extensions\filtaquilla\notify-1.wav
09:55:20.485 WebExtensions: quickFilters: pref cache ready qFi-messenger.js:31
09:55:20.499 Manually calling notifyTools.enable() is no longer needed. notifyTools.js:145:13
09:55:20.987 FiltaQuilla (toneQuillaPlay module)
File already exists: E:\Mail\dd9jwla2n.axel\extensions\filtaquilla\pour-1.wav
09:55:21.013 Preferences onChanged: 
Object { settings: {…}, debug: {…}, accounts: {…} }
preferences.mjs:317:17
09:55:21.014 Accounts data updated: 
Object {  }
preferences.mjs:340:19
09:55:21.110 =========================
BACKGROUND LISTENER received: getAddonInfo
========================= qf-background.js:1701:15
09:55:21.111 Notification handler of moz-extension://3898ae4d-7307-4e8f-bab7-613f45545d7f/ 
Object { func: "getAddonInfo" }
qf-background.js:1187:13
09:55:21.119 FiltaQuilla (toneQuillaPlay module)
File already exists: E:\Mail\dd9jwla2n.axel\extensions\filtaquilla\maybe-one-day-584.ogg
09:55:21.160 FiltaQuilla (toneQuillaPlay module)
File already exists: E:\Mail\dd9jwla2n.axel\extensions\filtaquilla\hold-your-horses-468.ogg
09:55:21.226 Preferences onChanged: 
Object {  }
preferences.mjs:317:17
09:55:21.226 QuickFolders {NOTIFICATIONS} 9:55:21.226  [1050 ms]   
 
Object { platformInfo: {…}, browserInfo: {…}, addonInfo: {…} }
quickfolders-util.js:1427:13
09:55:21.226 QuickFolders 9:55:21.226  [0 ms]   
 ============INJECT==========
qf-3pane.js onLoad(true) quickfolders-util.js:1432:13
09:55:21.229 QuickFolders 9:55:21.229  [3 ms]   
 Adding Folder Listener... quickfolders-util.js:1432:13
09:55:21.232 QuickFolders 9:55:21.231  [2 ms]   
 restore categories from tab session quickfolders-util.js:1432:13
09:55:21.232 QuickFolders readTabCategorySession() quickfolders-util.js:1455:15
09:55:21.232 QuickFolders 9:55:21.232  [1 ms]   
 QuickFolders UI patching in window: chrome://messenger/content/messenger.xhtml quickfolders-util.js:1432:13
09:55:21.233 QuickFolders 9:55:21.233  [1 ms]   
 injecting quickfolders-143.css ... quickfolders-util.js:1432:13
09:55:21.233 QuickFolders 9:55:21.233  [0 ms]   
 ============INJECT==========
qf-3pane.js onLoad(true) quickfolders-util.js:1432:13
09:55:21.234 =========================
BACKGROUND LISTENER received: addFolderPaneMenu
========================= qf-background.js:1701:15
09:55:21.235 Notification handler of moz-extension://3898ae4d-7307-4e8f-bab7-613f45545d7f/ 
Object { func: "addFolderPaneMenu" }
qf-background.js:1187:13
09:55:21.240 =========================
BACKGROUND LISTENER received: initActionButton
========================= qf-background.js:1701:15
09:55:21.240 Notification handler of moz-extension://3898ae4d-7307-4e8f-bab7-613f45545d7f/ 
Object { func: "initActionButton" }
qf-background.js:1187:13
09:55:21.241 =========================
BACKGROUND LISTENER received: listenersReady
========================= qf-background.js:1701:15
09:55:21.241 Notification handler of moz-extension://3898ae4d-7307-4e8f-bab7-613f45545d7f/ 
Object { func: "listenersReady" }
qf-background.js:1187:13
09:55:21.242 =========================
BACKGROUND LISTENER received: readCategories
========================= qf-background.js:1701:15
09:55:21.242 Notification handler of moz-extension://3898ae4d-7307-4e8f-bab7-613f45545d7f/ 
Object { func: "readCategories", tabId: 1 }
qf-background.js:1187:13
09:55:21.268 FiltaQuilla (toneQuillaPlay module)
File already exists: E:\Mail\dd9jwla2n.axel\extensions\filtaquilla\scratch-389.ogg
09:55:21.330 WebExtensions: 
<li class="extension-action" item-id="ext-quickfolders@curious.be" is="customizable-element" style='--webextension-icon: ima…32.svg") 2x\n        );' aria-pressed="true">
implementation.js:502
09:55:21.330 QuickFolders 9:55:21.330  [97 ms]   
 toggleToolbarAction() quickfolders-util.js:1432:13
09:55:21.341 =========================
BACKGROUND LISTENER received: storeToolbarStatus
========================= qf-background.js:1701:15
09:55:21.341 Notification handler of moz-extension://3898ae4d-7307-4e8f-bab7-613f45545d7f/ 
Object { func: "storeToolbarStatus", tabId: 1, status: '{"mainVisibleState":true}' }
qf-background.js:1187:13
09:55:21.363 FiltaQuilla (toneQuillaPlay module)
File already exists: E:\Mail\dd9jwla2n.axel\extensions\filtaquilla\your-turn-491.ogg
09:55:21.482 FiltaQuilla (toneQuillaPlay module)
File already exists: E:\Mail\dd9jwla2n.axel\extensions\filtaquilla\knob-458.ogg
09:55:21.800 FiltaQuilla (toneQuillaPlay module)
File already exists: E:\Mail\dd9jwla2n.axel\extensions\filtaquilla\worthwhile-438.ogg
09:55:21.874 QuickFolders 9:55:21.873  [543 ms]   
 util.touch(Inbox)
1790844921
1/10 9:55:21 quickfolders-util.js:1432:13
09:55:21.893 QuickFolders 9:55:21.893  [20 ms]   
 util.touch(Inbox)
1790844921
1/10 9:55:21 quickfolders-util.js:1432:13
09:55:21.983 Preferences onChanged: 
Object { settings: {…}, debug: {…}, accounts: {…} }
preferences.mjs:317:17
09:55:21.983 Accounts data updated: 
Object {  }
preferences.mjs:340:19
09:55:22.106 QuickFolders 9:55:22.106  [213 ms]   
 readTabCategorySession - for tabId[1] returned Daily quickfolders-util.js:1432:13
09:55:22.106 QuickFolders readTabToolbarSession() quickfolders-util.js:1455:15
09:55:22.107 =========================
BACKGROUND LISTENER received: readToolbarStatus
========================= qf-background.js:1701:15
09:55:22.107 Notification handler of moz-extension://3898ae4d-7307-4e8f-bab7-613f45545d7f/ 
Object { func: "readToolbarStatus", tabId: 1 }
qf-background.js:1187:13
09:55:22.141 FiltaQuilla (toneQuillaPlay module)
File already exists: E:\Mail\dd9jwla2n.axel\extensions\filtaquilla\scissors-423.ogg
09:55:22.158 QuickFolders 9:55:22.158  [52 ms]   
 util.touch(Inbox)
1790844922
1/10 9:55:22 quickfolders-util.js:1432:13
09:55:22.160 QuickFolders 9:55:22.160  [2 ms]   
 util.touch(Inbox)
1790844922
1/10 9:55:22 quickfolders-util.js:1432:13
09:55:23.198 QuickFolders 9:55:23.198  [1038 ms]   
 util.touch(Licenses)
1790844923
1/10 9:55:23 quickfolders-util.js:1432:13
09:55:23.203 QuickFolders 9:55:23.203  [5 ms]   
 util.touch(Licenses)
1790844923
1/10 9:55:23 quickfolders-util.js:1432:13
09:55:23.230 QuickFolders 9:55:23.230  [27 ms]   
 readTabToolbarSession - for tabId[1] returned {"mainVisibleState":true} quickfolders-util.js:1432:13
09:55:23.231 QuickFolders readTabCategorySession() quickfolders-util.js:1455:15
09:55:23.247 Preferences updates: 
Object { lastActiveCategories: "" }
preferences.mjs:518:17
09:55:23.248 =========================
BACKGROUND LISTENER received: readCategories
========================= qf-background.js:1701:15
09:55:23.248 Notification handler of moz-extension://3898ae4d-7307-4e8f-bab7-613f45545d7f/ 
Object { func: "readCategories", tabId: 2 }
qf-background.js:1187:13
09:55:23.700 QuickFolders 9:55:23.700  [470 ms]   
 readTabCategorySession - for tabId[2] returned undefined quickfolders-util.js:1432:13
09:55:23.701 QuickFolders 9:55:23.701  [1 ms]   
 no session info for tab category… quickfolders-util.js:1432:13
09:55:23.701 QuickFolders readTabToolbarSession() quickfolders-util.js:1455:15
09:55:23.710 =========================
BACKGROUND LISTENER received: readToolbarStatus
========================= qf-background.js:1701:15
09:55:23.710 Notification handler of moz-extension://3898ae4d-7307-4e8f-bab7-613f45545d7f/ 
Object { func: "readToolbarStatus", tabId: 2 }
qf-background.js:1187:13
09:55:23.767 QuickFolders 9:55:23.767  [66 ms]   
 util.touch(8dio)
1790844923
1/10 9:55:23 quickfolders-util.js:1432:13
09:55:23.770 QuickFolders 9:55:23.770  [3 ms]   
 util.touch(8dio)
1790844923
1/10 9:55:23 quickfolders-util.js:1432:13
09:55:24.042 WebExtensions: Using WindowListener:injectElements qf-3pane.js:178
09:55:24.043 WebExtensions: Injecting into root document: implementation.js:767
09:55:24.043 QuickFolders [QuickFolders Navigation Bar] Injection path: WindowListener (WL) quickfolders-util.js:1455:15
09:55:24.064 WebExtensions: 
Array [ vbox#messagepanebox ]
implementation.js:647
09:55:24.065 WebExtensions: vbox#messagepanebox is an existing container, injecting into messagepanebox implementation.js:718
09:55:24.065 WebExtensions: 
Array [ hbox#QuickFolders-PreviewToolbarPanel.QuickFolders-NavigationPanel.quickFoldersToolbar ]
implementation.js:647
09:55:24.065 WebExtensions: hbox#QuickFolders-PreviewToolbarPanel: append to messagepanebox implementation.js:758
09:55:24.088 QuickFolders [QuickFolders Navigation Bar] WL.injectElements done - panel in DOM: true, panel parent: messagepanebox quickfolders-util.js:1455:15
09:55:24.088 QuickFolders [QuickFolders Navigation Bar] about:message - injection result: true true quickfolders-util.js:1455:15
09:55:24.089 QuickFolders 9:55:24.89  [319 ms]   
 liftNavigationbar() quickfolders-util.js:1432:13
09:55:24.089 [QF liftNavBar] navigationContainer: FOUND, parent: #messagepanebox content URL: about:message quickfolders-interface.js:1505:15
09:55:24.091 QuickFolders {INTERFACE.CURRENTFOLDERBAR} 9:55:24.90  [1 ms]   
 updateNavigationBar() - chrome://messenger/content/messenger.xhtml 
HTMLDocument about:message
quickfolders-util.js:1427:13
09:55:24.092 QuickFolders {INTERFACE.CURRENTFOLDERBAR} 9:55:24.92  [2 ms]   
 3pane type = undefined, URL= about:message, win = [object Window], tabOrWindow= [object Object], folder name= Roberto quickfolders-util.js:1427:13
09:55:24.171 QuickFolders {INTERFACE.CURRENTFOLDERBAR} 9:55:24.171  [79 ms]   
 initCurrentFolderTab(Roberto)
tabMode: mailMessageTab -  tabindex: 0 
<tab class="tabmail-tab" validate="never" is="tabmail-tab" context="tabContextMenu" linkedpanel="mailMessageTab1" label="Re: [FiltaQuilla]" type="undefined">
quickfolders-util.js:1427:13
09:55:24.284 QuickFolders {INTERFACE.CURRENTFOLDERBAR,3PANE} 9:55:24.284  [113 ms]   
 hoistCurrentFolderBar(tabMode: mailMessageTab) quickfolders-util.js:1427:13
09:55:24.289 WebExtensions: [QuickFolders 3pane] displayNavigationToolbar: isShowCurrentFolderToolbar(windowMode="singleMailTab") = true — bar will be SHOWN qf-3pane.js:808
09:55:24.462 QuickFolders {INTERFACE.CURRENTFOLDERBAR} 9:55:24.462  [178 ms]   
 displayNavigationToolbar(visible=true, selector=singleMailTab) quickfolders-util.js:1427:13
09:55:24.463 QuickFolders {INTERFACE.CURRENTFOLDERBAR} 9:55:24.463  [1 ms]   
 win=chrome://messenger/content/messenger.xhtml
document=about:message quickfolders-util.js:1427:13
09:55:24.463 QuickFolders {INTERFACE.CURRENTFOLDERBAR} 9:55:24.463  [0 ms]   
 |===========================================================|
| currentFolderBar.style.display = 
|===========================================================|
visible = true quickfolders-util.js:1427:13
09:55:24.463 QuickFolders {INTERFACE.CURRENTFOLDERBAR} 9:55:24.463  [0 ms]   
 Effected display of current folder bar = flex quickfolders-util.js:1427:13
09:55:24.463 QuickFolders {INTERFACE.CURRENTFOLDERBAR} 9:55:24.463  [0 ms]   
 updateNavigationBar() - chrome://messenger/content/messenger.xhtml 
HTMLDocument about:message
quickfolders-util.js:1427:13
09:55:24.464 QuickFolders {INTERFACE.CURRENTFOLDERBAR} 9:55:24.464  [1 ms]   
 3pane type = undefined, URL= about:message, win = [object Window], tabOrWindow= [object Object], folder name= Roberto quickfolders-util.js:1427:13
09:55:24.509 WebExtensions: Using WindowListener:injectElements qf-3pane.js:178
09:55:24.509 WebExtensions: Injecting into root document: implementation.js:767
09:55:24.509 QuickFolders [QuickFolders Navigation Bar] Injection path: WindowListener (WL) quickfolders-util.js:1455:15
09:55:24.511 WebExtensions: 
Array [ vbox#messagepanebox ]
implementation.js:647
09:55:24.512 WebExtensions: vbox#messagepanebox is an existing container, injecting into messagepanebox implementation.js:718
09:55:24.512 WebExtensions: 
Array [ hbox#QuickFolders-PreviewToolbarPanel.QuickFolders-NavigationPanel.quickFoldersToolbar ]
implementation.js:647
09:55:24.512 WebExtensions: hbox#QuickFolders-PreviewToolbarPanel: append to messagepanebox implementation.js:758
09:55:24.515 QuickFolders [QuickFolders Navigation Bar] WL.injectElements done - panel in DOM: true, panel parent: messagepanebox quickfolders-util.js:1455:15
09:55:24.515 QuickFolders [QuickFolders Navigation Bar] about:message - injection result: true true quickfolders-util.js:1455:15
09:55:24.516 QuickFolders 9:55:24.516  [52 ms]   
 liftNavigationbar() quickfolders-util.js:1432:13
09:55:24.516 [QF liftNavBar] navigationContainer: FOUND, parent: #messagepanebox content URL: about:message quickfolders-interface.js:1505:15
09:55:24.516 QuickFolders {INTERFACE.CURRENTFOLDERBAR} 9:55:24.516  [0 ms]   
 updateNavigationBar() - chrome://messenger/content/messenger.xhtml 
HTMLDocument about:message
quickfolders-util.js:1427:13
09:55:24.516 QuickFolders {INTERFACE.CURRENTFOLDERBAR} 9:55:24.516  [0 ms]   
 3pane type = undefined, URL= about:message, win = [object Window], tabOrWindow= [object Object], folder name= Support quickfolders-util.js:1427:13
09:55:24.727 QuickFolders {INTERFACE.CURRENTFOLDERBAR} 9:55:24.727  [211 ms]   
 initCurrentFolderTab(Support)
tabMode: mailMessageTab -  tabindex: 0 
<tab class="tabmail-tab" validate="never" is="tabmail-tab" context="tabContextMenu" linkedpanel="mailMessageTab2" label="Re: [quickFilters] Re: Favor and RC mayhem" type="undefined">
quickfolders-util.js:1427:13
09:55:24.754 QuickFolders {INTERFACE.CURRENTFOLDERBAR,3PANE} 9:55:24.754  [27 ms]   
 hoistCurrentFolderBar(tabMode: mailMessageTab) quickfolders-util.js:1427:13
09:55:24.761 WebExtensions: [QuickFolders 3pane] displayNavigationToolbar: isShowCurrentFolderToolbar(windowMode="singleMailTab") = true — bar will be SHOWN qf-3pane.js:808
09:55:24.762 QuickFolders {INTERFACE.CURRENTFOLDERBAR} 9:55:24.762  [8 ms]   
 displayNavigationToolbar(visible=true, selector=singleMailTab) quickfolders-util.js:1427:13
09:55:24.762 QuickFolders {INTERFACE.CURRENTFOLDERBAR} 9:55:24.762  [0 ms]   
 win=chrome://messenger/content/messenger.xhtml
document=about:message quickfolders-util.js:1427:13
09:55:24.762 QuickFolders {INTERFACE.CURRENTFOLDERBAR} 9:55:24.762  [0 ms]   
 |===========================================================|
| currentFolderBar.style.display = 
|===========================================================|
visible = true quickfolders-util.js:1427:13
09:55:24.762 QuickFolders {INTERFACE.CURRENTFOLDERBAR} 9:55:24.762  [0 ms]   
 Effected display of current folder bar = flex quickfolders-util.js:1427:13
09:55:24.763 QuickFolders {INTERFACE.CURRENTFOLDERBAR} 9:55:24.763  [1 ms]   
 updateNavigationBar() - chrome://messenger/content/messenger.xhtml 
HTMLDocument about:message
quickfolders-util.js:1427:13
09:55:24.763 QuickFolders {INTERFACE.CURRENTFOLDERBAR} 9:55:24.763  [0 ms]   
 3pane type = undefined, URL= about:message, win = [object Window], tabOrWindow= [object Object], folder name= Support quickfolders-util.js:1427:13
09:55:24.910 QuickFolders 9:55:24.910  [147 ms]   
 util.touch(Inbox)
1790844924
1/10 9:55:24 quickfolders-util.js:1432:13
09:55:24.915 QuickFolders 9:55:24.915  [5 ms]   
 util.touch(Inbox)
1790844924
1/10 9:55:24 quickfolders-util.js:1432:13
09:55:25.031 QuickFolders 9:55:25.31  [116 ms]   
 util.touch(Inbox)
1790844925
1/10 9:55:25 quickfolders-util.js:1432:13
09:55:25.132 QuickFolders 9:55:25.132  [101 ms]   
 util.touch(Inbox)
1790844925
1/10 9:55:25 quickfolders-util.js:1432:13
09:55:25.163 QuickFolders 9:55:25.163  [31 ms]   
 readTabToolbarSession - for tabId[2] returned undefined quickfolders-util.js:1432:13
09:55:25.163 QuickFolders readTabCategorySession() quickfolders-util.js:1455:15
09:55:25.173 QuickFolders 9:55:25.173  [10 ms]   
 util.touch(Inbox)
1790844925
1/10 9:55:25 quickfolders-util.js:1432:13
09:55:25.177 QuickFolders 9:55:25.177  [4 ms]   
 util.touch(Inbox)
1790844925
1/10 9:55:25 quickfolders-util.js:1432:13
09:55:25.184 =========================
BACKGROUND LISTENER received: readCategories
========================= qf-background.js:1701:15
09:55:25.184 Notification handler of moz-extension://3898ae4d-7307-4e8f-bab7-613f45545d7f/ 
Object { func: "readCategories", tabId: 3 }
qf-background.js:1187:13
09:55:25.768 =========================
BACKGROUND LISTENER received: updateQuickFilters
========================= qf-background.js:1701:15
09:55:25.768 Notification handler of moz-extension://3898ae4d-7307-4e8f-bab7-613f45545d7f/ 
Object { func: "updateQuickFilters" }
qf-background.js:1187:13
09:55:25.769 [QF background] updateQuickFilters received — sending injectButtonsQFNavigationBar to quickFilters 
Object { licenseStatus: "Valid", licenseType: 0 }
qf-background.js:1530:19
09:55:25.814 QuickFolders 9:55:25.814  [637 ms]   
 readTabCategorySession - for tabId[3] returned Daily quickfolders-util.js:1432:13
09:55:25.814 QuickFolders readTabToolbarSession() quickfolders-util.js:1455:15
09:55:25.857 =========================
BACKGROUND LISTENER received: readToolbarStatus
========================= qf-background.js:1701:15
09:55:25.857 Notification handler of moz-extension://3898ae4d-7307-4e8f-bab7-613f45545d7f/ 
Object { func: "readToolbarStatus", tabId: 3 }
qf-background.js:1187:13
09:55:25.893 QuickFolders 9:55:25.893  [79 ms]   
 util.touch(BandsInTown)
1790844925
1/10 9:55:25 quickfolders-util.js:1432:13
09:55:25.896 QuickFolders 9:55:25.895  [2 ms]   
 util.touch(BandsInTown)
1790844925
1/10 9:55:25 quickfolders-util.js:1432:13
09:55:25.988 =========================
BACKGROUND LISTENER received: updateQuickFilters
========================= qf-background.js:1701:15
09:55:25.988 Notification handler of moz-extension://3898ae4d-7307-4e8f-bab7-613f45545d7f/ 
Object { func: "updateQuickFilters" }
qf-background.js:1187:13
09:55:25.988 [QF background] updateQuickFilters received — sending injectButtonsQFNavigationBar to quickFilters 
Object { licenseStatus: "Valid", licenseType: 0 }
qf-background.js:1530:19
09:55:25.989 [QF background] injectButtonsQFNavigationBar response: undefined qf-background.js:1541:23
09:55:26.035 QuickFolders 9:55:26.35  [140 ms]   
 readTabToolbarSession - for tabId[3] returned {"mainVisibleState":true} quickfolders-util.js:1432:13
09:55:26.035 QuickFolders 9:55:26.35  [0 ms]   
 initDocAndWindow()
QuickFolders_globalDoc = chrome://messenger/content/messenger.xhtml quickfolders-util.js:1432:13
09:55:26.035 QuickFolders 9:55:26.35  [0 ms]   
 initDelayed ==== correct window: chrome://messenger/content/messenger.xhtml - Home - Mozilla Thunderbird
wait 250 msec until init()… quickfolders-util.js:1432:13
09:55:26.035 QuickFolders 9:55:26.35  [0 ms]   
 Adding Search Input event handler… quickfolders-util.js:1432:13
09:55:26.056 [QF background] injectButtonsQFNavigationBar response: undefined qf-background.js:1541:23
09:55:26.166 QuickFolders 9:55:26.166  [131 ms]   
 updateQuickFoldersLabel() quickfolders-util.js:1432:13
09:55:26.765 QuickFolders 9:55:26.765  [599 ms]   
 util.touch(Licenses)
1790844926
1/10 9:55:26 quickfolders-util.js:1432:13
09:55:26.771 QuickFolders 9:55:26.771  [6 ms]   
 util.touch(Licenses)
1790844926
1/10 9:55:26 quickfolders-util.js:1432:13
09:55:26.846 QuickFolders 9:55:26.846  [75 ms]   
 Version() getter. addonInfo: 
Object { id: "quickfolders@curious.be", name: "QuickFolders", description: "Bookmark your favorite mail folders in Thunderbird.", version: "6.18.1pre1", mayDisable: true, enabled: true, optionsUrl: "moz-extension://3898ae4d-7307-4e8f-bab7-613f45545d7f/html/options.html", installType: "normal", type: "extension", permissions: (11) […], … }
quickfolders-util.js:1432:13
09:55:26.846 QuickFolders: QuickFolders.init() - QuickFolders Version 6.18.1pre1
Running on Thunderbird Version 156.0
09:55:26.846 QuickFolders Adding shortcut key listener. quickfolders-util.js:1455:15
09:55:26.847 QuickFolders
Failed to reconstruct URL for owl://axelongcraftstudios.com@outlook.office.com/Inbox of account account35 - account type N/A quickfolders-model.js:528:19
09:55:26.850 QuickFolders 9:55:26.850  [4 ms]   
 initTabsFromEntries() quickfolders-util.js:1432:13
09:55:27.084 QuickFolders 9:55:27.84  [234 ms]   
 init: setting categories to Daily quickfolders-util.js:1432:13
09:55:27.089 =========================
BACKGROUND LISTENER received: updateMainWindow
========================= qf-background.js:1701:15
09:55:27.090 Notification handler of moz-extension://3898ae4d-7307-4e8f-bab7-613f45545d7f/ 
Object { func: "updateMainWindow", minimal: false }
qf-background.js:1187:13
09:55:27.090 QuickFolders 9:55:27.90  [6 ms]   
 updateFolders(rebuildCategories: false, minimal: false) - Number of Folders = 253 quickfolders-util.js:1432:13
09:55:27.090 QuickFolders 9:55:27.90  [0 ms]   
 updateQuickFoldersLabel() quickfolders-util.js:1432:13
09:55:27.098 QuickFolders 9:55:27.98  [8 ms]   
 Error in addFolderButton: folder parameter is empty!
Entry: SC Inbox quickfolders-util.js:1432:13
09:55:27.124 QuickFolders 9:55:27.124  [26 ms]   
 28 of 253 tabs rebuilt [minimalUpdate=false]. quickfolders-util.js:1432:13
09:55:27.124 QuickFolders 9:55:27.124  [0 ms]   
 1 invalid tabs where found!
 Please check with 'Remove Invalid tabs' from the QuickFolders tools menu. quickfolders-util.js:1432:13
09:55:27.126 QuickFolders 9:55:27.126  [2 ms]   
 updateQuickFoldersLabel() quickfolders-util.js:1432:13
09:55:27.128 QuickFolders 9:55:27.128  [2 ms]   
 QuickFolders.init() ends. quickfolders-util.js:1432:13
09:55:27.128 QuickFolders 9:55:27.128  [0 ms]   
 bookmarks.load… quickfolders-util.js:1432:13
09:55:27.128 QuickFolders 9:55:27.128  [0 ms]   
 initLicensedUI - hasLicense = true
 licenseInfo: 
Object { status: "Valid", description: "Valid", licensedDaysLeft: 47, expiredDays: 0, expiryDate: "2026-11-17", email: "axel.grude@gmail.com", licenseKey: "QF-axel.grude@gmail.com:2026-11-17;2035e10abd68e9fb662fa5ed8f3c251aa1ce71c73578441a148309391779818c 19000f1fdd4dbb7863acdee702dc0fc0a3030a00654cc0ffb722a4750073a0a9", decryptedPart: "QF-axel.grude@gmail.com:2026-11-17", keyType: 0, isValid: true, … }
quickfolders-util.js:1432:13
09:55:27.128 QuickFolders 9:55:27.128  [0 ms]   
 License found - removing Animations()… quickfolders-util.js:1432:13
09:55:27.136 =========================
BACKGROUND LISTENER received: storeCategories
========================= qf-background.js:1701:15
09:55:27.136 Notification handler of moz-extension://3898ae4d-7307-4e8f-bab7-613f45545d7f/ 
Object { func: "storeCategories", tabId: 1, categories: "Daily" }
qf-background.js:1187:13
09:55:27.137 QuickFolders 9:55:27.137  [9 ms]   
 updateQuickFoldersLabel() quickfolders-util.js:1432:13
09:55:27.138 QuickFolders 9:55:27.138  [1 ms]   
 updateMainWindow()... Theme: flatTabs quickfolders-util.js:1432:13
09:55:27.139 QuickFolders 9:55:27.139  [1 ms]   
 bookmarks.load… quickfolders-util.js:1432:13
09:55:27.139 QuickFolders 9:55:27.139  [0 ms]   
 bookmarks.load complete. quickfolders-util.js:1432:13
09:55:27.140 =========================
BACKGROUND LISTENER received: updateFoldersUI
========================= qf-background.js:1701:15
09:55:27.140 Notification handler of moz-extension://3898ae4d-7307-4e8f-bab7-613f45545d7f/ 
Object { func: "updateFoldersUI" }
qf-background.js:1187:13
09:55:27.406 QuickFolders {NOTIFICATIONS} 9:55:27.406  [267 ms]   
 onBackgroundUpdates - dispatching custom event QuickFolders.BackgroundUpdate.updateMainWindow
into chrome://messenger/content/messenger.xhtml quickfolders-util.js:1427:13
09:55:27.406 QuickFolders 9:55:27.406  [0 ms]   
 updateMainWindow()... Theme: flatTabs quickfolders-util.js:1432:13
09:55:27.407 QuickFolders 9:55:27.407  [1 ms]   
 bookmarks.load… quickfolders-util.js:1432:13
09:55:27.407 QuickFolders 9:55:27.407  [0 ms]   
 bookmarks.load complete. quickfolders-util.js:1432:13
09:55:27.407 =========================
BACKGROUND LISTENER received: updateFoldersUI
========================= qf-background.js:1701:15
09:55:27.407 Notification handler of moz-extension://3898ae4d-7307-4e8f-bab7-613f45545d7f/ 
Object { func: "updateFoldersUI" }
qf-background.js:1187:13
09:55:27.413 QuickFolders {NOTIFICATIONS} 9:55:27.412  [5 ms]   
 onBackgroundUpdates - dispatching custom event QuickFolders.BackgroundUpdate.updateFoldersUI
into chrome://messenger/content/messenger.xhtml quickfolders-util.js:1427:13
09:55:27.413 QuickFolders 9:55:27.413  [1 ms]   
 updateFoldersUI()... quickfolders-util.js:1432:13
09:55:27.413 QuickFolders 9:55:27.413  [0 ms]   
 updateFolders(rebuildCategories: true, minimal: false) - Number of Folders = 253 quickfolders-util.js:1432:13
09:55:27.416 QuickFolders 9:55:27.416  [3 ms]   
 updateQuickFoldersLabel() quickfolders-util.js:1432:13
09:55:27.416 QuickFolders 9:55:27.416  [0 ms]   
 updateCategories() - [19 Categories] quickfolders-util.js:1432:13
09:55:27.429 QuickFolders 9:55:27.429  [13 ms]   
 Error in addFolderButton: folder parameter is empty!
Entry: SC Inbox quickfolders-util.js:1432:13
09:55:27.458 QuickFolders 9:55:27.458  [29 ms]   
 28 of 253 tabs rebuilt [minimalUpdate=false]. quickfolders-util.js:1432:13
09:55:27.458 QuickFolders 9:55:27.458  [0 ms]   
 1 invalid tabs where found!
 Please check with 'Remove Invalid tabs' from the QuickFolders tools menu. quickfolders-util.js:1432:13
09:55:27.459 QuickFolders 9:55:27.459  [1 ms]   
 updateQuickFoldersLabel() quickfolders-util.js:1432:13
09:55:29.343 QuickFolders 9:55:29.343  [1884 ms]   
 util.touch(Licenses)
1790844929
1/10 9:55:29 quickfolders-util.js:1432:13
09:55:29.346 QuickFolders 9:55:29.346  [3 ms]   
 setFolderUpdateTimer(item): Licenses quickfolders-util.js:1432:13
09:55:29.346 QuickFolders 9:55:29.346  [0 ms]   
 Folder Tab Select Timer ID: 92 quickfolders-util.js:1432:13
09:55:29.346 QuickFolders 9:55:29.346  [0 ms]   
 Setting Update Timer (after timer 0 expired), new Timer: 92 quickfolders-util.js:1432:13
09:55:29.350 QuickFolders 9:55:29.350  [4 ms]   
 util.touch(Licenses)
1790844929
1/10 9:55:29 quickfolders-util.js:1432:13
09:55:29.370 QuickFolders {NOTIFICATIONS} 9:55:29.370  [20 ms]   
 onBackgroundUpdates - dispatching custom event QuickFolders.BackgroundUpdate.updateFoldersUI
into chrome://messenger/content/messenger.xhtml quickfolders-util.js:1427:13
09:55:29.371 QuickFolders 9:55:29.371  [1 ms]   
 updateFoldersUI()... quickfolders-util.js:1432:13
09:55:29.371 QuickFolders 9:55:29.371  [0 ms]   
 updateFolders(rebuildCategories: true, minimal: false) - Number of Folders = 253 quickfolders-util.js:1432:13
09:55:29.372 QuickFolders 9:55:29.372  [1 ms]   
 updateQuickFoldersLabel() quickfolders-util.js:1432:13
09:55:29.372 QuickFolders 9:55:29.372  [0 ms]   
 updateCategories() - [19 Categories] quickfolders-util.js:1432:13
09:55:29.380 QuickFolders 9:55:29.380  [8 ms]   
 Error in addFolderButton: folder parameter is empty!
Entry: SC Inbox quickfolders-util.js:1432:13
09:55:29.392 QuickFolders 9:55:29.392  [12 ms]   
 28 of 253 tabs rebuilt [minimalUpdate=false]. quickfolders-util.js:1432:13
09:55:29.392 QuickFolders 9:55:29.392  [0 ms]   
 1 invalid tabs where found!
 Please check with 'Remove Invalid tabs' from the QuickFolders tools menu. quickfolders-util.js:1432:13
09:55:29.392 QuickFolders 9:55:29.392  [0 ms]   
 updateQuickFoldersLabel() quickfolders-util.js:1432:13
09:55:29.698 QuickFolders 9:55:29.698  [306 ms]   
 readStringFile() - Success quickfolders-util.js:1432:13
09:55:29.698 QuickFolders 9:55:29.698  [0 ms]   
 parsed 2 entries quickfolders-util.js:1432:13
09:55:29.698 QuickFolders 9:55:29.698  [0 ms]   
 bookmarks.resetList() quickfolders-util.js:1432:13
09:55:29.698 QuickFolders 9:55:29.698  [0 ms]   
 QuickFolders.bookmarks.update()
isActive = false quickfolders-util.js:1432:13
09:55:29.706 QuickFolders 9:55:29.706  [8 ms]   
 QuickFolders.bookmarks.update()
isActive = true quickfolders-util.js:1432:13
09:55:29.708 QuickFolders 9:55:29.708  [2 ms]   
 readStringFile() - Success quickfolders-util.js:1432:13
09:55:29.708 QuickFolders 9:55:29.708  [0 ms]   
 parsed 2 entries quickfolders-util.js:1432:13
09:55:29.708 QuickFolders 9:55:29.708  [0 ms]   
 bookmarks.resetList() quickfolders-util.js:1432:13
09:55:29.708 QuickFolders 9:55:29.708  [0 ms]   
 QuickFolders.bookmarks.update()
isActive = false quickfolders-util.js:1432:13
09:55:29.709 QuickFolders 9:55:29.709  [1 ms]   
 QuickFolders.bookmarks.update()
isActive = true quickfolders-util.js:1432:13
09:55:29.836 QuickFolders 9:55:29.836  [127 ms]   
 readStringFile() - Success quickfolders-util.js:1432:13
09:55:29.836 QuickFolders 9:55:29.836  [0 ms]   
 parsed 2 entries quickfolders-util.js:1432:13
09:55:29.836 QuickFolders 9:55:29.836  [0 ms]   
 bookmarks.resetList() quickfolders-util.js:1432:13
09:55:29.836 QuickFolders 9:55:29.836  [0 ms]   
 QuickFolders.bookmarks.update()
isActive = false quickfolders-util.js:1432:13
09:55:29.837 QuickFolders 9:55:29.837  [1 ms]   
 QuickFolders.bookmarks.update()
isActive = true quickfolders-util.js:1432:13
09:55:31.078 QuickFolders 9:55:31.78  [1241 ms]   
 util.touch(Github)
1790844931
1/10 9:55:31 quickfolders-util.js:1432:13
09:55:31.080 QuickFolders 9:55:31.80  [2 ms]   
 setFolderUpdateTimer(item): Github quickfolders-util.js:1432:13
09:55:31.080 QuickFolders 9:55:31.80  [0 ms]   
 Folder Tab Select Timer ID: 121 quickfolders-util.js:1432:13
09:55:31.080 QuickFolders 9:55:31.80  [0 ms]   
 Setting Update Timer (after timer 92 expired), new Timer: 121 quickfolders-util.js:1432:13
09:55:31.081 QuickFolders 9:55:31.81  [1 ms]   
 util.touch(Github)
1790844931
1/10 9:55:31 quickfolders-util.js:1432:13
09:55:31.434 QuickFolders 9:55:31.434  [353 ms]   
 util.touch(Github)
1790844931
1/10 9:55:31 quickfolders-util.js:1432:13
09:55:31.437 QuickFolders 9:55:31.437  [3 ms]   
 util.touch(Github)
1790844931
1/10 9:55:31 quickfolders-util.js:1432:13
09:55:32.601 Preferences updates: 
Object { lastActiveCategories: "Daily" }
preferences.mjs:518:17
09:55:32.625 QuickFolders 9:55:32.625  [1188 ms]   
 util.touch(Github)
1790844932
1/10 9:55:32 quickfolders-util.js:1432:13
09:55:32.629 QuickFolders 9:55:32.629  [4 ms]   
 util.touch(Github)
1790844932
1/10 9:55:32 quickfolders-util.js:1432:13
09:55:34.826 QuickFolders 9:55:34.826  [2197 ms]   
 util.touch(Github)
1790844934
1/10 9:55:34 quickfolders-util.js:1432:13
09:55:34.830 QuickFolders 9:55:34.829  [3 ms]   
 util.touch(Github)
1790844934
1/10 9:55:34 quickfolders-util.js:1432:13
09:55:35.611 QuickFolders 9:55:35.611  [782 ms]   
 util.touch(Licenses)
1790844935
1/10 9:55:35 quickfolders-util.js:1432:13
09:55:35.623 QuickFolders 9:55:35.623  [12 ms]   
 util.touch(Licenses)
1790844935
1/10 9:55:35 quickfolders-util.js:1432:13
09:55:36.045 QuickFolders 9:55:36.45  [422 ms]   
 util.touch(Inbox)
1790844936
1/10 9:55:36 quickfolders-util.js:1432:13
09:55:36.049 QuickFolders 9:55:36.49  [4 ms]   
 util.touch(Inbox)
1790844936
1/10 9:55:36 quickfolders-util.js:1432:13
09:55:36.086 QuickFolders 9:55:36.86  [37 ms]   
 util.touch(Inbox)
1790844936
1/10 9:55:36 quickfolders-util.js:1432:13
09:55:36.092 QuickFolders 9:55:36.92  [6 ms]   
 util.touch(Inbox)
1790844936
1/10 9:55:36 quickfolders-util.js:1432:13
09:55:36.360 QuickFolders 9:55:36.360  [268 ms]   
 util.touch(Licenses)
1790844936
1/10 9:55:36 quickfolders-util.js:1432:13
09:55:36.363 QuickFolders 9:55:36.363  [3 ms]   
 util.touch(Licenses)
1790844936
1/10 9:55:36 quickfolders-util.js:1432:13
09:55:36.696 QuickFolders 9:55:36.696  [333 ms]   
 util.touch(Licenses)
1790844936
1/10 9:55:36 quickfolders-util.js:1432:13
09:55:36.707 QuickFolders 9:55:36.707  [11 ms]   
 util.touch(Licenses)
1790844936
1/10 9:55:36 quickfolders-util.js:1432:13
09:55:37.026 QuickFolders 9:55:37.26  [319 ms]   
 util.touch(ATN-Updates)
1790844937
1/10 9:55:37 quickfolders-util.js:1432:13
09:55:37.028 QuickFolders 9:55:37.28  [2 ms]   
 util.touch(ATN-Updates)
1790844937
1/10 9:55:37 quickfolders-util.js:1432:13
09:55:37.244 QuickFolders 9:55:37.244  [216 ms]   
 util.touch(ATN-Updates)
1790844937
1/10 9:55:37 quickfolders-util.js:1432:13
09:55:37.246 QuickFolders 9:55:37.246  [2 ms]   
 util.touch(ATN-Updates)
1790844937
1/10 9:55:37 quickfolders-util.js:1432:13
09:55:37.899 QuickFolders 9:55:37.899  [653 ms]   
 updateQuickFoldersLabel() quickfolders-util.js:1432:13
09:55:38.591 QuickFolders 9:55:38.591  [692 ms]   
 util.touch(Bugzilla)
1790844938
1/10 9:55:38 quickfolders-util.js:1432:13
09:55:38.593 QuickFolders 9:55:38.593  [2 ms]   
 util.touch(Bugzilla)
1790844938
1/10 9:55:38 quickfolders-util.js:1432:13
09:55:38.878 QuickFolders 9:55:38.878  [285 ms]   
 util.touch(Licenses)
1790844938
1/10 9:55:38 quickfolders-util.js:1432:13
09:55:38.887 QuickFolders 9:55:38.887  [9 ms]   
 util.touch(Licenses)
1790844938
1/10 9:55:38 quickfolders-util.js:1432:13
09:55:39.024 WebExtensions: [QuickFolders startup] WindowListener readiness complete {"extensionId":"quickfolders@curious.be","scope":"AddOnNS10","url":"about:3pane","readyState":"complete","tabIndex":0,"firstTab":true,"isAddonActivation":true,"contextUnloaded":false,"elapsedMs":25864,"readinessChecks":11} implementation.js:524
09:55:39.028 WebExtensions: [QuickFolders startup] WindowListener loading registered script {"extensionId":"quickfolders@curious.be","scope":"AddOnNS10","url":"about:3pane","readyState":"complete","tabIndex":0,"firstTab":true,"isAddonActivation":true,"contextUnloaded":false,"elapsedMs":25868,"readinessChecks":11} implementation.js:524
09:55:39.031 WebExtensions: [QuickFolders startup] qf-3pane.js script evaluated {"scope":"AddOnNS10","url":"about:3pane","readyState":"complete","tabIndex":0,"firstTab":true,"hasParentQuickFolders":true,"hasThreadPane":true,"hasPanel":false,"panelParent":null,"display":null,"collapsed":null} qf-3pane.js:19
09:55:39.031 WebExtensions: [QuickFolders startup] waiting for hasDOMContentLoaded {"scope":"AddOnNS10","url":"about:3pane","readyState":"complete","tabIndex":0,"firstTab":true,"hasParentQuickFolders":true,"hasThreadPane":true,"hasPanel":false,"panelParent":null,"display":null,"collapsed":null} qf-3pane.js:19
09:55:39.031 WebExtensions: [QuickFolders startup] injectCurrentFolderBar entered {"scope":"AddOnNS10","url":"about:3pane","readyState":"complete","tabIndex":0,"firstTab":true,"hasParentQuickFolders":true,"hasThreadPane":true,"hasPanel":false,"panelParent":null,"display":null,"collapsed":null,"activatedWhileWindowOpen":true,"isManual":false} qf-3pane.js:19
09:55:39.031 QuickFolders qf-3pane.js - injectCurrentFolderBar() 
 activatedWhileWindowOpen = true
 isManual=false quickfolders-util.js:1455:15
09:55:39.096 QuickFolders 9:55:39.96  [209 ms]   
 util.touch(Github)
1790844939
1/10 9:55:39 quickfolders-util.js:1432:13
09:55:39.100 QuickFolders 9:55:39.100  [4 ms]   
 util.touch(Github)
1790844939
1/10 9:55:39 quickfolders-util.js:1432:13
09:55:39.389 QuickFolders 9:55:39.389  [289 ms]   
 util.touch(Github)
1790844939
1/10 9:55:39 quickfolders-util.js:1432:13
09:55:39.393 QuickFolders 9:55:39.393  [4 ms]   
 util.touch(Github)
1790844939
1/10 9:55:39 quickfolders-util.js:1432:13
09:55:39.439 WebExtensions: injectCurrentFolderBar() early exit, parent document URL==about:3pane qf-3pane.js:496
09:55:39.439 QuickFolders qf-3pane.js - injectCurrentFolderBar() 
 activatedWhileWindowOpen = true
 isManual=false quickfolders-util.js:1455:15
09:55:39.461 QuickFolders 9:55:39.461  [68 ms]   
 util.touch(Github)
1790844939
1/10 9:55:39 quickfolders-util.js:1432:13
09:55:39.466 QuickFolders 9:55:39.466  [5 ms]   
 util.touch(Github)
1790844939
1/10 9:55:39 quickfolders-util.js:1432:13
09:55:39.490 QuickFolders 9:55:39.490  [24 ms]   
 util.touch(Github)
1790844939
1/10 9:55:39 quickfolders-util.js:1432:13
09:55:39.493 QuickFolders 9:55:39.493  [3 ms]   
 util.touch(Github)
1790844939
1/10 9:55:39 quickfolders-util.js:1432:13
09:55:39.759 QuickFolders 9:55:39.759  [266 ms]   
 util.touch(Github)
1790844939
1/10 9:55:39 quickfolders-util.js:1432:13
09:55:39.763 QuickFolders 9:55:39.763  [4 ms]   
 util.touch(Github)
1790844939
1/10 9:55:39 quickfolders-util.js:1432:13
09:55:39.780 QuickFolders 9:55:39.780  [17 ms]   
 util.touch(Github)
1790844939
1/10 9:55:39 quickfolders-util.js:1432:13
09:55:39.783 QuickFolders 9:55:39.783  [3 ms]   
 util.touch(Github)
1790844939
1/10 9:55:39 quickfolders-util.js:1432:13
09:55:40.583 QuickFolders 9:55:40.583  [800 ms]   
 util.touch(facebook)
1790844940
1/10 9:55:40 quickfolders-util.js:1432:13
09:55:40.591 QuickFolders 9:55:40.591  [8 ms]   
 util.touch(facebook)
1790844940
1/10 9:55:40 quickfolders-util.js:1432:13
09:55:40.662 WebExtensions: [QuickFolders startup] preferences readiness {"scope":"AddOnNS10","url":"about:3pane","readyState":"complete","tabIndex":0,"firstTab":true,"hasParentQuickFolders":true,"hasThreadPane":true,"hasPanel":false,"panelParent":null,"display":null,"collapsed":null} qf-3pane.js:19
09:55:40.662 QuickFolders 9:55:40.662  [71 ms]   
 QuickFolders: injecting current folder quickfolders-util.js:1432:13
09:55:40.663 WebExtensions: [QuickFolders startup] utility/license readiness {"scope":"AddOnNS10","url":"about:3pane","readyState":"complete","tabIndex":0,"firstTab":true,"hasParentQuickFolders":true,"hasThreadPane":true,"hasPanel":false,"panelParent":null,"display":null,"collapsed":null} qf-3pane.js:19
09:55:40.663 WebExtensions: [QuickFolders startup] stylesheet readiness {"scope":"AddOnNS10","url":"about:3pane","readyState":"complete","tabIndex":0,"firstTab":true,"hasParentQuickFolders":true,"hasThreadPane":true,"hasPanel":false,"panelParent":null,"display":null,"collapsed":null} qf-3pane.js:19
09:55:40.663 QuickFolders 9:55:40.663  [1 ms]   
 ============INJECT==========
qf-3pane.js onLoad(true) quickfolders-util.js:1432:13
09:55:41.824 QuickFolders 9:55:41.824  [1161 ms]   
 util.touch(Quickfolders)
1790844941
1/10 9:55:41 quickfolders-util.js:1432:13
09:55:41.831 QuickFolders 9:55:41.831  [7 ms]   
 util.touch(Quickfolders)
1790844941
1/10 9:55:41 quickfolders-util.js:1432:13
09:55:42.291 WebExtensions: [QuickFolders startup] markup injection / container readiness {"scope":"AddOnNS10","url":"about:3pane","readyState":"complete","tabIndex":0,"firstTab":true,"hasParentQuickFolders":true,"hasThreadPane":true,"hasPanel":false,"panelParent":null,"display":null,"collapsed":null} qf-3pane.js:19
09:55:42.291 QuickFolders [QuickFolders Navigation Bar] [QuickFolders 3pane] about:3pane PRE-inject: threadPane EXISTS (childCount=10) quickfolders-util.js:1455:15
09:55:42.291 QuickFolders [QuickFolders Navigation Bar] [QuickFolders 3pane] about:3pane threadPane children: div#threadPaneHeaderBar, template#searchBarTemplate, div#quick-filter-bar, xul:menupopup#quickFilterButtonsContext, tree-view#threadTree, template#threadPaneApplyColumnMenu, template#threadPaneApplyViewMenu, template#threadPaneRowTemplate, template#threadPaneCardTemplate, div#threadPaneNotificationBox quickfolders-util.js:1455:15
09:55:42.292 WebExtensions: [QuickFolders startup] injector {"scope":"AddOnNS10","url":"about:3pane","readyState":"complete","tabIndex":0,"firstTab":true,"hasParentQuickFolders":true,"hasThreadPane":true,"hasPanel":false,"panelParent":null,"display":null,"collapsed":null,"hasWL":true,"hasInjectElements":true,"mode":"automatic"} qf-3pane.js:19
09:55:42.292 WebExtensions: Using WindowListener:injectElements qf-3pane.js:178
09:55:42.292 WebExtensions: Injecting into root document: implementation.js:767
09:55:42.292 QuickFolders [QuickFolders Navigation Bar] Injection path: WindowListener (WL) quickfolders-util.js:1455:15
09:55:42.294 WebExtensions: 
Array [ div#threadPane ]
implementation.js:647
09:55:42.294 WebExtensions: div#threadPane is an existing container, injecting into threadPane implementation.js:718
09:55:42.294 WebExtensions: 
Array [ hbox#QuickFolders-PreviewToolbarPanel.QuickFolders-NavigationPanel.quickFoldersToolbar ]
implementation.js:647
09:55:42.294 WebExtensions: hbox#QuickFolders-PreviewToolbarPanel: append to threadPane implementation.js:758
09:55:42.297 WebExtensions: [QuickFolders startup] positioning and visibility {"scope":"AddOnNS10","url":"about:3pane","readyState":"complete","tabIndex":0,"firstTab":true,"hasParentQuickFolders":true,"hasThreadPane":true,"hasPanel":true,"panelParent":"threadPane","display":"","collapsed":null} qf-3pane.js:19
09:55:42.297 QuickFolders [QuickFolders Navigation Bar] WL.injectElements done - panel in DOM: true, panel parent: threadPane quickfolders-util.js:1455:15
09:55:42.297 QuickFolders [QuickFolders Navigation Bar] about:3pane - injection result: true true quickfolders-util.js:1455:15
09:55:42.298 QuickFolders 9:55:42.298  [467 ms]   
 liftNavigationbar() quickfolders-util.js:1432:13
09:55:42.298 [QF liftNavBar] navigationContainer: FOUND, parent: #threadPane content URL: about:3pane quickfolders-interface.js:1505:15
09:55:42.298 [QF liftNavBar] about:3pane — viewMode=classic, #threadPane count=1, querySelector→parent=#paneLayout quickfolders-interface.js:1529:21
09:55:42.298 QuickFolders {3PANE} 9:55:42.298  [0 ms]   
 liftNavigationbar() - viewMode=classic 
<div id="threadPane" style="height: 283.4px !important;">
quickfolders-util.js:1427:13
09:55:42.298 [QF liftNavBar] after move — panel parent: #threadPane, panel===in threadPane: true quickfolders-interface.js:1552:21
09:55:42.299 QuickFolders {INTERFACE.CURRENTFOLDERBAR} 9:55:42.299  [1 ms]   
 updateNavigationBar() - chrome://messenger/content/messenger.xhtml 
HTMLDocument about:3pane
quickfolders-util.js:1427:13
09:55:42.299 QuickFolders {INTERFACE.CURRENTFOLDERBAR} 9:55:42.299  [0 ms]   
 3pane type = undefined, URL= about:3pane, win = [object Window], tabOrWindow= [object Object], folder name= Steam quickfolders-util.js:1427:13
09:55:42.317 QuickFolders {INTERFACE.CURRENTFOLDERBAR} 9:55:42.317  [18 ms]   
 initCurrentFolderTab(Steam)
tabMode: mail3PaneTab -  tabindex: 0 
<tab class="tabmail-tab" is="tabmail-tab" crop="end" context="tabContextMenu" linkedpanel="mail3PaneTab1" label="Inbox - my gmail" type="undefined" selected visuallyselected>
quickfolders-util.js:1427:13
09:55:42.679 QuickFolders {INTERFACE.CURRENTFOLDERBAR,3PANE} 9:55:42.679  [362 ms]   
 hoistCurrentFolderBar(tabMode: mail3PaneTab) quickfolders-util.js:1427:13
09:55:42.680 WebExtensions: [QuickFolders 3pane] displayNavigationToolbar: isShowCurrentFolderToolbar(windowMode="") = true — bar will be SHOWN qf-3pane.js:808
09:55:42.680 QuickFolders {INTERFACE.CURRENTFOLDERBAR} 9:55:42.680  [1 ms]   
 displayNavigationToolbar(visible=true, selector=) quickfolders-util.js:1427:13
09:55:42.680 QuickFolders {INTERFACE.CURRENTFOLDERBAR} 9:55:42.680  [0 ms]   
 win=chrome://messenger/content/messenger.xhtml
document=about:3pane quickfolders-util.js:1427:13
09:55:42.680 QuickFolders {INTERFACE.CURRENTFOLDERBAR} 9:55:42.680  [0 ms]   
 |===========================================================|
| currentFolderBar.style.display = 
|===========================================================|
visible = true quickfolders-util.js:1427:13
09:55:42.680 [QuickFolders startup] visibility applied {"url":"about:3pane","display":"flex","collapsed":false} quickfolders-interface.js:9696:21
09:55:42.680 QuickFolders {INTERFACE.CURRENTFOLDERBAR} 9:55:42.680  [0 ms]   
 Effected display of current folder bar = flex quickfolders-util.js:1427:13
09:55:42.681 QuickFolders {INTERFACE.CURRENTFOLDERBAR} 9:55:42.681  [1 ms]   
 updateNavigationBar() - chrome://messenger/content/messenger.xhtml 
HTMLDocument about:3pane
quickfolders-util.js:1427:13
09:55:42.681 QuickFolders {INTERFACE.CURRENTFOLDERBAR} 9:55:42.681  [0 ms]   
 3pane type = undefined, URL= about:3pane, win = [object Window], tabOrWindow= [object Object], folder name= Steam quickfolders-util.js:1427:13
09:55:42.782 WebExtensions: [QuickFolders startup] initialization complete {"scope":"AddOnNS10","url":"about:3pane","readyState":"complete","tabIndex":0,"firstTab":true,"hasParentQuickFolders":true,"hasThreadPane":true,"hasPanel":true,"panelParent":"threadPane","display":"flex","collapsed":null} qf-3pane.js:19
09:55:44.596 QuickFolders 9:55:44.596  [1915 ms]   
 util.touch(Epoch Times)
1790844944
1/10 9:55:44 quickfolders-util.js:1432:13
09:55:44.600 QuickFolders 9:55:44.600  [4 ms]   
 util.touch(Epoch Times)
1790844944
1/10 9:55:44 quickfolders-util.js:1432:13
09:55:45.048 =========================
BACKGROUND LISTENER received: updateQuickFilters
========================= qf-background.js:1701:15
09:55:45.048 Notification handler of moz-extension://3898ae4d-7307-4e8f-bab7-613f45545d7f/ 
Object { func: "updateQuickFilters" }
qf-background.js:1187:13
09:55:45.048 [QF background] updateQuickFilters received — sending injectButtonsQFNavigationBar to quickFilters 
Object { licenseStatus: "Valid", licenseType: 0 }
qf-background.js:1530:19
09:55:45.080 QuickFolders 9:55:45.80  [480 ms]   
 updateFolders(rebuildCategories: false, minimal: true) - Number of Folders = 253 quickfolders-util.js:1432:13
09:55:45.089 QuickFolders 9:55:45.89  [9 ms]   
 28 of 253 tabs refreshed on toolbar [minimalUpdate]. quickfolders-util.js:1432:13
09:55:45.089 QuickFolders 9:55:45.89  [0 ms]   
 1 invalid tabs where found!
 Please check with 'Remove Invalid tabs' from the QuickFolders tools menu. quickfolders-util.js:1432:13
09:55:45.092 QuickFolders 9:55:45.92  [3 ms]   
 updateQuickFoldersLabel() quickfolders-util.js:1432:13
09:55:45.172 QuickFolders 9:55:45.172  [80 ms]   
 updateFolders(rebuildCategories: false, minimal: true) - Number of Folders = 253 quickfolders-util.js:1432:13
09:55:45.179 QuickFolders 9:55:45.179  [7 ms]   
 28 of 253 tabs refreshed on toolbar [minimalUpdate]. quickfolders-util.js:1432:13
09:55:45.179 QuickFolders 9:55:45.179  [0 ms]   
 1 invalid tabs where found!
 Please check with 'Remove Invalid tabs' from the QuickFolders tools menu. quickfolders-util.js:1432:13
09:55:45.179 QuickFolders 9:55:45.179  [0 ms]   
 updateQuickFoldersLabel() quickfolders-util.js:1432:13
09:55:45.206 [QF background] injectButtonsQFNavigationBar response: undefined qf-background.js:1541:23
09:55:45.208 =========================
BACKGROUND LISTENER received: getQuickFiltersPref
========================= qf-background.js:1701:15
09:55:45.208 Notification handler of moz-extension://3898ae4d-7307-4e8f-bab7-613f45545d7f/ 
Object { func: "getQuickFiltersPref", key: "autoStart" }
qf-background.js:1187:13
09:55:45.438 1790844945438	addons.webextension.{a300a000-5e21-4ee0-a115-9ec8f4eaa92b}	WARN	Loading extension '{a300a000-5e21-4ee0-a115-9ec8f4eaa92b}': Reading manifest: Warning processing locales: An unexpected property was found in the WebExtension manifest.
09:55:45.438 1790844945438	addons.webextension.{a300a000-5e21-4ee0-a115-9ec8f4eaa92b}	WARN	Loading extension '{a300a000-5e21-4ee0-a115-9ec8f4eaa92b}': Reading manifest: Warning processing chrome_injectors: An unexpected property was found in the WebExtension manifest.
09:55:45.633 1790844945633	addons.webextension.{61A64500-335C-418D-8FCB-E072A9ABF3DA}	WARN	Loading extension '{61A64500-335C-418D-8FCB-E072A9ABF3DA}': Reading manifest: Warning processing version: version must be a version string consisting of at most 4 integers of at most 9 digits without leading zeros, and separated with dots
09:55:45.664 1790844945664	addons.webextension.quickFilters@axelg.com	WARN	Loading extension 'quickFilters@axelg.com': Reading manifest: Warning processing version: version must be a version string consisting of at most 4 integers of at most 9 digits without leading zeros, and separated with dots
09:55:45.690 1790844945690	addons.webextension.smarttemplate4@thunderbird.extension	WARN	Loading extension 'smarttemplate4@thunderbird.extension': Reading manifest: Warning processing version: version must be a version string consisting of at most 4 integers of at most 9 digits without leading zeros, and separated with dots
09:55:45.696 1790844945696	addons.webextension.quickfolders@curious.be	WARN	Loading extension 'quickfolders@curious.be': Reading manifest: Warning processing version: version must be a version string consisting of at most 4 integers of at most 9 digits without leading zeros, and separated with dots
09:56:03.519 QuickFolders {INTERFACE.CURRENTFOLDERBAR} 9:56:3.519  [18340 ms]   
 initCurrentFolderTab(Inbox)
tabMode: mail3PaneTab -  tabindex: n/a undefined quickfolders-util.js:1427:13
09:56:03.524 QuickFolders {INTERFACE.CURRENTFOLDERBAR,3PANE} 9:56:3.524  [5 ms]   
 hoistCurrentFolderBar(tabMode: mail3PaneTab) quickfolders-util.js:1427:13
09:56:03.534 QuickFolders {INTERFACE.CURRENTFOLDERBAR} 9:56:3.534  [10 ms]   
 initCurrentFolderTab(Steam)
tabMode: mail3PaneTab -  tabindex: n/a undefined quickfolders-util.js:1427:13
09:56:03.539 QuickFolders {INTERFACE.CURRENTFOLDERBAR,3PANE} 9:56:3.539  [5 ms]   
 hoistCurrentFolderBar(tabMode: mail3PaneTab) quickfolders-util.js:1427:13
09:56:03.607 QuickFolders 9:56:3.607  [68 ms]   
 updateQuickFoldersLabel() quickfolders-util.js:1432:13
09:56:03.608 QuickFolders {INTERFACE.CURRENTFOLDERBAR} 9:56:3.608  [1 ms]   
 initCurrentFolderTab(Inbox)
tabMode: mail3PaneTab -  tabindex: n/a undefined quickfolders-util.js:1427:13
09:56:03.619 QuickFolders {INTERFACE.CURRENTFOLDERBAR,3PANE} 9:56:3.619  [11 ms]   
 hoistCurrentFolderBar(tabMode: mail3PaneTab) quickfolders-util.js:1427:13
09:56:03.636 [issue 351] TB115 - to do: QuickFolders_MySelectFolder(): toggleRow for parent folder: [object HTMLLIElement] quickfolders-util.js:1437:13
09:56:15.060 QuickFolders 9:56:15.60  [11441 ms]   
 resetQuickFilter() for 3pane window: 
ChromeWindow about:3pane
quickfolders-util.js:1432:13
09:56:15.060 QuickFolders 9:56:15.60  [0 ms]   
 search text edited manually - no reset! quickfolders-util.js:1432:13
09:56:15.188 QuickFolders 9:56:15.188  [128 ms]   
 setFolderUpdateTimer(item): Inbox quickfolders-util.js:1432:13
09:56:15.189 QuickFolders 9:56:15.188  [0 ms]   
 Folder Tab Select Timer ID: 163 quickfolders-util.js:1432:13
09:56:15.189 QuickFolders 9:56:15.189  [1 ms]   
 Setting Update Timer (after timer 121 expired), new Timer: 163 quickfolders-util.js:1432:13
09:56:15.189 QuickFolders {INTERFACE.CURRENTFOLDERBAR} 9:56:15.189  [0 ms]   
 initCurrentFolderTab(Inbox)
tabMode: mail3PaneTab -  tabindex: n/a undefined quickfolders-util.js:1427:13
09:56:15.189 QuickFolders {INTERFACE.CURRENTFOLDERBAR,3PANE} 9:56:15.189  [0 ms]   
 hoistCurrentFolderBar(tabMode: mail3PaneTab) quickfolders-util.js:1427:13
09:56:15.720 QuickFolders 9:56:15.720  [531 ms]   
 updateFolders(rebuildCategories: false, minimal: true) - Number of Folders = 253 quickfolders-util.js:1432:13
09:56:15.730 QuickFolders 9:56:15.730  [10 ms]   
 28 of 253 tabs refreshed on toolbar [minimalUpdate]. quickfolders-util.js:1432:13
09:56:15.731 QuickFolders 9:56:15.731  [1 ms]   
 1 invalid tabs where found!
 Please check with 'Remove Invalid tabs' from the QuickFolders tools menu. quickfolders-util.js:1432:13
09:56:15.731 QuickFolders 9:56:15.731  [0 ms]   
 updateQuickFoldersLabel() quickfolders-util.js:1432:13
09:56:42.311 {LISTENERS.TABMAIL} select category Daily quickfolders-tablistener.js:42:21
09:56:42.311 QuickFolders {INTERFACE.CURRENTFOLDERBAR} 9:56:42.311  [26580 ms]   
 initCurrentFolderTab(Roberto)
tabMode: mailMessageTab -  tabindex: n/a 
Object { first: false, mode: {…}, busy: false, canClose: true, thinking: false, favIconUrl: "chrome://messenger/skin/icons/new/compact/draft.svg", _ext: {…}, selected: Getter, tabId: 1, tabNode: tab.tabmail-tab, … }
quickfolders-util.js:1427:13
09:56:42.313 QuickFolders {INTERFACE.CURRENTFOLDERBAR,3PANE} 9:56:42.313  [2 ms]   
 hoistCurrentFolderBar(tabMode: mailMessageTab) quickfolders-util.js:1427:13
09:56:42.314 QuickFolders 9:56:42.314  [1 ms]   
 Tab Select Timer prepared - ID: 172 quickfolders-util.js:1432:13
09:56:42.315
Object { tabId: 2, windowId: 1, previousTabId: 1 }
qf-background.js:1044:15
09:56:42.580 QuickFolders 9:56:42.580  [266 ms]   
 updateQuickFoldersLabel() quickfolders-util.js:1432:13
09:56:42.581 QuickFolders {INTERFACE.CURRENTFOLDERBAR} 9:56:42.581  [1 ms]   
 initCurrentFolderTab(Roberto)
tabMode: mailMessageTab -  tabindex: n/a undefined quickfolders-util.js:1427:13
09:56:42.587 QuickFolders {INTERFACE.CURRENTFOLDERBAR,3PANE} 9:56:42.587  [6 ms]   
 hoistCurrentFolderBar(tabMode: mailMessageTab) quickfolders-util.js:1427:13
09:56:43.535 QuickFolders 9:56:43.535  [948 ms]   
 Folder Select Timer prepared - ID: 177 quickfolders-util.js:1432:13
09:56:43.543
Object { tabId: 1, windowId: 1, previousTabId: 2 }
qf-background.js:1044:15
09:56:43.703 QuickFolders 9:56:43.703  [168 ms]   
 updateQuickFoldersLabel() quickfolders-util.js:1432:13
09:56:43.704 QuickFolders {INTERFACE.CURRENTFOLDERBAR} 9:56:43.704  [1 ms]   
 initCurrentFolderTab(Inbox)
tabMode: mail3PaneTab -  tabindex: n/a undefined quickfolders-util.js:1427:13
09:56:43.710 QuickFolders {INTERFACE.CURRENTFOLDERBAR,3PANE} 9:56:43.710  [6 ms]   
 hoistCurrentFolderBar(tabMode: mail3PaneTab) quickfolders-util.js:1427:13
09:57:01.573 Key event not available on some keyboard layouts: key=“s” modifiers=“accel,alt” id=“” messenger.xhtml
09:57:01.573 Key event not available on some keyboard layouts: key=“n” modifiers=“accel,alt” id=“” messenger.xhtml
09:57:01.573 Key event not available on some keyboard layouts: key=“o” modifiers=“accel,alt” id=“” messenger.xhtml
09:57:01.573 Key event not available on some keyboard layouts: key=“r” modifiers=“accel,alt” id=“” messenger.xhtml
09:57:02.953 Missing resource in locale de: devtools/client/toolbox.ftl
09:57:02.958 Missing resource in locale it: devtools/client/toolbox.ftl
