1790498983863	addons.xpi	WARN	Checking C:\Program Files\Mozilla Thunderbird\distribution\extensions for addons
1790499004294	addons.webextension.{a300a000-5e21-4ee0-a115-9ec8f4eaa92b}	WARN	Loading extension '{a300a000-5e21-4ee0-a115-9ec8f4eaa92b}': Reading manifest: Warning processing locales: An unexpected property was found in the WebExtension manifest.
1790499004294	addons.webextension.{a300a000-5e21-4ee0-a115-9ec8f4eaa92b}	WARN	Loading extension '{a300a000-5e21-4ee0-a115-9ec8f4eaa92b}': Reading manifest: Warning processing chrome_injectors: An unexpected property was found in the WebExtension manifest.
1790499004516	addons.webextension.{61A64500-335C-418D-8FCB-E072A9ABF3DA}	WARN	Loading extension '{61A64500-335C-418D-8FCB-E072A9ABF3DA}': Reading manifest: Warning processing version: version must be a version string consisting of at most 4 integers of at most 9 digits without leading zeros, and separated with dots
1790499004536	addons.webextension.quickFilters@axelg.com	WARN	Loading extension 'quickFilters@axelg.com': Reading manifest: Warning processing version: version must be a version string consisting of at most 4 integers of at most 9 digits without leading zeros, and separated with dots
1790499004559	addons.webextension.smarttemplate4@thunderbird.extension	WARN	Loading extension 'smarttemplate4@thunderbird.extension': Reading manifest: Warning processing version: version must be a version string consisting of at most 4 integers of at most 9 digits without leading zeros, and separated with dots
[gdataUI] Future modules will load with version 128.5.12 gdataUI.sys.mjs:27:11
Calendar manager initialised calendars before loadCalendarComponent ran on the first 3pane window. This should not happen. calendar-chrome-startup.js:40:13
1790499021497	addons.xpi-utils	WARN	Add-on {2bc419d0-6cf3-11da-8494-000a95be0946} is not compatible with application version.
1790499021498	addons.xpi-utils	WARN	Add-on lookout@s3_fix_version is not compatible with application version.
1790499021509	addons.xpi-utils	WARN	Add-on {2bc419d0-6cf3-11da-8494-000a95be0946} is not compatible with application version.
1790499021509	addons.xpi-utils	WARN	Add-on lookout@s3_fix_version is not compatible with application version.
This page is in Quirks Mode. Page layout may be impacted. For Standards Mode use “<!DOCTYPE html>”. background.html
Synchronous XMLHttpRequest on the main thread is deprecated because of its detrimental effects to the end user’s experience. For more help https://xhr.spec.whatwg.org/#sync-warning utils.js:45:7
Object { Util: {…}, Preferences: {…}, extractSignature: extractSignature(), insertTemplate: insertTemplate(), readSignatureFile: readSignatureFile(), resetDocument: resetDocument(), Parser: Parser(), composer: {}, Sig: {}, prefs: {…}, … }
 
Object { composers: Map(0) }
st-background.js:17:9
SmartTemplates Background started st-util.mjs.js:39:13
1790499026630	addons.webextension.{a300a000-5e21-4ee0-a115-9ec8f4eaa92b}	WARN	Loading extension '{a300a000-5e21-4ee0-a115-9ec8f4eaa92b}': Reading manifest: Warning processing locales: An unexpected property was found in the WebExtension manifest.
1790499026630	addons.webextension.{a300a000-5e21-4ee0-a115-9ec8f4eaa92b}	WARN	Loading extension '{a300a000-5e21-4ee0-a115-9ec8f4eaa92b}': Reading manifest: Warning processing chrome_injectors: An unexpected property was found in the WebExtension manifest.
1790499026632	addons.webextension.{a300a000-5e21-4ee0-a115-9ec8f4eaa92b}	WARN	Loading extension '{a300a000-5e21-4ee0-a115-9ec8f4eaa92b}': Reading manifest: Warning processing locales: An unexpected property was found in the WebExtension manifest.
1790499026633	addons.webextension.{a300a000-5e21-4ee0-a115-9ec8f4eaa92b}	WARN	Loading extension '{a300a000-5e21-4ee0-a115-9ec8f4eaa92b}': Reading manifest: Warning processing chrome_injectors: An unexpected property was found in the WebExtension manifest.
1790499027336	addons.webextension.quickFilters@axelg.com	WARN	Loading extension 'quickFilters@axelg.com': Reading manifest: Warning processing version: version must be a version string consisting of at most 4 integers of at most 9 digits without leading zeros, and separated with dots
1790499027494	addons.webextension.smarttemplate4@thunderbird.extension	WARN	Loading extension 'smarttemplate4@thunderbird.extension': Reading manifest: Warning processing version: version must be a version string consisting of at most 4 integers of at most 9 digits without leading zeros, and separated with dots
1790499027500	addons.webextension.{61A64500-335C-418D-8FCB-E072A9ABF3DA}	WARN	Loading extension '{61A64500-335C-418D-8FCB-E072A9ABF3DA}': Reading manifest: Warning processing version: version must be a version string consisting of at most 4 integers of at most 9 digits without leading zeros, and separated with dots
1790499027604	addons.webextension.{a300a000-5e21-4ee0-a115-9ec8f4eaa92b}	WARN	Loading extension '{a300a000-5e21-4ee0-a115-9ec8f4eaa92b}': Reading manifest: Warning processing locales: An unexpected property was found in the WebExtension manifest.
1790499027604	addons.webextension.{a300a000-5e21-4ee0-a115-9ec8f4eaa92b}	WARN	Loading extension '{a300a000-5e21-4ee0-a115-9ec8f4eaa92b}': Reading manifest: Warning processing chrome_injectors: An unexpected property was found in the WebExtension manifest.
1790499027606	addons.webextension.{a300a000-5e21-4ee0-a115-9ec8f4eaa92b}	WARN	Loading extension '{a300a000-5e21-4ee0-a115-9ec8f4eaa92b}': Reading manifest: Warning processing locales: An unexpected property was found in the WebExtension manifest.
1790499027606	addons.webextension.{a300a000-5e21-4ee0-a115-9ec8f4eaa92b}	WARN	Loading extension '{a300a000-5e21-4ee0-a115-9ec8f4eaa92b}': Reading manifest: Warning processing chrome_injectors: An unexpected property was found in the WebExtension manifest.
WebExtensions: TypeError: can't access property "URI", folder is null
    set chrome://messenger/content/mailTabs.js:168
    maybeSelectLastFolder jar:file:///E:/Mail/dd9jwla2n.axel/extensions/owl@beonex.com.xpi!/webapi/webaccount/webaccount.js:517
    runAsync jar:file:///E:/Mail/dd9jwla2n.axel/extensions/owl@beonex.com.xpi!/webapi/webaccount/webaccount.js:112
webaccount.js:114
uncaught exception: Trying to load untrusted URI.: jar:file:///E:/Mail/dd9jwla2n.axel/extensions/%7Ba300a000-5e21-4ee0-a115-9ec8f4eaa92b%7D.xpi!/defaults/preferences/removedupes.js
WebExtensions: [QuickFolders startup] WindowListener load requested {"extensionId":"quickfolders@curious.be","scope":"AddOnNS10","url":"about:3pane","readyState":"interactive","tabIndex":0,"firstTab":true,"isAddonActivation":true,"contextUnloaded":false} implementation.js:512
[#697] About to call cache.init() at 2026-09-27T08:50:27.952Z quickfolders-preferences.js:655:9
[#697] Cache init starting at 2026-09-27T08:50:27.952Z quickfolders-preferences.js:588:15
1790499028134	addons.webextension.quickFilters@axelg.com	WARN	Loading extension 'quickFilters@axelg.com': Reading manifest: Warning processing version: version must be a version string consisting of at most 4 integers of at most 9 digits without leading zeros, and separated with dots
1790499028184	addons.webextension.{61A64500-335C-418D-8FCB-E072A9ABF3DA}	WARN	Loading extension '{61A64500-335C-418D-8FCB-E072A9ABF3DA}': Reading manifest: Warning processing version: version must be a version string consisting of at most 4 integers of at most 9 digits without leading zeros, and separated with dots
1790499028195	addons.webextension.smarttemplate4@thunderbird.extension	WARN	Loading extension 'smarttemplate4@thunderbird.extension': Reading manifest: Warning processing version: version must be a version string consisting of at most 4 integers of at most 9 digits without leading zeros, and separated with dots
Creating FiltaQuilla menus... filtaquilla-background.js:842:15
FiltaQuilla (toneQuillaPlay module)
File already exists: E:\Mail\dd9jwla2n.axel\extensions\filtaquilla\applause.ogg
Finished setting up license startup code qf-background.js:901:13
QuickFolders: Waiting 5000ms for mailTabs to be ready... qf-background.js:969:15
FiltaQuilla (toneQuillaPlay module)
File already exists: E:\Mail\dd9jwla2n.axel\extensions\filtaquilla\duogourd.ogg
Menus created. filtaquilla-background.js:927:15
FiltaQuilla (toneQuillaPlay module)
File already exists: E:\Mail\dd9jwla2n.axel\extensions\filtaquilla\Freedom.ogg
[#697] Cache init completed at 2026-09-27T08:50:28.562Z quickfolders-preferences.js:633:15
=========================
BACKGROUND LISTENER received: getStorageStartupStatus
========================= qf-background.js:1696:15
Preferences onChanged: 
Object { settings: {…} }
preferences.mjs:317:17
Preferences updates: 
Object { "license.gracePeriodDate": "2026-09-27" }
preferences.mjs:346:17
FiltaQuilla (toneQuillaPlay module)
File already exists: E:\Mail\dd9jwla2n.axel\extensions\filtaquilla\nightingale.ogg
QuickFolders [logTime init]
 Adding QuickFolders Search Panel ... quickfolders-util.js:1432:13
=========================
BACKGROUND LISTENER received: getLicenseInfo
========================= qf-background.js:1696:15
Notification handler of moz-extension://3898ae4d-7307-4e8f-bab7-613f45545d7f/ 
Object { func: "getLicenseInfo" }
qf-background.js:1182:13
FiltaQuilla (toneQuillaPlay module)
File already exists: E:\Mail\dd9jwla2n.axel\extensions\filtaquilla\squishbeat.ogg
WebExtensions: quickFilters exp API: Utilities.getAPI() called implementation.js:14
WebExtensions: quickFilters logDebug (early): startup listeners, ready to call updatequickFiltersLabel
startup result: unblock startup for quickFilters in main() implementation.js:32
=========================
BACKGROUND LISTENER received: getPlatformInfo
========================= qf-background.js:1696:15
Notification handler of moz-extension://3898ae4d-7307-4e8f-bab7-613f45545d7f/ 
Object { func: "getPlatformInfo" }
qf-background.js:1182:13
FiltaQuilla (toneQuillaPlay module)
File already exists: E:\Mail\dd9jwla2n.axel\extensions\filtaquilla\TheBrightestStar.ogg
WebExtensions: quickFilters: messenger.onLoad() qFi-messenger.js:29
WebExtensions: WL handleEvent (loadIntoWindow) context: 
Object { isTopContext: true, viewType: "background", envType: "addon_parent", onClose: Set(13), checkedLastError: false, _lastError: null, contextId: 33, unloaded: false, extension: {…}, manifestVersion: 2, … }
implementation.js:744
FiltaQuilla (toneQuillaPlay module)
File already exists: E:\Mail\dd9jwla2n.axel\extensions\filtaquilla\squeak.wav
=========================
BACKGROUND LISTENER received: getBrowserInfo
========================= qf-background.js:1696:15
Notification handler of moz-extension://3898ae4d-7307-4e8f-bab7-613f45545d7f/ 
Object { func: "getBrowserInfo" }
qf-background.js:1182:13
FiltaQuilla (toneQuillaPlay module)
File already exists: E:\Mail\dd9jwla2n.axel\extensions\filtaquilla\notify-1.wav
Preferences onChanged: 
Object {  }
preferences.mjs:317:17
FiltaQuilla (toneQuillaPlay module)
File already exists: E:\Mail\dd9jwla2n.axel\extensions\filtaquilla\pour-1.wav
FiltaQuilla (toneQuillaPlay module)
File already exists: E:\Mail\dd9jwla2n.axel\extensions\filtaquilla\maybe-one-day-584.ogg
WebExtensions: quickFilters: pref cache ready qFi-messenger.js:31
Manually calling notifyTools.enable() is no longer needed. notifyTools.js:145:13
FiltaQuilla (toneQuillaPlay module)
File already exists: E:\Mail\dd9jwla2n.axel\extensions\filtaquilla\hold-your-horses-468.ogg
FiltaQuilla (toneQuillaPlay module)
File already exists: E:\Mail\dd9jwla2n.axel\extensions\filtaquilla\scratch-389.ogg
Preferences onChanged: 
Object { settings: {…}, debug: {…}, accounts: {…} }
preferences.mjs:317:17
Accounts data updated: 
Object {  }
preferences.mjs:340:19
FiltaQuilla (toneQuillaPlay module)
File already exists: E:\Mail\dd9jwla2n.axel\extensions\filtaquilla\your-turn-491.ogg
=========================
BACKGROUND LISTENER received: getAddonInfo
========================= qf-background.js:1696:15
Notification handler of moz-extension://3898ae4d-7307-4e8f-bab7-613f45545d7f/ 
Object { func: "getAddonInfo" }
qf-background.js:1182:13
FiltaQuilla (toneQuillaPlay module)
File already exists: E:\Mail\dd9jwla2n.axel\extensions\filtaquilla\knob-458.ogg
FiltaQuilla (toneQuillaPlay module)
File already exists: E:\Mail\dd9jwla2n.axel\extensions\filtaquilla\worthwhile-438.ogg
QuickFolders {NOTIFICATIONS} 9:50:29.472  [847 ms]   
 
Object { platformInfo: {…}, browserInfo: {…}, addonInfo: {…} }
quickfolders-util.js:1427:13
QuickFolders 9:50:29.474  [2 ms]   
 Adding Folder Listener... quickfolders-util.js:1432:13
QuickFolders 9:50:29.477  [3 ms]   
 restore categories from tab session quickfolders-util.js:1432:13
QuickFolders readTabCategorySession() quickfolders-util.js:1455:15
QuickFolders 9:50:29.479  [2 ms]   
 QuickFolders UI patching in window: chrome://messenger/content/messenger.xhtml quickfolders-util.js:1432:13
QuickFolders 9:50:29.479  [0 ms]   
 injecting quickfolders-143.css ... quickfolders-util.js:1432:13
FiltaQuilla (toneQuillaPlay module)
File already exists: E:\Mail\dd9jwla2n.axel\extensions\filtaquilla\scissors-423.ogg
=========================
BACKGROUND LISTENER received: addFolderPaneMenu
========================= qf-background.js:1696:15
Notification handler of moz-extension://3898ae4d-7307-4e8f-bab7-613f45545d7f/ 
Object { func: "addFolderPaneMenu" }
qf-background.js:1182:13
=========================
BACKGROUND LISTENER received: initActionButton
========================= qf-background.js:1696:15
Notification handler of moz-extension://3898ae4d-7307-4e8f-bab7-613f45545d7f/ 
Object { func: "initActionButton" }
qf-background.js:1182:13
=========================
BACKGROUND LISTENER received: listenersReady
========================= qf-background.js:1696:15
Notification handler of moz-extension://3898ae4d-7307-4e8f-bab7-613f45545d7f/ 
Object { func: "listenersReady" }
qf-background.js:1182:13
=========================
BACKGROUND LISTENER received: readCategories
========================= qf-background.js:1696:15
Notification handler of moz-extension://3898ae4d-7307-4e8f-bab7-613f45545d7f/ 
Object { func: "readCategories", tabId: 1 }
qf-background.js:1182:13
WebExtensions: 
<li class="extension-action" item-id="ext-quickfolders@curious.be" is="customizable-element" style='--webextension-icon: ima…32.svg") 2x\n        );' aria-pressed="true">
implementation.js:502
QuickFolders 9:50:29.735  [256 ms]   
 toggleToolbarAction() quickfolders-util.js:1432:13
=========================
BACKGROUND LISTENER received: storeToolbarStatus
========================= qf-background.js:1696:15
Notification handler of moz-extension://3898ae4d-7307-4e8f-bab7-613f45545d7f/ 
Object { func: "storeToolbarStatus", tabId: 1, status: '{"mainVisibleState":true}' }
qf-background.js:1182:13
QuickFolders 9:50:29.869  [134 ms]   
 readTabCategorySession - for tabId[1] returned Daily quickfolders-util.js:1432:13
QuickFolders readTabToolbarSession() quickfolders-util.js:1455:15
=========================
BACKGROUND LISTENER received: readToolbarStatus
========================= qf-background.js:1696:15
Notification handler of moz-extension://3898ae4d-7307-4e8f-bab7-613f45545d7f/ 
Object { func: "readToolbarStatus", tabId: 1 }
qf-background.js:1182:13
QuickFolders 9:50:30.425  [556 ms]   
 updateQuickFoldersLabel() quickfolders-util.js:1432:13
WebExtensions: WL handleEvent (loadIntoWindow) context: 
Object { isTopContext: true, viewType: "background", envType: "addon_parent", onClose: Set(13), checkedLastError: false, _lastError: null, contextId: 33, unloaded: false, extension: {…}, manifestVersion: 2, … }
implementation.js:744
QuickFolders qf-3pane.js - injectCurrentFolderBar() 
 activatedWhileWindowOpen = true
 isManual=false quickfolders-util.js:1455:15
QuickFolders: mailTabs.getCurrent() failed or timed out Error: mailTabs.getCurrent() timed out
    timeoutPromise moz-extension://3898ae4d-7307-4e8f-bab7-613f45545d7f/qf-background.js:838
qf-background.js:848:13
QuickFolders: ready to start WindowListener. qf-background.js:851:13
QuickFolders: add toggle-foldertree command... qf-background.js:1127:13
QuickFolders 9:50:33.461  [3036 ms]   
 util.touch(Inbox)
1790499033
27/9 9:50:33 quickfolders-util.js:1432:13
QuickFolders 9:50:33.468  [7 ms]   
 util.touch(Inbox)
1790499033
27/9 9:50:33 quickfolders-util.js:1432:13
QuickFolders 9:50:33.478  [10 ms]   
 readTabToolbarSession - for tabId[1] returned {"mainVisibleState":true} quickfolders-util.js:1432:13
QuickFolders readTabCategorySession() quickfolders-util.js:1455:15
=========================
BACKGROUND LISTENER received: readCategories
========================= qf-background.js:1696:15
Notification handler of moz-extension://3898ae4d-7307-4e8f-bab7-613f45545d7f/ 
Object { func: "readCategories", tabId: 2 }
qf-background.js:1182:13
Preferences updates: 
Object { lastActiveCategories: "" }
preferences.mjs:518:17
QuickFolders 9:50:33.624  [146 ms]   
 util.touch(Inbox)
1790499033
27/9 9:50:33 quickfolders-util.js:1432:13
QuickFolders 9:50:33.626  [2 ms]   
 util.touch(Inbox)
1790499033
27/9 9:50:33 quickfolders-util.js:1432:13
QuickFolders 9:50:33.655  [29 ms]   
 QuickFolders: injecting current folder quickfolders-util.js:1432:13
QuickFolders 9:50:33.656  [1 ms]   
 ============INJECT==========
qf-3pane.js onLoad(true) quickfolders-util.js:1432:13
QuickFolders 9:50:33.662  [6 ms]   
 readTabCategorySession - for tabId[2] returned undefined quickfolders-util.js:1432:13
QuickFolders 9:50:33.663  [1 ms]   
 no session info for tab category… quickfolders-util.js:1432:13
QuickFolders readTabToolbarSession() quickfolders-util.js:1455:15
=========================
BACKGROUND LISTENER received: readToolbarStatus
========================= qf-background.js:1696:15
Notification handler of moz-extension://3898ae4d-7307-4e8f-bab7-613f45545d7f/ 
Object { func: "readToolbarStatus", tabId: 2 }
qf-background.js:1182:13
QuickFolders 9:50:33.726  [63 ms]   
 util.touch(Inbox)
1790499033
27/9 9:50:33 quickfolders-util.js:1432:13
QuickFolders 9:50:33.731  [5 ms]   
 util.touch(Inbox)
1790499033
27/9 9:50:33 quickfolders-util.js:1432:13
QuickFolders 9:50:33.768  [37 ms]   
 util.touch(Inbox)
1790499033
27/9 9:50:33 quickfolders-util.js:1432:13
QuickFolders 9:50:33.776  [8 ms]   
 util.touch(Inbox)
1790499033
27/9 9:50:33 quickfolders-util.js:1432:13
QuickFolders 9:50:33.786  [10 ms]   
 util.touch(Inbox)
1790499033
27/9 9:50:33 quickfolders-util.js:1432:13
QuickFolders 9:50:33.793  [7 ms]   
 util.touch(Inbox)
1790499033
27/9 9:50:33 quickfolders-util.js:1432:13
QuickFolders 9:50:33.821  [28 ms]   
 util.touch(Inbox)
1790499033
27/9 9:50:33 quickfolders-util.js:1432:13
QuickFolders 9:50:33.824  [3 ms]   
 util.touch(Inbox)
1790499033
27/9 9:50:33 quickfolders-util.js:1432:13
QuickFolders 9:50:33.841  [17 ms]   
 readTabToolbarSession - for tabId[2] returned undefined quickfolders-util.js:1432:13
QuickFolders readTabCategorySession() quickfolders-util.js:1455:15
=========================
BACKGROUND LISTENER received: readCategories
========================= qf-background.js:1696:15
Notification handler of moz-extension://3898ae4d-7307-4e8f-bab7-613f45545d7f/ 
Object { func: "readCategories", tabId: 3 }
qf-background.js:1182:13
QuickFolders 9:50:34.334  [493 ms]   
 updateQuickFoldersLabel() quickfolders-util.js:1432:13
WebExtensions: WL handleEvent (loadIntoWindow) context: 
Object { isTopContext: true, viewType: "background", envType: "addon_parent", onClose: Set(13), checkedLastError: false, _lastError: null, contextId: 33, unloaded: false, extension: {…}, manifestVersion: 2, … }
implementation.js:744
QuickFolders qf-3pane.js - injectCurrentFolderBar() 
 activatedWhileWindowOpen = true
 isManual=false quickfolders-util.js:1455:15
QuickFolders 9:50:34.455  [121 ms]   
 readTabCategorySession - for tabId[3] returned Daily quickfolders-util.js:1432:13
QuickFolders readTabToolbarSession() quickfolders-util.js:1455:15
=========================
BACKGROUND LISTENER received: readToolbarStatus
========================= qf-background.js:1696:15
Notification handler of moz-extension://3898ae4d-7307-4e8f-bab7-613f45545d7f/ 
Object { func: "readToolbarStatus", tabId: 3 }
qf-background.js:1182:13
QuickFolders 9:50:34.555  [100 ms]   
 util.touch(Inbox)
1790499034
27/9 9:50:34 quickfolders-util.js:1432:13
QuickFolders 9:50:34.559  [4 ms]   
 util.touch(Inbox)
1790499034
27/9 9:50:34 quickfolders-util.js:1432:13
QuickFolders 9:50:34.587  [28 ms]   
 readTabToolbarSession - for tabId[3] returned {"mainVisibleState":true} quickfolders-util.js:1432:13
QuickFolders 9:50:34.587  [0 ms]   
 initDocAndWindow()
QuickFolders_globalDoc = chrome://messenger/content/messenger.xhtml quickfolders-util.js:1432:13
QuickFolders 9:50:34.587  [0 ms]   
 initDelayed ==== correct window: chrome://messenger/content/messenger.xhtml - Home - Mozilla Thunderbird
wait 250 msec until init()… quickfolders-util.js:1432:13
QuickFolders 9:50:34.587  [0 ms]   
 Adding Search Input event handler… quickfolders-util.js:1432:13
QuickFolders 9:50:34.589  [2 ms]   
 util.touch(Inbox)
1790499034
27/9 9:50:34 quickfolders-util.js:1432:13
QuickFolders 9:50:34.592  [3 ms]   
 util.touch(Inbox)
1790499034
27/9 9:50:34 quickfolders-util.js:1432:13
WebExtensions: QuickFolders injector path: 
Object { hasWL: true, scopeName: "AddOnNS10", hasInject: true, url: "about:message" }
qf-3pane.js:165
WebExtensions: Using WindowListener:injectElements qf-3pane.js:183
WebExtensions: Injecting into root document: implementation.js:746
QuickFolders [QuickFolders Navigation Bar] WL after ExtensionParent import object quickfolders-util.js:1455:15
QuickFolders [QuickFolders Navigation Bar] WL after getExtension object quickfolders-util.js:1455:15
QuickFolders [QuickFolders Navigation Bar] Injection path: WindowListener (WL) quickfolders-util.js:1455:15
WebExtensions: 
Array [ vbox#messagepanebox ]
implementation.js:626
WebExtensions: vbox#messagepanebox is an existing container, injecting into messagepanebox implementation.js:697
WebExtensions: 
Array [ hbox#QuickFolders-PreviewToolbarPanel.QuickFolders-NavigationPanel.quickFoldersToolbar ]
implementation.js:626
WebExtensions: hbox#QuickFolders-PreviewToolbarPanel: append to messagepanebox implementation.js:737
QuickFolders [QuickFolders Navigation Bar] WL.injectElements done - panel in DOM: true, panel parent: messagepanebox quickfolders-util.js:1455:15
QuickFolders [QuickFolders Navigation Bar] about:message - injection result: true true quickfolders-util.js:1455:15
QuickFolders 9:50:34.776  [184 ms]   
 liftNavigationbar() quickfolders-util.js:1432:13
[QF liftNavBar] navigationContainer: FOUND, parent: #messagepanebox content URL: about:message quickfolders-interface.js:1505:15
QuickFolders {INTERFACE.CURRENTFOLDERBAR} 9:50:34.777  [1 ms]   
 updateNavigationBar() - chrome://messenger/content/messenger.xhtml 
HTMLDocument about:message
quickfolders-util.js:1427:13
QuickFolders {INTERFACE.CURRENTFOLDERBAR} 9:50:34.777  [0 ms]   
 3pane type = undefined, URL= about:message, win = [object Window], tabOrWindow= [object Object], folder name= Support quickfolders-util.js:1427:13
QuickFolders {INTERFACE.CURRENTFOLDERBAR} 9:50:34.803  [26 ms]   
 initCurrentFolderTab(Support)
tabMode: mailMessageTab -  tabindex: 0 
<tab class="tabmail-tab" validate="never" is="tabmail-tab" context="tabContextMenu" linkedpanel="mailMessageTab2" label="Re: [quickFilters] Re: Favor and RC mayhem" type="undefined">
quickfolders-util.js:1427:13
QuickFolders {INTERFACE.CURRENTFOLDERBAR,3PANE} 9:50:34.820  [17 ms]   
 hoistCurrentFolderBar(tabMode: mailMessageTab) quickfolders-util.js:1427:13
WebExtensions: [QuickFolders 3pane] displayNavigationToolbar: isShowCurrentFolderToolbar(windowMode="singleMailTab") = true — bar will be SHOWN qf-3pane.js:811
QuickFolders {INTERFACE.CURRENTFOLDERBAR} 9:50:34.822  [2 ms]   
 displayNavigationToolbar(visible=true, selector=singleMailTab) quickfolders-util.js:1427:13
QuickFolders {INTERFACE.CURRENTFOLDERBAR} 9:50:34.822  [0 ms]   
 win=chrome://messenger/content/messenger.xhtml
document=about:message quickfolders-util.js:1427:13
QuickFolders {INTERFACE.CURRENTFOLDERBAR} 9:50:34.822  [0 ms]   
 |===========================================================|
| currentFolderBar.style.display = 
|===========================================================|
visible = true quickfolders-util.js:1427:13
QuickFolders {INTERFACE.CURRENTFOLDERBAR} 9:50:34.822  [0 ms]   
 Effected display of current folder bar = flex quickfolders-util.js:1427:13
QuickFolders {INTERFACE.CURRENTFOLDERBAR} 9:50:34.822  [0 ms]   
 updateNavigationBar() - chrome://messenger/content/messenger.xhtml 
HTMLDocument about:message
quickfolders-util.js:1427:13
QuickFolders {INTERFACE.CURRENTFOLDERBAR} 9:50:34.822  [0 ms]   
 3pane type = undefined, URL= about:message, win = [object Window], tabOrWindow= [object Object], folder name= Support quickfolders-util.js:1427:13
QuickFolders 9:50:34.883  [61 ms]   
 Version() getter. addonInfo: 
Object { id: "quickfolders@curious.be", name: "QuickFolders", description: "Bookmark your favorite mail folders in Thunderbird.", version: "6.18", mayDisable: true, enabled: true, optionsUrl: "moz-extension://3898ae4d-7307-4e8f-bab7-613f45545d7f/html/options.html", installType: "normal", type: "extension", permissions: (11) […], … }
quickfolders-util.js:1432:13
QuickFolders: QuickFolders.init() - QuickFolders Version 6.18
Running on Thunderbird Version 156.0
QuickFolders Adding shortcut key listener. quickfolders-util.js:1455:15
QuickFolders
Failed to reconstruct URL for owl://axelongcraftstudios.com@outlook.office.com/Inbox of account account35 - account type N/A quickfolders-model.js:528:19
QuickFolders 9:50:34.888  [5 ms]   
 initTabsFromEntries() quickfolders-util.js:1432:13
QuickFolders 9:50:35.6  [118 ms]   
 init: setting categories to Daily quickfolders-util.js:1432:13
=========================
BACKGROUND LISTENER received: updateMainWindow
========================= qf-background.js:1696:15
Notification handler of moz-extension://3898ae4d-7307-4e8f-bab7-613f45545d7f/ 
Object { func: "updateMainWindow", minimal: false }
qf-background.js:1182:13
QuickFolders 9:50:35.7  [1 ms]   
 updateFolders(rebuildCategories: false, minimal: false) - Number of Folders = 253 quickfolders-util.js:1432:13
QuickFolders 9:50:35.7  [0 ms]   
 updateQuickFoldersLabel() quickfolders-util.js:1432:13
QuickFolders 9:50:35.15  [8 ms]   
 Error in addFolderButton: folder parameter is empty!
Entry: SC Inbox quickfolders-util.js:1432:13
QuickFolders 9:50:35.51  [36 ms]   
 28 of 253 tabs rebuilt [minimalUpdate=false]. quickfolders-util.js:1432:13
QuickFolders 9:50:35.51  [0 ms]   
 1 invalid tabs where found!
 Please check with 'Remove Invalid tabs' from the QuickFolders tools menu. quickfolders-util.js:1432:13
QuickFolders 9:50:35.52  [1 ms]   
 updateQuickFoldersLabel() quickfolders-util.js:1432:13
=========================
BACKGROUND LISTENER received: storeCategories
========================= qf-background.js:1696:15
QuickFolders 9:50:35.53  [1 ms]   
 QuickFolders.init() ends. quickfolders-util.js:1432:13
Notification handler of moz-extension://3898ae4d-7307-4e8f-bab7-613f45545d7f/ 
Object { func: "storeCategories", tabId: 1, categories: "Daily" }
qf-background.js:1182:13
QuickFolders 9:50:35.54  [1 ms]   
 bookmarks.load… quickfolders-util.js:1432:13
QuickFolders 9:50:35.54  [0 ms]   
 initLicensedUI - hasLicense = true
 licenseInfo: 
Object { status: "Valid", description: "Valid", licensedDaysLeft: 51, expiredDays: 0, expiryDate: "2026-11-17", email: "axel.grude@gmail.com", licenseKey: "QF-axel.grude@gmail.com:2026-11-17;2035e10abd68e9fb662fa5ed8f3c251aa1ce71c73578441a148309391779818c 19000f1fdd4dbb7863acdee702dc0fc0a3030a00654cc0ffb722a4750073a0a9", decryptedPart: "QF-axel.grude@gmail.com:2026-11-17", keyType: 0, isValid: true, … }
quickfolders-util.js:1432:13
QuickFolders 9:50:35.54  [0 ms]   
 License found - removing Animations()… quickfolders-util.js:1432:13
QuickFolders 9:50:35.76  [22 ms]   
 updateQuickFoldersLabel() quickfolders-util.js:1432:13
QuickFolders 9:50:35.76  [0 ms]   
 updateMainWindow()... Theme: flatTabs quickfolders-util.js:1432:13
QuickFolders 9:50:35.77  [1 ms]   
 bookmarks.load… quickfolders-util.js:1432:13
=========================
BACKGROUND LISTENER received: updateFoldersUI
========================= qf-background.js:1696:15
Notification handler of moz-extension://3898ae4d-7307-4e8f-bab7-613f45545d7f/ 
Object { func: "updateFoldersUI" }
qf-background.js:1182:13
QuickFolders 9:50:35.77  [0 ms]   
 bookmarks.load complete. quickfolders-util.js:1432:13
QuickFolders {NOTIFICATIONS} 9:50:35.444  [367 ms]   
 onBackgroundUpdates - dispatching custom event QuickFolders.BackgroundUpdate.updateMainWindow
into chrome://messenger/content/messenger.xhtml quickfolders-util.js:1427:13
QuickFolders 9:50:35.444  [0 ms]   
 updateMainWindow()... Theme: flatTabs quickfolders-util.js:1432:13
QuickFolders 9:50:35.444  [0 ms]   
 bookmarks.load… quickfolders-util.js:1432:13
QuickFolders 9:50:35.445  [1 ms]   
 bookmarks.load complete. quickfolders-util.js:1432:13
=========================
BACKGROUND LISTENER received: updateFoldersUI
========================= qf-background.js:1696:15
Notification handler of moz-extension://3898ae4d-7307-4e8f-bab7-613f45545d7f/ 
Object { func: "updateFoldersUI" }
qf-background.js:1182:13
QuickFolders {NOTIFICATIONS} 9:50:35.456  [11 ms]   
 onBackgroundUpdates - dispatching custom event QuickFolders.BackgroundUpdate.updateFoldersUI
into chrome://messenger/content/messenger.xhtml quickfolders-util.js:1427:13
QuickFolders 9:50:35.456  [0 ms]   
 updateFoldersUI()... quickfolders-util.js:1432:13
QuickFolders 9:50:35.456  [0 ms]   
 updateFolders(rebuildCategories: true, minimal: false) - Number of Folders = 253 quickfolders-util.js:1432:13
QuickFolders 9:50:35.459  [3 ms]   
 updateQuickFoldersLabel() quickfolders-util.js:1432:13
QuickFolders 9:50:35.460  [1 ms]   
 updateCategories() - [19 Categories] quickfolders-util.js:1432:13
QuickFolders 9:50:35.477  [17 ms]   
 Error in addFolderButton: folder parameter is empty!
Entry: SC Inbox quickfolders-util.js:1432:13
QuickFolders 9:50:35.523  [46 ms]   
 28 of 253 tabs rebuilt [minimalUpdate=false]. quickfolders-util.js:1432:13
QuickFolders 9:50:35.523  [0 ms]   
 1 invalid tabs where found!
 Please check with 'Remove Invalid tabs' from the QuickFolders tools menu. quickfolders-util.js:1432:13
QuickFolders 9:50:35.523  [0 ms]   
 updateQuickFoldersLabel() quickfolders-util.js:1432:13
QuickFolders {NOTIFICATIONS} 9:50:35.742  [219 ms]   
 onBackgroundUpdates - dispatching custom event QuickFolders.BackgroundUpdate.updateFoldersUI
into chrome://messenger/content/messenger.xhtml quickfolders-util.js:1427:13
QuickFolders 9:50:35.743  [1 ms]   
 updateFoldersUI()... quickfolders-util.js:1432:13
QuickFolders 9:50:35.743  [0 ms]   
 updateFolders(rebuildCategories: true, minimal: false) - Number of Folders = 253 quickfolders-util.js:1432:13
QuickFolders 9:50:35.744  [1 ms]   
 updateQuickFoldersLabel() quickfolders-util.js:1432:13
QuickFolders 9:50:35.744  [0 ms]   
 updateCategories() - [19 Categories] quickfolders-util.js:1432:13
QuickFolders 9:50:35.753  [9 ms]   
 Error in addFolderButton: folder parameter is empty!
Entry: SC Inbox quickfolders-util.js:1432:13
QuickFolders 9:50:35.762  [9 ms]   
 28 of 253 tabs rebuilt [minimalUpdate=false]. quickfolders-util.js:1432:13
QuickFolders 9:50:35.762  [0 ms]   
 1 invalid tabs where found!
 Please check with 'Remove Invalid tabs' from the QuickFolders tools menu. quickfolders-util.js:1432:13
QuickFolders 9:50:35.762  [0 ms]   
 updateQuickFoldersLabel() quickfolders-util.js:1432:13
QuickFolders 9:50:35.928  [166 ms]   
 readStringFile() - Success quickfolders-util.js:1432:13
QuickFolders 9:50:35.928  [0 ms]   
 parsed 2 entries quickfolders-util.js:1432:13
QuickFolders 9:50:35.928  [0 ms]   
 bookmarks.resetList() quickfolders-util.js:1432:13
QuickFolders 9:50:35.928  [0 ms]   
 QuickFolders.bookmarks.update()
isActive = false quickfolders-util.js:1432:13
QuickFolders 9:50:35.929  [1 ms]   
 QuickFolders.bookmarks.update()
isActive = true quickfolders-util.js:1432:13
QuickFolders 9:50:35.940  [11 ms]   
 readStringFile() - Success quickfolders-util.js:1432:13
QuickFolders 9:50:35.940  [0 ms]   
 parsed 2 entries quickfolders-util.js:1432:13
QuickFolders 9:50:35.940  [0 ms]   
 bookmarks.resetList() quickfolders-util.js:1432:13
QuickFolders 9:50:35.940  [0 ms]   
 QuickFolders.bookmarks.update()
isActive = false quickfolders-util.js:1432:13
QuickFolders 9:50:35.941  [1 ms]   
 QuickFolders.bookmarks.update()
isActive = true quickfolders-util.js:1432:13
QuickFolders 9:50:36.19  [78 ms]   
 readStringFile() - Success quickfolders-util.js:1432:13
QuickFolders 9:50:36.20  [1 ms]   
 parsed 2 entries quickfolders-util.js:1432:13
QuickFolders 9:50:36.20  [0 ms]   
 bookmarks.resetList() quickfolders-util.js:1432:13
QuickFolders 9:50:36.20  [0 ms]   
 QuickFolders.bookmarks.update()
isActive = false quickfolders-util.js:1432:13
QuickFolders 9:50:36.21  [1 ms]   
 QuickFolders.bookmarks.update()
isActive = true quickfolders-util.js:1432:13
=========================
BACKGROUND LISTENER received: updateQuickFilters
========================= qf-background.js:1696:15
Notification handler of moz-extension://3898ae4d-7307-4e8f-bab7-613f45545d7f/ 
Object { func: "updateQuickFilters" }
qf-background.js:1182:13
[QF background] updateQuickFilters received — sending injectButtonsQFNavigationBar to quickFilters 
Object { licenseStatus: "Valid", licenseType: 0 }
qf-background.js:1525:19
QuickFolders 9:50:36.141  [120 ms]   
 util.touch(Inbox)
1790499036
27/9 9:50:36 quickfolders-util.js:1432:13
QuickFolders 9:50:36.144  [3 ms]   
 setFolderUpdateTimer(item): Inbox quickfolders-util.js:1432:13
QuickFolders 9:50:36.145  [1 ms]   
 Folder Tab Select Timer ID: 113 quickfolders-util.js:1432:13
QuickFolders 9:50:36.145  [0 ms]   
 Setting Update Timer (after timer 0 expired), new Timer: 113 quickfolders-util.js:1432:13
QuickFolders 9:50:36.146  [1 ms]   
 util.touch(Inbox)
1790499036
27/9 9:50:36 quickfolders-util.js:1432:13
QuickFolders 9:50:36.158  [12 ms]   
 QuickFolders: injecting current folder quickfolders-util.js:1432:13
QuickFolders 9:50:36.158  [0 ms]   
 ============INJECT==========
qf-3pane.js onLoad(true) quickfolders-util.js:1432:13
QuickFolders 9:50:36.208  [50 ms]   
 updateQuickFoldersLabel() quickfolders-util.js:1432:13
QuickFolders 9:50:36.260  [52 ms]   
 util.touch(Inbox)
1790499036
27/9 9:50:36 quickfolders-util.js:1432:13
QuickFolders 9:50:36.268  [8 ms]   
 util.touch(Inbox)
1790499036
27/9 9:50:36 quickfolders-util.js:1432:13
[QF background] injectButtonsQFNavigationBar response: undefined qf-background.js:1536:23
Preferences updates: 
Object { lastActiveCategories: "Daily" }
preferences.mjs:518:17
QuickFolders 9:50:37.332  [1064 ms]   
 util.touch(Licenses)
1790499037
27/9 9:50:37 quickfolders-util.js:1432:13
QuickFolders 9:50:37.340  [8 ms]   
 util.touch(Licenses)
1790499037
27/9 9:50:37 quickfolders-util.js:1432:13
QuickFolders 9:50:39.326  [1986 ms]   
 util.touch(Licenses)
1790499039
27/9 9:50:39 quickfolders-util.js:1432:13
QuickFolders 9:50:39.329  [3 ms]   
 util.touch(Licenses)
1790499039
27/9 9:50:39 quickfolders-util.js:1432:13
WebExtensions: QuickFolders injector path: 
Object { hasWL: true, scopeName: "AddOnNS10", hasInject: true, url: "about:message" }
qf-3pane.js:165
QuickFolders [QuickFolders Navigation Bar] WL after ExtensionParent import object quickfolders-util.js:1455:15
QuickFolders [QuickFolders Navigation Bar] WL after getExtension object quickfolders-util.js:1455:15
WebExtensions: Using WindowListener:injectElements qf-3pane.js:183
WebExtensions: Injecting into root document: implementation.js:746
QuickFolders [QuickFolders Navigation Bar] Injection path: WindowListener (WL) quickfolders-util.js:1455:15
WebExtensions: 
Array [ vbox#messagepanebox ]
implementation.js:626
WebExtensions: vbox#messagepanebox is an existing container, injecting into messagepanebox implementation.js:697
WebExtensions: 
Array [ hbox#QuickFolders-PreviewToolbarPanel.QuickFolders-NavigationPanel.quickFoldersToolbar ]
implementation.js:626
WebExtensions: hbox#QuickFolders-PreviewToolbarPanel: append to messagepanebox implementation.js:737
QuickFolders [QuickFolders Navigation Bar] WL.injectElements done - panel in DOM: true, panel parent: messagepanebox quickfolders-util.js:1455:15
QuickFolders [QuickFolders Navigation Bar] about:message - injection result: true true quickfolders-util.js:1455:15
QuickFolders 9:50:39.360  [31 ms]   
 liftNavigationbar() quickfolders-util.js:1432:13
[QF liftNavBar] navigationContainer: FOUND, parent: #messagepanebox content URL: about:message quickfolders-interface.js:1505:15
QuickFolders {INTERFACE.CURRENTFOLDERBAR} 9:50:39.360  [0 ms]   
 updateNavigationBar() - chrome://messenger/content/messenger.xhtml 
HTMLDocument about:message
quickfolders-util.js:1427:13
QuickFolders {INTERFACE.CURRENTFOLDERBAR} 9:50:39.360  [0 ms]   
 3pane type = undefined, URL= about:message, win = [object Window], tabOrWindow= [object Object], folder name= Roberto quickfolders-util.js:1427:13
QuickFolders {INTERFACE.CURRENTFOLDERBAR} 9:50:39.372  [12 ms]   
 initCurrentFolderTab(Roberto)
tabMode: mailMessageTab -  tabindex: 0 
<tab class="tabmail-tab" validate="never" is="tabmail-tab" context="tabContextMenu" linkedpanel="mailMessageTab1" label="Re: [FiltaQuilla]" type="undefined">
quickfolders-util.js:1427:13
QuickFolders {INTERFACE.CURRENTFOLDERBAR,3PANE} 9:50:39.390  [18 ms]   
 hoistCurrentFolderBar(tabMode: mailMessageTab) quickfolders-util.js:1427:13
WebExtensions: [QuickFolders 3pane] displayNavigationToolbar: isShowCurrentFolderToolbar(windowMode="singleMailTab") = true — bar will be SHOWN qf-3pane.js:811
QuickFolders {INTERFACE.CURRENTFOLDERBAR} 9:50:39.391  [1 ms]   
 displayNavigationToolbar(visible=true, selector=singleMailTab) quickfolders-util.js:1427:13
QuickFolders {INTERFACE.CURRENTFOLDERBAR} 9:50:39.392  [1 ms]   
 win=chrome://messenger/content/messenger.xhtml
document=about:message quickfolders-util.js:1427:13
QuickFolders {INTERFACE.CURRENTFOLDERBAR} 9:50:39.392  [0 ms]   
 |===========================================================|
| currentFolderBar.style.display = 
|===========================================================|
visible = true quickfolders-util.js:1427:13
QuickFolders {INTERFACE.CURRENTFOLDERBAR} 9:50:39.392  [0 ms]   
 Effected display of current folder bar = flex quickfolders-util.js:1427:13
QuickFolders {INTERFACE.CURRENTFOLDERBAR} 9:50:39.392  [0 ms]   
 updateNavigationBar() - chrome://messenger/content/messenger.xhtml 
HTMLDocument about:message
quickfolders-util.js:1427:13
QuickFolders {INTERFACE.CURRENTFOLDERBAR} 9:50:39.392  [0 ms]   
 3pane type = undefined, URL= about:message, win = [object Window], tabOrWindow= [object Object], folder name= Roberto quickfolders-util.js:1427:13
QuickFolders 9:50:39.658  [266 ms]   
 util.touch(Inbox)
1790499039
27/9 9:50:39 quickfolders-util.js:1432:13
QuickFolders 9:50:39.661  [3 ms]   
 util.touch(Inbox)
1790499039
27/9 9:50:39 quickfolders-util.js:1432:13
QuickFolders 9:50:39.692  [31 ms]   
 util.touch(Inbox)
1790499039
27/9 9:50:39 quickfolders-util.js:1432:13
QuickFolders 9:50:39.694  [2 ms]   
 util.touch(Inbox)
1790499039
27/9 9:50:39 quickfolders-util.js:1432:13
=========================
BACKGROUND LISTENER received: updateQuickFilters
========================= qf-background.js:1696:15
Notification handler of moz-extension://3898ae4d-7307-4e8f-bab7-613f45545d7f/ 
Object { func: "updateQuickFilters" }
qf-background.js:1182:13
[QF background] updateQuickFilters received — sending injectButtonsQFNavigationBar to quickFilters 
Object { licenseStatus: "Valid", licenseType: 0 }
qf-background.js:1525:19
QuickFolders 9:50:40.308  [614 ms]   
 util.touch(Licenses)
1790499040
27/9 9:50:40 quickfolders-util.js:1432:13
QuickFolders 9:50:40.318  [10 ms]   
 util.touch(Licenses)
1790499040
27/9 9:50:40 quickfolders-util.js:1432:13
[QF background] injectButtonsQFNavigationBar response: undefined qf-background.js:1536:23
QuickFolders 9:50:40.756  [438 ms]   
 util.touch(Licenses)
1790499040
27/9 9:50:40 quickfolders-util.js:1432:13
QuickFolders 9:50:40.762  [6 ms]   
 util.touch(Licenses)
1790499040
27/9 9:50:40 quickfolders-util.js:1432:13
QuickFolders 9:50:41.231  [469 ms]   
 util.touch(Safeblood)
1790499041
27/9 9:50:41 quickfolders-util.js:1432:13
QuickFolders 9:50:41.233  [2 ms]   
 util.touch(Safeblood)
1790499041
27/9 9:50:41 quickfolders-util.js:1432:13
WebExtensions: [QuickFolders startup] WindowListener readiness failed; skipping window {"extensionId":"quickfolders@curious.be","scope":"AddOnNS10","url":"about:3pane","readyState":"interactive","tabIndex":0,"firstTab":true,"isAddonActivation":true,"contextUnloaded":false,"error":"Error: Window ignored","stack":"fullyLoaded@jar:file:///E:/Mail/dd9jwla2n.axel/extensions/quickfolders@curious.be.xpi!/chrome/content/api/WindowListener/implementation.js:542:13\n"} implementation.js:512
QuickFolders 9:50:41.708  [475 ms]   
 util.touch(facebook)
1790499041
27/9 9:50:41 quickfolders-util.js:1432:13
QuickFolders 9:50:41.712  [4 ms]   
 util.touch(facebook)
1790499041
27/9 9:50:41 quickfolders-util.js:1432:13
QuickFolders 9:50:42.145  [433 ms]   
 util.touch(Amazon)
1790499042
27/9 9:50:42 quickfolders-util.js:1432:13
QuickFolders 9:50:42.147  [2 ms]   
 util.touch(Amazon)
1790499042
27/9 9:50:42 quickfolders-util.js:1432:13
QuickFolders 9:50:42.231  [84 ms]   
 util.touch(Calm)
1790499042
27/9 9:50:42 quickfolders-util.js:1432:13
QuickFolders 9:50:42.233  [2 ms]   
 util.touch(Calm)
1790499042
27/9 9:50:42 quickfolders-util.js:1432:13
QuickFolders 9:50:42.777  [544 ms]   
 updateQuickFoldersLabel() quickfolders-util.js:1432:13
QuickFolders 9:50:44.414  [1637 ms]   
 updateFolders(rebuildCategories: false, minimal: true) - Number of Folders = 253 quickfolders-util.js:1432:13
QuickFolders 9:50:44.420  [6 ms]   
 28 of 253 tabs refreshed on toolbar [minimalUpdate]. quickfolders-util.js:1432:13
QuickFolders 9:50:44.420  [0 ms]   
 1 invalid tabs where found!
 Please check with 'Remove Invalid tabs' from the QuickFolders tools menu. quickfolders-util.js:1432:13
QuickFolders 9:50:44.421  [1 ms]   
 updateQuickFoldersLabel() quickfolders-util.js:1432:13
=========================
BACKGROUND LISTENER received: getQuickFiltersPref
========================= qf-background.js:1696:15
Notification handler of moz-extension://3898ae4d-7307-4e8f-bab7-613f45545d7f/ 
Object { func: "getQuickFiltersPref", key: "autoStart" }
qf-background.js:1182:13
1790499045180	addons.webextension.{a300a000-5e21-4ee0-a115-9ec8f4eaa92b}	WARN	Loading extension '{a300a000-5e21-4ee0-a115-9ec8f4eaa92b}': Reading manifest: Warning processing locales: An unexpected property was found in the WebExtension manifest.
1790499045180	addons.webextension.{a300a000-5e21-4ee0-a115-9ec8f4eaa92b}	WARN	Loading extension '{a300a000-5e21-4ee0-a115-9ec8f4eaa92b}': Reading manifest: Warning processing chrome_injectors: An unexpected property was found in the WebExtension manifest.
1790499045200	addons.webextension.{61A64500-335C-418D-8FCB-E072A9ABF3DA}	WARN	Loading extension '{61A64500-335C-418D-8FCB-E072A9ABF3DA}': Reading manifest: Warning processing version: version must be a version string consisting of at most 4 integers of at most 9 digits without leading zeros, and separated with dots
1790499045223	addons.webextension.quickFilters@axelg.com	WARN	Loading extension 'quickFilters@axelg.com': Reading manifest: Warning processing version: version must be a version string consisting of at most 4 integers of at most 9 digits without leading zeros, and separated with dots
1790499045232	addons.webextension.smarttemplate4@thunderbird.extension	WARN	Loading extension 'smarttemplate4@thunderbird.extension': Reading manifest: Warning processing version: version must be a version string consisting of at most 4 integers of at most 9 digits without leading zeros, and separated with dots
QuickFolders 9:50:47.642  [3221 ms]   
 util.touch(Inbox)
1790499047
27/9 9:50:47 quickfolders-util.js:1432:13
QuickFolders 9:50:47.645  [3 ms]   
 util.touch(Inbox)
1790499047
27/9 9:50:47 quickfolders-util.js:1432:13
QuickFolders 9:50:47.682  [37 ms]   
 util.touch(Inbox)
1790499047
27/9 9:50:47 quickfolders-util.js:1432:13
QuickFolders 9:50:47.684  [2 ms]   
 util.touch(Inbox)
1790499047
27/9 9:50:47 quickfolders-util.js:1432:13
toggleCurrentFolderButtons() - giving up after 5 tries without any QF toolbar. quickFilters.js:1186:19
toggleCurrentFolderButtons() - giving up after 5 tries without any QF toolbar. quickFilters.js:1186:19
toggleCurrentFolderButtons() - giving up after 5 tries without any QF toolbar. quickFilters.js:1186:19
QuickFolders 9:59:49.584  [541900 ms]   
 updateQuickFoldersLabel() quickfolders-util.js:1432:13
QuickFolders 10:9:49.888  [600304 ms]   
 updateQuickFoldersLabel() quickfolders-util.js:1432:13
QuickFolders 10:13:10.593  [200705 ms]   
 updateQuickFoldersLabel() quickfolders-util.js:1432:13
QuickFolders 10:13:10.793  [200 ms]   
 updateQuickFoldersLabel() quickfolders-util.js:1432:13
QuickFolders 10:14:30.56  [79263 ms]   
 updateQuickFoldersLabel() quickfolders-util.js:1432:13
[issue 351] TB115 - to do: QuickFolders_MySelectFolder(): toggleRow for parent folder: [object HTMLLIElement] quickfolders-util.js:1437:13
Key event not available on some keyboard layouts: key=“s” modifiers=“accel,alt” id=“” messenger.xhtml
Key event not available on some keyboard layouts: key=“n” modifiers=“accel,alt” id=“” messenger.xhtml
Key event not available on some keyboard layouts: key=“o” modifiers=“accel,alt” id=“” messenger.xhtml
Key event not available on some keyboard layouts: key=“r” modifiers=“accel,alt” id=“” messenger.xhtml
QuickFolders 10:14:32.184  [2128 ms]   
 setFolderUpdateTimer(item): Inbox quickfolders-util.js:1432:13
QuickFolders 10:14:32.184  [0 ms]   
 Folder Tab Select Timer ID: 173 quickfolders-util.js:1432:13
QuickFolders 10:14:32.184  [0 ms]   
 Setting Update Timer (after timer 113 expired), new Timer: 173 quickfolders-util.js:1432:13
QuickFolders 10:14:33.190  [1006 ms]   
 updateFolders(rebuildCategories: false, minimal: true) - Number of Folders = 253 quickfolders-util.js:1432:13
QuickFolders 10:14:33.201  [11 ms]   
 28 of 253 tabs refreshed on toolbar [minimalUpdate]. quickfolders-util.js:1432:13
QuickFolders 10:14:33.202  [1 ms]   
 1 invalid tabs where found!
 Please check with 'Remove Invalid tabs' from the QuickFolders tools menu. quickfolders-util.js:1432:13
QuickFolders 10:14:33.202  [0 ms]   
 updateQuickFoldersLabel() quickfolders-util.js:1432:13
QuickFolders 10:14:35.595  [2393 ms]   
 setFolderUpdateTimer(item): Inbox quickfolders-util.js:1432:13
QuickFolders 10:14:35.595  [0 ms]   
 Folder Tab Select Timer ID: 176 quickfolders-util.js:1432:13
QuickFolders 10:14:35.595  [0 ms]   
 Setting Update Timer (after timer 173 expired), new Timer: 176 quickfolders-util.js:1432:13
QuickFolders 10:14:36.97  [502 ms]   
 updateFolders(rebuildCategories: false, minimal: true) - Number of Folders = 253 quickfolders-util.js:1432:13
QuickFolders 10:14:36.104  [7 ms]   
 28 of 253 tabs refreshed on toolbar [minimalUpdate]. quickfolders-util.js:1432:13
QuickFolders 10:14:36.104  [0 ms]   
 1 invalid tabs where found!
 Please check with 'Remove Invalid tabs' from the QuickFolders tools menu. quickfolders-util.js:1432:13
QuickFolders 10:14:36.104  [0 ms]   
 updateQuickFoldersLabel() quickfolders-util.js:1432:13
QuickFolders 10:14:39.304  [3200 ms]   
 setFolderUpdateTimer(item): Inbox quickfolders-util.js:1432:13
QuickFolders 10:14:39.304  [0 ms]   
 Folder Tab Select Timer ID: 178 quickfolders-util.js:1432:13
QuickFolders 10:14:39.304  [0 ms]   
 Setting Update Timer (after timer 176 expired), new Timer: 178 quickfolders-util.js:1432:13
QuickFolders 10:14:39.804  [500 ms]   
 updateFolders(rebuildCategories: false, minimal: true) - Number of Folders = 253 quickfolders-util.js:1432:13
QuickFolders 10:14:39.810  [6 ms]   
 28 of 253 tabs refreshed on toolbar [minimalUpdate]. quickfolders-util.js:1432:13
QuickFolders 10:14:39.810  [0 ms]   
 1 invalid tabs where found!
 Please check with 'Remove Invalid tabs' from the QuickFolders tools menu. quickfolders-util.js:1432:13
QuickFolders 10:14:39.810  [0 ms]   
 updateQuickFoldersLabel() quickfolders-util.js:1432:13
QuickFolders 10:14:46.953  [7143 ms]   
 updateQuickFoldersLabel() quickfolders-util.js:1432:13
onCreated() - Initial tab: 
Object { id: 5, index: 0, windowId: 89, highlighted: true, active: true, status: "complete", width: 740, height: 767, groupId: -1, splitViewId: -1, … }
qf-background.js:1102:17
WebExtensions: WL handleEvent (loadIntoWindow) context: 
Object { isTopContext: true, viewType: "background", envType: "addon_parent", onClose: Set(13), checkedLastError: false, _lastError: null, contextId: 33, unloaded: false, extension: {…}, manifestVersion: 2, … }
implementation.js:744
Preferences onChanged: 
Object {  }
preferences.mjs:317:17
QuickFolders 10:14:48.156  [1203 ms]   
 QuickFolders.notifyComposeBodyReady() quickfolders-util.js:1432:13
Preferences onChanged: 
Object { settings: {…}, debug: {…}, accounts: {…} }
preferences.mjs:317:17
Accounts data updated: 
Object {  }
preferences.mjs:340:19
onCreated() - Initial tab: 
Object { id: 6, index: 0, windowId: 103, highlighted: true, active: true, status: "complete", width: 740, height: 767, groupId: -1, splitViewId: -1, … }
qf-background.js:1102:17
QuickFolders 10:15:55.825  [67669 ms]   
 QuickFolders.notifyComposeBodyReady() quickfolders-util.js:1432:13
WebExtensions: WL handleEvent (loadIntoWindow) context: 
Object { isTopContext: true, viewType: "background", envType: "addon_parent", onClose: Set(13), checkedLastError: false, _lastError: null, contextId: 33, unloaded: false, extension: {…}, manifestVersion: 2, … }
implementation.js:744
Preferences onChanged: 
Object {  }
preferences.mjs:317:17
Preferences onChanged: 
Object { settings: {…}, debug: {…}, accounts: {…} }
preferences.mjs:317:17
Accounts data updated: 
Object {  }
preferences.mjs:340:19
onCreated() - Initial tab: 
Object { id: 7, index: 4, windowId: 1, highlighted: true, active: true, status: "complete", width: 1419, height: 910, groupId: -1, splitViewId: -1, … }
qf-background.js:1102:17
Object { tabId: 7, windowId: 1, previousTabId: 1 }
qf-background.js:1039:15
ExtensionError: can't access property "length", msgs is undefined ExtensionUtils.sys.mjs:46:5
QuickFolders 10:16:15.789  [19964 ms]   
 util.touch(Inbox)
1790500575
27/9 10:16:15 quickfolders-util.js:1432:13
QuickFolders 10:16:15.851  [62 ms]   
 util.touch(Inbox)
1790500575
27/9 10:16:15 quickfolders-util.js:1432:13
QuickFolders 10:16:19.219  [3368 ms]   
 util.touch(Inbox)
1790500579
27/9 10:16:19 quickfolders-util.js:1432:13
QuickFolders 10:16:19.221  [2 ms]   
 setFolderUpdateTimer(item): Inbox quickfolders-util.js:1432:13
QuickFolders 10:16:19.221  [0 ms]   
 Folder Tab Select Timer ID: 203 quickfolders-util.js:1432:13
QuickFolders 10:16:19.221  [0 ms]   
 Setting Update Timer (after timer 178 expired), new Timer: 203 quickfolders-util.js:1432:13
QuickFolders 10:16:19.222  [1 ms]   
 util.touch(Inbox)
1790500579
27/9 10:16:19 quickfolders-util.js:1432:13
QuickFolders 10:16:19.226  [4 ms]   
 util.touch(Inbox)
1790500579
27/9 10:16:19 quickfolders-util.js:1432:13
QuickFolders 10:16:19.228  [2 ms]   
 util.touch(Inbox)
1790500579
27/9 10:16:19 quickfolders-util.js:1432:13
QuickFolders 10:16:19.313  [85 ms]   
 updateQuickFoldersLabel() quickfolders-util.js:1432:13
QuickFolders 10:16:19.722  [409 ms]   
 updateFolders(rebuildCategories: false, minimal: true) - Number of Folders = 253 quickfolders-util.js:1432:13
QuickFolders 10:16:19.728  [6 ms]   
 28 of 253 tabs refreshed on toolbar [minimalUpdate]. quickfolders-util.js:1432:13
QuickFolders 10:16:19.728  [0 ms]   
 1 invalid tabs where found!
 Please check with 'Remove Invalid tabs' from the QuickFolders tools menu. quickfolders-util.js:1432:13
QuickFolders 10:16:19.728  [0 ms]   
 updateQuickFoldersLabel() quickfolders-util.js:1432:13
QuickFolders 10:16:22.350  [2622 ms]   
 Folder Select Timer prepared - ID: 211 quickfolders-util.js:1432:13
Object { tabId: 1, windowId: 1, previousTabId: undefined }
qf-background.js:1039:15
QuickFolders 10:16:22.462  [112 ms]   
 updateQuickFoldersLabel() quickfolders-util.js:1432:13
QuickFolders 10:16:22.851  [389 ms]   
 patchToolbarTheme(activate)
Did not find toolbar QuickFolders-CurrentFolderTools quickfolders-util.js:1432:13
Missing resource in locale de: devtools/client/toolbox.ftl
Missing resource in locale it: devtools/client/toolbox.ftl
