1789285820787	addons.xpi	WARN	Checking C:\Program Files\Mozilla Thunderbird\distribution\extensions for addons
[gdataUI] Future modules will load with version 128.5.12 gdataUI.sys.mjs:27:11
Calendar manager initialised calendars before loadCalendarComponent ran on the first 3pane window. This should not happen. calendar-chrome-startup.js:40:13
This page is in Quirks Mode. Page layout may be impacted. For Standards Mode use “<!DOCTYPE html>”. background.html
1789285877007	addons.xpi-utils	WARN	Add-on lookout@s3_fix_version is not compatible with application version.
1789285877031	addons.xpi-utils	WARN	Add-on lookout@s3_fix_version is not compatible with application version.
1789285877941	addons.webextension.{a300a000-5e21-4ee0-a115-9ec8f4eaa92b}	WARN	Loading extension '{a300a000-5e21-4ee0-a115-9ec8f4eaa92b}': Reading manifest: Warning processing locales: An unexpected property was found in the WebExtension manifest.
1789285877941	addons.webextension.{a300a000-5e21-4ee0-a115-9ec8f4eaa92b}	WARN	Loading extension '{a300a000-5e21-4ee0-a115-9ec8f4eaa92b}': Reading manifest: Warning processing chrome_injectors: An unexpected property was found in the WebExtension manifest.
1789285877944	addons.webextension.{a300a000-5e21-4ee0-a115-9ec8f4eaa92b}	WARN	Loading extension '{a300a000-5e21-4ee0-a115-9ec8f4eaa92b}': Reading manifest: Warning processing locales: An unexpected property was found in the WebExtension manifest.
1789285877944	addons.webextension.{a300a000-5e21-4ee0-a115-9ec8f4eaa92b}	WARN	Loading extension '{a300a000-5e21-4ee0-a115-9ec8f4eaa92b}': Reading manifest: Warning processing chrome_injectors: An unexpected property was found in the WebExtension manifest.
Synchronous XMLHttpRequest on the main thread is deprecated because of its detrimental effects to the end user’s experience. For more help https://xhr.spec.whatwg.org/#sync-warning utils.js:45:7
Object { Util: {…}, Preferences: {…}, extractSignature: extractSignature(), insertTemplate: insertTemplate(), readSignatureFile: readSignatureFile(), resetDocument: resetDocument(), Parser: Parser(), composer: {}, Sig: {}, prefs: {…}, … }
 
Object { composers: Map(0) }
st-background.js:17:9
SmartTemplates Background started st-util.mjs.js:39:13
1789285878882	addons.webextension.quickFilters@axelg.com	WARN	Loading extension 'quickFilters@axelg.com': Reading manifest: Warning processing version: version must be a version string consisting of at most 4 integers of at most 9 digits without leading zeros, and separated with dots
1789285878903	addons.webextension.quickfolders@curious.be	WARN	Loading extension 'quickfolders@curious.be': Reading manifest: Warning processing version: version must be a version string consisting of at most 4 integers of at most 9 digits without leading zeros, and separated with dots
1789285878987	addons.webextension.{61A64500-335C-418D-8FCB-E072A9ABF3DA}	WARN	Loading extension '{61A64500-335C-418D-8FCB-E072A9ABF3DA}': Reading manifest: Warning processing version: version must be a version string consisting of at most 4 integers of at most 9 digits without leading zeros, and separated with dots
1789285879042	addons.webextension.{a300a000-5e21-4ee0-a115-9ec8f4eaa92b}	WARN	Loading extension '{a300a000-5e21-4ee0-a115-9ec8f4eaa92b}': Reading manifest: Warning processing locales: An unexpected property was found in the WebExtension manifest.
1789285879042	addons.webextension.{a300a000-5e21-4ee0-a115-9ec8f4eaa92b}	WARN	Loading extension '{a300a000-5e21-4ee0-a115-9ec8f4eaa92b}': Reading manifest: Warning processing chrome_injectors: An unexpected property was found in the WebExtension manifest.
1789285879043	addons.webextension.{a300a000-5e21-4ee0-a115-9ec8f4eaa92b}	WARN	Loading extension '{a300a000-5e21-4ee0-a115-9ec8f4eaa92b}': Reading manifest: Warning processing locales: An unexpected property was found in the WebExtension manifest.
1789285879043	addons.webextension.{a300a000-5e21-4ee0-a115-9ec8f4eaa92b}	WARN	Loading extension '{a300a000-5e21-4ee0-a115-9ec8f4eaa92b}': Reading manifest: Warning processing chrome_injectors: An unexpected property was found in the WebExtension manifest.
1789285879368	addons.webextension.quickFilters@axelg.com	WARN	Loading extension 'quickFilters@axelg.com': Reading manifest: Warning processing version: version must be a version string consisting of at most 4 integers of at most 9 digits without leading zeros, and separated with dots
1789285879375	addons.webextension.quickfolders@curious.be	WARN	Loading extension 'quickfolders@curious.be': Reading manifest: Warning processing version: version must be a version string consisting of at most 4 integers of at most 9 digits without leading zeros, and separated with dots
1789285879428	addons.webextension.{61A64500-335C-418D-8FCB-E072A9ABF3DA}	WARN	Loading extension '{61A64500-335C-418D-8FCB-E072A9ABF3DA}': Reading manifest: Warning processing version: version must be a version string consisting of at most 4 integers of at most 9 digits without leading zeros, and separated with dots
module is not a constructor ExtensionCommon.sys.mjs:1679:15
uncaught exception: Trying to load untrusted URI.: jar:file:///E:/Mail/dd9jwla2n.axel/extensions/%7Ba300a000-5e21-4ee0-a115-9ec8f4eaa92b%7D.xpi!/defaults/preferences/removedupes.js
uncaught exception: Object { message }
uncaught exception: Object { message }
uncaught exception: Object { message }
uncaught exception: Object { message }
uncaught exception: Object { message }
uncaught exception: Object { message }
uncaught exception: Object { message }
uncaught exception: Object { message }
uncaught exception: Object { message }
Creating FiltaQuilla menus... filtaquilla-background.js:842:15
Menus created. filtaquilla-background.js:927:15
FiltaQuilla (toneQuillaPlay module)
File already exists: E:\Mail\dd9jwla2n.axel\extensions\filtaquilla\applause.ogg
Finished setting up license startup code qFi-background.js:1184:13
Startup resolved qFi-background.js:1190:13
quickFilters adding the message context menu item Create Filter from Message… ... 
Object { contexts: (1) […], onclick: onclick(), icons: {…}, enabled: true, id: "createFromMailContext", title: "Create Filter from Message…" }
qFi-background.js:1557:13
Preferences onChanged: 
Object { settings: {…} }
preferences.mjs:317:17
Preferences updates: 
Object { "license.gracePeriodDate": "2026-09-13" }
preferences.mjs:346:17
FiltaQuilla (toneQuillaPlay module)
File already exists: E:\Mail\dd9jwla2n.axel\extensions\filtaquilla\duogourd.ogg
uncaught exception: Object { message }
FiltaQuilla (toneQuillaPlay module)
File already exists: E:\Mail\dd9jwla2n.axel\extensions\filtaquilla\Freedom.ogg
WebExtensions: quickFilters exp API: Utilities.getAPI() called implementation.js:14
WebExtensions: quickFilters logDebug (early): startup listeners, ready to call updatequickFiltersLabel
startup result: unblock startup for quickFilters in main() implementation.js:32
FiltaQuilla (toneQuillaPlay module)
File already exists: E:\Mail\dd9jwla2n.axel\extensions\filtaquilla\nightingale.ogg
uncaught exception: Object { message }
FiltaQuilla (toneQuillaPlay module)
File already exists: E:\Mail\dd9jwla2n.axel\extensions\filtaquilla\squishbeat.ogg
FiltaQuilla (toneQuillaPlay module)
File already exists: E:\Mail\dd9jwla2n.axel\extensions\filtaquilla\TheBrightestStar.ogg
uncaught exception: Object { message }
FiltaQuilla (toneQuillaPlay module)
File already exists: E:\Mail\dd9jwla2n.axel\extensions\filtaquilla\squeak.wav
FiltaQuilla (toneQuillaPlay module)
File already exists: E:\Mail\dd9jwla2n.axel\extensions\filtaquilla\notify-1.wav
FiltaQuilla (toneQuillaPlay module)
File already exists: E:\Mail\dd9jwla2n.axel\extensions\filtaquilla\pour-1.wav
FiltaQuilla (toneQuillaPlay module)
File already exists: E:\Mail\dd9jwla2n.axel\extensions\filtaquilla\maybe-one-day-584.ogg
WebExtensions: WL handleEvent (loadIntoWindow) context: 
Object { isTopContext: true, viewType: "background", envType: "addon_parent", onClose: Set(13), checkedLastError: false, _lastError: null, contextId: 39, unloaded: false, extension: {…}, manifestVersion: 2, … }
implementation.js:744
FiltaQuilla (toneQuillaPlay module)
File already exists: E:\Mail\dd9jwla2n.axel\extensions\filtaquilla\hold-your-horses-468.ogg
WebExtensions: quickFilters: messenger.onLoad() qFi-messenger.js:29
WebExtensions: WL handleEvent (loadIntoWindow) context: 
Object { isTopContext: true, viewType: "background", envType: "addon_parent", onClose: Set(13), checkedLastError: false, _lastError: null, contextId: 38, unloaded: false, extension: {…}, manifestVersion: 2, … }
implementation.js:744
[#697] About to call cache.init() at 2026-09-13T07:51:24.375Z quickfolders-preferences.js:650:9
[#697] Cache init starting at 2026-09-13T07:51:24.376Z quickfolders-preferences.js:583:15
FiltaQuilla (toneQuillaPlay module)
File already exists: E:\Mail\dd9jwla2n.axel\extensions\filtaquilla\scratch-389.ogg
Preferences onChanged: 
Object {  }
preferences.mjs:317:17
FiltaQuilla (toneQuillaPlay module)
File already exists: E:\Mail\dd9jwla2n.axel\extensions\filtaquilla\your-turn-491.ogg
uncaught exception: Object { message }
QuickFolders: mailTabs.getCurrent() failed or timed out Error: mailTabs.getCurrent() timed out
    timeoutPromise moz-extension://3898ae4d-7307-4e8f-bab7-613f45545d7f/qf-background.js:837
qf-background.js:847:13
FiltaQuilla (toneQuillaPlay module)
File already exists: E:\Mail\dd9jwla2n.axel\extensions\filtaquilla\knob-458.ogg
FiltaQuilla (toneQuillaPlay module)
File already exists: E:\Mail\dd9jwla2n.axel\extensions\filtaquilla\worthwhile-438.ogg
uncaught exception: Object { message }
FiltaQuilla (toneQuillaPlay module)
File already exists: E:\Mail\dd9jwla2n.axel\extensions\filtaquilla\scissors-423.ogg
WebExtensions: quickFilters: pref cache ready qFi-messenger.js:31
quickFilters [logTime init]
 injected style sheets: 
<link wlapi_autoinjected="AddOnNS10" rel="stylesheet" href="chrome://quickfilters/co…nt/skin/quickFilters.css">
 
<link wlapi_autoinjected="AddOnNS10" rel="stylesheet" href="chrome://quickfilters/co…ilters-toolbar.css?v=6.9">
 
<link wlapi_autoinjected="AddOnNS10" rel="stylesheet" href="chrome://quickfilters/co…s-actionButton.css?v=6.9">
qFilters-utils.js:921:13
quickFilters 8:51:32.186  [4 ms]   
 Polyfills loading in window: chrome://messenger/content/messenger.xhtml qFilters-utils.js:921:13
Manually calling notifyTools.enable() is no longer needed. notifyTools.js:145:13
quickFilters: addToolMenuListener() qFi-background.js:278:13
quickFilters adding the tools menu item Start Filter Assistant ... 
Object { contexts: (1) […], checked: false, onclick: onclick(), icons: {…}, enabled: true, id: "toggleFilterTools", title: "Start Filter Assistant" }
qFi-background.js:304:13
Preferences onChanged: 
Object { settings: {…}, debug: {…}, accounts: {…} }
preferences.mjs:317:17
Accounts data updated: 
Object {  }
preferences.mjs:340:19
WebExtensions: WL handleEvent (loadIntoWindow) context: 
Object { isTopContext: true, viewType: "background", envType: "addon_parent", onClose: Set(13), checkedLastError: false, _lastError: null, contextId: 39, unloaded: false, extension: {…}, manifestVersion: 2, … }
implementation.js:744
WebExtensions: WL handleEvent (loadIntoWindow) context: 
Object { isTopContext: true, viewType: "background", envType: "addon_parent", onClose: Set(13), checkedLastError: false, _lastError: null, contextId: 39, unloaded: false, extension: {…}, manifestVersion: 2, … }
implementation.js:744
WebExtensions: WL handleEvent (loadIntoWindow) context: 
Object { isTopContext: true, viewType: "background", envType: "addon_parent", onClose: Set(13), checkedLastError: false, _lastError: null, contextId: 39, unloaded: false, extension: {…}, manifestVersion: 2, … }
implementation.js:744
WebExtensions: WL handleEvent (loadIntoWindow) context: 
Object { isTopContext: true, viewType: "background", envType: "addon_parent", onClose: Set(13), checkedLastError: false, _lastError: null, contextId: 39, unloaded: false, extension: {…}, manifestVersion: 2, … }
implementation.js:744
WebExtensions: WL handleEvent (loadIntoWindow) context: 
Object { isTopContext: true, viewType: "background", envType: "addon_parent", onClose: Set(13), checkedLastError: false, _lastError: null, contextId: 39, unloaded: false, extension: {…}, manifestVersion: 2, … }
implementation.js:744
WebExtensions: WL handleEvent (loadIntoWindow) context: 
Object { isTopContext: true, viewType: "background", envType: "addon_parent", onClose: Set(13), checkedLastError: false, _lastError: null, contextId: 39, unloaded: false, extension: {…}, manifestVersion: 2, … }
implementation.js:744
WebExtensions: WL handleEvent (loadIntoWindow) context: 
Object { isTopContext: true, viewType: "background", envType: "addon_parent", onClose: Set(13), checkedLastError: false, _lastError: null, contextId: 39, unloaded: false, extension: {…}, manifestVersion: 2, … }
implementation.js:744
WebExtensions: WL handleEvent (loadIntoWindow) context: 
Object { isTopContext: true, viewType: "background", envType: "addon_parent", onClose: Set(13), checkedLastError: false, _lastError: null, contextId: 38, unloaded: false, extension: {…}, manifestVersion: 2, … }
implementation.js:744
WebExtensions: WL handleEvent (loadIntoWindow) context: 
Object { isTopContext: true, viewType: "background", envType: "addon_parent", onClose: Set(13), checkedLastError: false, _lastError: null, contextId: 38, unloaded: false, extension: {…}, manifestVersion: 2, … }
implementation.js:744
WebExtensions: WL handleEvent (loadIntoWindow) context: 
Object { isTopContext: true, viewType: "background", envType: "addon_parent", onClose: Set(13), checkedLastError: false, _lastError: null, contextId: 38, unloaded: false, extension: {…}, manifestVersion: 2, … }
implementation.js:744
WebExtensions: WL handleEvent (loadIntoWindow) context: 
Object { isTopContext: true, viewType: "background", envType: "addon_parent", onClose: Set(13), checkedLastError: false, _lastError: null, contextId: 38, unloaded: false, extension: {…}, manifestVersion: 2, … }
implementation.js:744
WebExtensions: WL handleEvent (loadIntoWindow) context: 
Object { isTopContext: true, viewType: "background", envType: "addon_parent", onClose: Set(13), checkedLastError: false, _lastError: null, contextId: 38, unloaded: false, extension: {…}, manifestVersion: 2, … }
implementation.js:744
WebExtensions: WL handleEvent (loadIntoWindow) context: 
Object { isTopContext: true, viewType: "background", envType: "addon_parent", onClose: Set(13), checkedLastError: false, _lastError: null, contextId: 38, unloaded: false, extension: {…}, manifestVersion: 2, … }
implementation.js:744
WebExtensions: WL handleEvent (loadIntoWindow) context: 
Object { isTopContext: true, viewType: "background", envType: "addon_parent", onClose: Set(13), checkedLastError: false, _lastError: null, contextId: 38, unloaded: false, extension: {…}, manifestVersion: 2, … }
implementation.js:744
[#697] Cache init completed at 2026-09-13T07:51:33.395Z quickfolders-preferences.js:628:15
uncaught exception: Object { message }
quickFilters: addFolderPaneListener() qFi-background.js:126:13
quickFilters adding the folder tree context menu item Run filters ... 
Object { contexts: (1) […], onclick: onclick(), icons: {…}, enabled: true, id: "runFiltersFolderPane", title: "Run filters" }
qFi-background.js:174:13
quickFilters adding the other folder tree context menu item Find Filters… ... 
Object { contexts: (1) […], onclick: onclick(), icons: {…}, enabled: true, id: "findFiltersFolder", title: "Find Filters…" }
qFi-background.js:231:13
uncaught exception: Object { message }
WebExtensions: WL handleEvent (loadIntoWindow) context: 
Object { isTopContext: true, viewType: "background", envType: "addon_parent", onClose: Set(13), checkedLastError: false, _lastError: null, contextId: 38, unloaded: false, extension: {…}, manifestVersion: 2, … }
implementation.js:744
WebExtensions: WL handleEvent (loadIntoWindow) context: 
Object { isTopContext: true, viewType: "background", envType: "addon_parent", onClose: Set(13), checkedLastError: false, _lastError: null, contextId: 38, unloaded: false, extension: {…}, manifestVersion: 2, … }
implementation.js:744
WebExtensions: WL handleEvent (loadIntoWindow) context: 
Object { isTopContext: true, viewType: "background", envType: "addon_parent", onClose: Set(13), checkedLastError: false, _lastError: null, contextId: 39, unloaded: false, extension: {…}, manifestVersion: 2, … }
implementation.js:744
WebExtensions: WL handleEvent (loadIntoWindow) context: 
Object { isTopContext: true, viewType: "background", envType: "addon_parent", onClose: Set(13), checkedLastError: false, _lastError: null, contextId: 39, unloaded: false, extension: {…}, manifestVersion: 2, … }
implementation.js:744
uncaught exception: Object { message }
uncaught exception: Object { message }
 quickFilters.Init()  
Object { assistantActive: false, browserInfo: {…} }
qFilters-utils.js:1016:13
 qFi-messenger onLoad triggered, selected tab mode: mail3PaneTab  
Object { first: true, mode: {…}, busy: false, canClose: false, thinking: false, favIconUrl: "chrome://messenger/skin/icons/new/compact/inbox.svg", _ext: {…}, selected: Getter, tabId: 0, tabNode: tab.tabmail-tab, … }
qFilters-utils.js:1016:13
patchMailPane()... qFilters-utils.js:1016:13
qFi-messenger after patchMailPane 
Object { first: true, mode: {…}, busy: false, canClose: false, thinking: false, favIconUrl: "chrome://messenger/skin/icons/new/compact/inbox.svg", _ext: {…}, selected: Getter, tabId: 0, tabNode: tab.tabmail-tab, … }
qFilters-utils.js:1016:13
quickFilters 8:51:41.293  [9107 ms]   
 patchFolderTree 
Object { first: true, mode: {…}, busy: false, canClose: false, thinking: false, favIconUrl: "chrome://messenger/skin/icons/new/compact/inbox.svg", _ext: {…}, selected: Getter, tabId: 0, tabNode: tab.tabmail-tab, … }
qFilters-utils.js:921:13
quickFilters 8:51:41.293  [0 ms]   
 Version() getter. addonInfo: 
Object { id: "quickFilters@axelg.com", name: "quickFilters", description: "Quickly generate mail filters on the fly, by dragging and dropping mails and analyzing their attributes.", version: "6.13.4pre3", mayDisable: true, enabled: true, optionsUrl: "moz-extension://b49f1e26-5659-41a4-b7e9-d7b7dfea5d63/html/quickfilters-settings.html", installType: "normal", type: "extension", permissions: (7) […], … }
qFilters-utils.js:921:13
quickFilters 8:51:42.877  [1584 ms]   
 toggleCurrentFolderButtons(retries=0) qFilters-utils.js:921:13
uncaught exception: Object { message }
WebExtensions: 
<li class="extension-action" item-id="ext-quickfolders@curious.be" is="customizable-element" style='--webextension-icon: ima…32.svg") 2x\n        );' aria-pressed="true">
implementation.js:481
uncaught exception: Object { message }
uncaught exception: Object { message }
uncaught exception: Object { message }
Preferences updates: 
Object { lastActiveCategories: "" }
preferences.mjs:515:17
uncaught exception: Object { message }
A resource is blocked by OpaqueResponseBlocking, please check browser console for details. gen_204
The resource at “https://www.youtube.com/gen_204?a” was blocked by OpaqueResponseBlocking. Reason: “nosniff is true and mimeType is an opaque-blocklisted MIME type or its essence is 'text/plain'”. YouTube
contentscript: set content-script.js:91:15
contentscript: set content-script.js:91:15
contentscript: set content-script.js:91:15
contentscript: set content-script.js:91:15
uncaught exception: Object { message }
contentscript: MUA info content-script.js:91:15
contentscript: MUA info content-script.js:91:15
contentscript: MUA info content-script.js:91:15
contentscript: MUA info content-script.js:91:15
contentscript: set content-script.js:91:15
contentscript: MUA info content-script.js:91:15
uncaught exception: Object { message }
uncaught exception: Object { message }
uncaught exception: Object { message }
uncaught exception: Object { message }
contentscript: set content-script.js:91:15
contentscript: MUA info content-script.js:91:15
contentscript: set content-script.js:91:15
contentscript: MUA info content-script.js:91:15
contentscript: set content-script.js:91:15
contentscript: MUA info content-script.js:91:15
A resource is blocked by OpaqueResponseBlocking, please check browser console for details. gen_204
The resource at “https://www.youtube.com/gen_204?a” was blocked by OpaqueResponseBlocking. Reason: “nosniff is true and mimeType is an opaque-blocklisted MIME type or its essence is 'text/plain'”. YouTube
contentscript: set content-script.js:91:15
contentscript: MUA info content-script.js:91:15
Loading failed for the module with source “moz-extension://57f9d295-6286-4524-87ae-1f8f3ffca86a/modules/bridge.mjs”. background.js
quickFilters 8:52:9.516  [26639 ms]   
 =================quickFilters==============
   checkFirstRun() - attempt 1 qFilters-utils.js:921:13
quickFilters 8:52:9.517  [1 ms]   
 Version() getter. addonInfo: 
Object { id: "quickFilters@axelg.com", name: "quickFilters", description: "Quickly generate mail filters on the fly, by dragging and dropping mails and analyzing their attributes.", version: "6.13.4pre3", mayDisable: true, enabled: true, optionsUrl: "moz-extension://b49f1e26-5659-41a4-b7e9-d7b7dfea5d63/html/quickfilters-settings.html", installType: "normal", type: "extension", permissions: (7) […], … }
qFilters-utils.js:921:13
quickFilters 8:52:9.517  [0 ms]   
 firstRun = false  - currentVersion = 6.13.4pre3  - installed = 6.13.4 qFilters-utils.js:921:13
quickFilters 8:52:9.517  [0 ms]   
 store installedVersion: 6.13.4 qFilters-utils.js:921:13
QuickFolders [logTime init]
 ensureStyleSheetLoaded() - missing style sheet 'quickfolders-layout.css' - not found
 not attempting any style modifications. 
HTMLDocument about:message
quickfolders-util.js:1423:13
QuickFolders 8:52:10.861  [106 ms]   
 ensureStyleSheetLoaded() - missing style sheet 'quickfolders-layout.css' - not found
 not attempting any style modifications. 
HTMLDocument about:message
quickfolders-util.js:1423:13
QuickFolders 8:52:11.726  [865 ms]   
 ensureStyleSheetLoaded() - missing style sheet 'quickfolders-layout.css' - not found
 not attempting any style modifications. 
HTMLDocument about:message
quickfolders-util.js:1423:13
QuickFolders 8:52:11.740  [14 ms]   
 ensureStyleSheetLoaded() - missing style sheet 'quickfolders-layout.css' - not found
 not attempting any style modifications. 
HTMLDocument about:message
quickfolders-util.js:1423:13
QuickFolders 8:52:11.861  [121 ms]   
 ensureStyleSheetLoaded() - missing style sheet 'quickfolders-layout.css' - not found
 not attempting any style modifications. 
HTMLDocument about:message
quickfolders-util.js:1423:13
QuickFolders 8:52:11.873  [12 ms]   
 ensureStyleSheetLoaded() - missing style sheet 'quickfolders-layout.css' - not found
 not attempting any style modifications. 
HTMLDocument about:message
quickfolders-util.js:1423:13
QuickFolders 8:52:11.987  [114 ms]   
 ensureStyleSheetLoaded() - missing style sheet 'quickfolders-layout.css' - not found
 not attempting any style modifications. 
HTMLDocument about:message
quickfolders-util.js:1423:13
QuickFolders 8:52:11.993  [6 ms]   
 ensureStyleSheetLoaded() - missing style sheet 'quickfolders-layout.css' - not found
 not attempting any style modifications. 
HTMLDocument about:message
quickfolders-util.js:1423:13
QuickFolders 8:52:12.140  [147 ms]   
 ensureStyleSheetLoaded() - missing style sheet 'quickfolders-layout.css' - not found
 not attempting any style modifications. 
HTMLDocument about:message
quickfolders-util.js:1423:13
QuickFolders 8:52:12.148  [8 ms]   
 ensureStyleSheetLoaded() - missing style sheet 'quickfolders-layout.css' - not found
 not attempting any style modifications. 
HTMLDocument about:message
quickfolders-util.js:1423:13
QuickFolders 8:52:12.198  [50 ms]   
 ensureStyleSheetLoaded() - missing style sheet 'quickfolders-layout.css' - not found
 not attempting any style modifications. 
HTMLDocument about:message
quickfolders-util.js:1423:13
QuickFolders 8:52:12.204  [6 ms]   
 ensureStyleSheetLoaded() - missing style sheet 'quickfolders-layout.css' - not found
 not attempting any style modifications. 
HTMLDocument about:message
quickfolders-util.js:1423:13
QuickFolders 8:52:12.261  [57 ms]   
 ensureStyleSheetLoaded() - missing style sheet 'quickfolders-layout.css' - not found
 not attempting any style modifications. 
HTMLDocument about:message
quickfolders-util.js:1423:13
QuickFolders 8:52:12.271  [10 ms]   
 ensureStyleSheetLoaded() - missing style sheet 'quickfolders-layout.css' - not found
 not attempting any style modifications. 
HTMLDocument about:message
quickfolders-util.js:1423:13
QuickFolders 8:52:12.309  [38 ms]   
 ensureStyleSheetLoaded() - missing style sheet 'quickfolders-layout.css' - not found
 not attempting any style modifications. 
HTMLDocument about:message
quickfolders-util.js:1423:13
QuickFolders 8:52:12.318  [9 ms]   
 ensureStyleSheetLoaded() - missing style sheet 'quickfolders-layout.css' - not found
 not attempting any style modifications. 
HTMLDocument about:message
quickfolders-util.js:1423:13
QuickFolders 8:52:12.354  [36 ms]   
 ensureStyleSheetLoaded() - missing style sheet 'quickfolders-layout.css' - not found
 not attempting any style modifications. 
HTMLDocument about:message
quickfolders-util.js:1423:13
QuickFolders 8:52:12.375  [21 ms]   
 ensureStyleSheetLoaded() - missing style sheet 'quickfolders-layout.css' - not found
 not attempting any style modifications. 
HTMLDocument about:message
quickfolders-util.js:1423:13
quickFilters received external message 'injectButtonsQFNavigationBar' 
Object { command: "injectButtonsQFNavigationBar", license: {…} }
 
Object { status: "Valid", keyType: 0 }
qi-util.mjs.js:41:10
quickFilters received external message 'injectButtonsQFNavigationBar' 
Object { command: "injectButtonsQFNavigationBar", license: {…} }
 
Object { status: "Valid", keyType: 0 }
qi-util.mjs.js:41:10
quickFilters 8:52:12.895  [3378 ms]   
 toggleCurrentFolderButtons(retries=0) qFilters-utils.js:921:13
quickFilters received external message 'injectButtonsQFNavigationBar' 
Object { command: "injectButtonsQFNavigationBar", license: {…} }
 
Object { status: "Valid", keyType: 0 }
qi-util.mjs.js:41:10
quickFilters 8:52:12.899  [4 ms]   
 toggleCurrentFolderButtons(retries=0) qFilters-utils.js:921:13
quickFilters received external message 'injectButtonsQFNavigationBar' 
Object { command: "injectButtonsQFNavigationBar", license: {…} }
 
Object { status: "Valid", keyType: 0 }
qi-util.mjs.js:41:10
quickFilters 8:52:12.902  [3 ms]   
 toggleCurrentFolderButtons(retries=0) qFilters-utils.js:921:13
quickFilters received external message 'injectButtonsQFNavigationBar' 
Object { command: "injectButtonsQFNavigationBar", license: {…} }
 
Object { status: "Valid", keyType: 0 }
qi-util.mjs.js:41:10
quickFilters 8:52:12.904  [2 ms]   
 toggleCurrentFolderButtons(retries=0) qFilters-utils.js:921:13
quickFilters received external message 'injectButtonsQFNavigationBar' 
Object { command: "injectButtonsQFNavigationBar", license: {…} }
 
Object { status: "Valid", keyType: 0 }
qi-util.mjs.js:41:10
quickFilters 8:52:12.907  [3 ms]   
 toggleCurrentFolderButtons(retries=0) qFilters-utils.js:921:13
quickFilters received external message 'injectButtonsQFNavigationBar' 
Object { command: "injectButtonsQFNavigationBar", license: {…} }
 
Object { status: "Valid", keyType: 0 }
qi-util.mjs.js:41:10
quickFilters 8:52:12.909  [2 ms]   
 toggleCurrentFolderButtons(retries=0) qFilters-utils.js:921:13
quickFilters 8:52:12.909  [0 ms]   
 toggleCurrentFolderButtons(retries=1) qFilters-utils.js:921:13
quickFilters received external message 'injectButtonsQFNavigationBar' 
Object { command: "injectButtonsQFNavigationBar", license: {…} }
 
Object { status: "Valid", keyType: 0 }
qi-util.mjs.js:41:10
quickFilters 8:52:13.916  [1007 ms]   
 toggleCurrentFolderButtons(retries=0) qFilters-utils.js:921:13
quickFilters 8:52:14.370  [454 ms]   
 toggleCurrentFolderButtons(retries=0) qFilters-utils.js:921:13
quickFilters received external message 'injectButtonsQFNavigationBar' 
Object { command: "injectButtonsQFNavigationBar", license: {…} }
 
Object { status: "Valid", keyType: 0 }
qi-util.mjs.js:41:10
quickFilters 8:52:15.64  [694 ms]   
 toggleCurrentFolderButtons(retries=0) qFilters-utils.js:921:13
Preferences updates: 
Object { lastActiveCategories: "Daily" }
preferences.mjs:515:17
ExtensionError: can't access property "length", msgs is undefined ExtensionUtils.sys.mjs:46:5
1789285941368	addons.webextension.{a300a000-5e21-4ee0-a115-9ec8f4eaa92b}	WARN	Loading extension '{a300a000-5e21-4ee0-a115-9ec8f4eaa92b}': Reading manifest: Warning processing locales: An unexpected property was found in the WebExtension manifest.
1789285941368	addons.webextension.{a300a000-5e21-4ee0-a115-9ec8f4eaa92b}	WARN	Loading extension '{a300a000-5e21-4ee0-a115-9ec8f4eaa92b}': Reading manifest: Warning processing chrome_injectors: An unexpected property was found in the WebExtension manifest.
1789285941533	addons.webextension.{61A64500-335C-418D-8FCB-E072A9ABF3DA}	WARN	Loading extension '{61A64500-335C-418D-8FCB-E072A9ABF3DA}': Reading manifest: Warning processing version: version must be a version string consisting of at most 4 integers of at most 9 digits without leading zeros, and separated with dots
1789285941664	addons.webextension.quickFilters@axelg.com	WARN	Loading extension 'quickFilters@axelg.com': Reading manifest: Warning processing version: version must be a version string consisting of at most 4 integers of at most 9 digits without leading zeros, and separated with dots
1789285941672	addons.webextension.quickfolders@curious.be	WARN	Loading extension 'quickfolders@curious.be': Reading manifest: Warning processing version: version must be a version string consisting of at most 4 integers of at most 9 digits without leading zeros, and separated with dots
quickFilters 8:52:22.937  [7873 ms]   
 toggleCurrentFolderButtons(retries=1) qFilters-utils.js:921:13
quickFilters 8:52:22.940  [3 ms]   
 toggleCurrentFolderButtons(retries=1) qFilters-utils.js:921:13
quickFilters 8:52:22.940  [0 ms]   
 toggleCurrentFolderButtons(retries=1) qFilters-utils.js:921:13
quickFilters 8:52:22.940  [0 ms]   
 toggleCurrentFolderButtons(retries=1) qFilters-utils.js:921:13
quickFilters 8:52:22.940  [0 ms]   
 toggleCurrentFolderButtons(retries=1) qFilters-utils.js:921:13
quickFilters 8:52:22.941  [1 ms]   
 toggleCurrentFolderButtons(retries=1) qFilters-utils.js:921:13
quickFilters 8:52:24.2  [1061 ms]   
 toggleCurrentFolderButtons(retries=1) qFilters-utils.js:921:13
patchMailPane()... qFilters-utils.js:1016:13
TypeError: can't access property "topChromeWindow", browser.browsingContext is null
    getTabForBrowser chrome://messenger/content/parent/ext-mail.js:509
    statusListener chrome://messenger/content/parent/ext-tabs.js:368
    onStateChange chrome://extensions/content/parent/ext-tabs-base.js:1689
    callListeners chrome://messenger/content/mailWindow.js:1080
    callListeners chrome://messenger/content/mailWindow.js:1123
    onStateChange chrome://messenger/content/mailWindow.js:1139
    closeTab chrome://messenger/content/tabmail.js:1101
    remove chrome://messenger/content/parent/ext-tabs.js:577
    result resource://gre/modules/ExtensionParent.sys.mjs:1316
    withCallContextData resource://gre/modules/ExtensionParent.sys.mjs:750
    result resource://gre/modules/ExtensionParent.sys.mjs:1315
    withPendingBrowser resource://gre/modules/ExtensionParent.sys.mjs:760
    result resource://gre/modules/ExtensionParent.sys.mjs:1314
    callAndLog resource://gre/modules/ExtensionParent.sys.mjs:1265
    recvAPICall resource://gre/modules/ExtensionParent.sys.mjs:1313
mailWindow.js:1082:19
TypeError: can't access property "topChromeWindow", browser.browsingContext is null
    getTabForBrowser chrome://messenger/content/parent/ext-mail.js:509
    statusListener chrome://messenger/content/parent/ext-tabs.js:368
    onStateChange chrome://extensions/content/parent/ext-tabs-base.js:1689
    callListeners chrome://messenger/content/mailWindow.js:1080
    callListeners chrome://messenger/content/mailWindow.js:1123
    onStateChange chrome://messenger/content/mailWindow.js:1139
    closeTab chrome://messenger/content/tabmail.js:1101
    remove chrome://messenger/content/parent/ext-tabs.js:577
    result resource://gre/modules/ExtensionParent.sys.mjs:1316
    withCallContextData resource://gre/modules/ExtensionParent.sys.mjs:750
    result resource://gre/modules/ExtensionParent.sys.mjs:1315
    withPendingBrowser resource://gre/modules/ExtensionParent.sys.mjs:760
    result resource://gre/modules/ExtensionParent.sys.mjs:1314
    callAndLog resource://gre/modules/ExtensionParent.sys.mjs:1265
    recvAPICall resource://gre/modules/ExtensionParent.sys.mjs:1313
mailWindow.js:1082:19
can't access property "topChromeWindow", browser.browsingContext is null ext-mail.js:509:20
quickFilters 8:52:24.666  [664 ms]   
 toggleCurrentFolderButtons(retries=1) qFilters-utils.js:921:13
quickFilters 8:52:25.316  [650 ms]   
 toggleCurrentFolderButtons(retries=1) qFilters-utils.js:921:13
Error: negotiate failed with HTTP 405 
    ListenForEventsOffice365 moz-extension://4da57fdf-a3a3-4ca2-ad48-42b8203b2c26/owa/owa.js:487
owa.js:561:13
quickFilters 8:52:32.921  [7605 ms]   
 toggleCurrentFolderButtons(retries=2) qFilters-utils.js:921:13
quickFilters 8:52:43.239  [10318 ms]   
 toggleCurrentFolderButtons(retries=2) qFilters-utils.js:921:13
quickFilters 8:52:43.239  [0 ms]   
 toggleCurrentFolderButtons(retries=2) qFilters-utils.js:921:13
quickFilters 8:52:43.240  [1 ms]   
 toggleCurrentFolderButtons(retries=2) qFilters-utils.js:921:13
quickFilters 8:52:43.240  [0 ms]   
 toggleCurrentFolderButtons(retries=2) qFilters-utils.js:921:13
quickFilters 8:52:43.240  [0 ms]   
 toggleCurrentFolderButtons(retries=2) qFilters-utils.js:921:13
quickFilters 8:52:43.240  [0 ms]   
 toggleCurrentFolderButtons(retries=2) qFilters-utils.js:921:13
quickFilters 8:52:44.3  [763 ms]   
 toggleCurrentFolderButtons(retries=2) qFilters-utils.js:921:13
quickFilters 8:52:44.666  [663 ms]   
 toggleCurrentFolderButtons(retries=2) qFilters-utils.js:921:13
quickFilters 8:52:45.391  [725 ms]   
 toggleCurrentFolderButtons(retries=2) qFilters-utils.js:921:13
contentscript: set content-script.js:91:15
contentscript: MUA info content-script.js:91:15
Key event not available on some keyboard layouts: key=“s” modifiers=“accel,alt” id=“” messenger.xhtml
Key event not available on some keyboard layouts: key=“n” modifiers=“accel,alt” id=“” messenger.xhtml
Key event not available on some keyboard layouts: key=“o” modifiers=“accel,alt” id=“” messenger.xhtml
Key event not available on some keyboard layouts: key=“r” modifiers=“accel,alt” id=“” messenger.xhtml
Missing resource in locale de: devtools/client/toolbox.ftl
Missing resource in locale it: devtools/client/toolbox.ftl
quickFilters 8:53:3.52  [17661 ms]   
 toggleCurrentFolderButtons(retries=3) qFilters-utils.js:921:13
quickFilters 8:53:13.277  [10225 ms]   
 toggleCurrentFolderButtons(retries=3) qFilters-utils.js:921:13
quickFilters 8:53:13.277  [0 ms]   
 toggleCurrentFolderButtons(retries=3) qFilters-utils.js:921:13
quickFilters 8:53:13.277  [0 ms]   
 toggleCurrentFolderButtons(retries=3) qFilters-utils.js:921:13
quickFilters 8:53:13.278  [1 ms]   
 toggleCurrentFolderButtons(retries=3) qFilters-utils.js:921:13
quickFilters 8:53:13.278  [0 ms]   
 toggleCurrentFolderButtons(retries=3) qFilters-utils.js:921:13
quickFilters 8:53:13.278  [0 ms]   
 toggleCurrentFolderButtons(retries=3) qFilters-utils.js:921:13
quickFilters 8:53:14.4  [726 ms]   
 toggleCurrentFolderButtons(retries=3) qFilters-utils.js:921:13
quickFilters 8:53:14.667  [663 ms]   
 toggleCurrentFolderButtons(retries=3) qFilters-utils.js:921:13
quickFilters 8:53:15.396  [729 ms]   
 toggleCurrentFolderButtons(retries=3) qFilters-utils.js:921:13
quickFilters 8:53:43.110  [27714 ms]   
 toggleCurrentFolderButtons(retries=4) qFilters-utils.js:921:13
quickFilters 8:53:53.278  [10168 ms]   
 toggleCurrentFolderButtons(retries=4) qFilters-utils.js:921:13
quickFilters 8:53:53.280  [2 ms]   
 toggleCurrentFolderButtons(retries=4) qFilters-utils.js:921:13
quickFilters 8:53:53.282  [2 ms]   
 toggleCurrentFolderButtons(retries=4) qFilters-utils.js:921:13
quickFilters 8:53:53.284  [2 ms]   
 toggleCurrentFolderButtons(retries=4) qFilters-utils.js:921:13
quickFilters 8:53:53.285  [1 ms]   
 toggleCurrentFolderButtons(retries=4) qFilters-utils.js:921:13
quickFilters 8:53:53.286  [1 ms]   
 toggleCurrentFolderButtons(retries=4) qFilters-utils.js:921:13
quickFilters 8:53:54.5  [719 ms]   
 toggleCurrentFolderButtons(retries=4) qFilters-utils.js:921:13
quickFilters 8:53:54.669  [664 ms]   
 toggleCurrentFolderButtons(retries=4) qFilters-utils.js:921:13
quickFilters 8:53:55.396  [727 ms]   
 toggleCurrentFolderButtons(retries=4) qFilters-utils.js:921:13
quickFilters 8:54:35.302  [39906 ms]   
 toggleCurrentFolderButtons(retries=5) qFilters-utils.js:921:13
toggleCurrentFolderButtons() - giving up after 5 tries without any QF toolbar. quickFilters.js:1186:19
quickFilters 8:54:43.638  [8336 ms]   
 toggleCurrentFolderButtons(retries=5) qFilters-utils.js:921:13
toggleCurrentFolderButtons() - giving up after 5 tries without any QF toolbar. quickFilters.js:1186:19
quickFilters 8:54:43.644  [6 ms]   
 toggleCurrentFolderButtons(retries=5) qFilters-utils.js:921:13
toggleCurrentFolderButtons() - giving up after 5 tries without any QF toolbar. quickFilters.js:1186:19
quickFilters 8:54:43.646  [2 ms]   
 toggleCurrentFolderButtons(retries=5) qFilters-utils.js:921:13
toggleCurrentFolderButtons() - giving up after 5 tries without any QF toolbar. quickFilters.js:1186:19
quickFilters 8:54:43.647  [1 ms]   
 toggleCurrentFolderButtons(retries=5) qFilters-utils.js:921:13
toggleCurrentFolderButtons() - giving up after 5 tries without any QF toolbar. quickFilters.js:1186:19
quickFilters 8:54:43.648  [1 ms]   
 toggleCurrentFolderButtons(retries=5) qFilters-utils.js:921:13
toggleCurrentFolderButtons() - giving up after 5 tries without any QF toolbar. quickFilters.js:1186:19
quickFilters 8:54:43.649  [1 ms]   
 toggleCurrentFolderButtons(retries=5) qFilters-utils.js:921:13
toggleCurrentFolderButtons() - giving up after 5 tries without any QF toolbar. quickFilters.js:1186:19
quickFilters 8:54:44.9  [360 ms]   
 toggleCurrentFolderButtons(retries=5) qFilters-utils.js:921:13
toggleCurrentFolderButtons() - giving up after 5 tries without any QF toolbar. quickFilters.js:1186:19
quickFilters 8:54:44.675  [666 ms]   
 toggleCurrentFolderButtons(retries=5) qFilters-utils.js:921:13
toggleCurrentFolderButtons() - giving up after 5 tries without any QF toolbar. quickFilters.js:1186:19
quickFilters 8:54:45.400  [725 ms]   
 toggleCurrentFolderButtons(retries=5) qFilters-utils.js:921:13
toggleCurrentFolderButtons() - giving up after 5 tries without any QF toolbar. quickFilters.js:1186:19
