1789650834428	addons.xpi	WARN	Checking C:\Program Files\Mozilla Thunderbird ESR 140\distribution\extensions for addons
Window.fullScreen attribute is deprecated and will be removed in the future. messenger.js:935:9
1789650835406	addons.xpi-utils	WARN	Add-on tbsync@jobisoft.de is not compatible with application version.
1789650835406	addons.xpi-utils	WARN	Add-on google-4-tbsync@marcozanon.com is not compatible with application version.
1789650835407	addons.xpi-utils	WARN	Add-on eas4tbsync@jobisoft.de is not compatible with application version.
1789650837401	addons.xpi-utils	WARN	Add-on tbsync@jobisoft.de is not compatible with application version.
1789650837401	addons.xpi-utils	WARN	Add-on google-4-tbsync@marcozanon.com is not compatible with application version.
1789650837401	addons.xpi-utils	WARN	Add-on eas4tbsync@jobisoft.de is not compatible with application version.
Object { Util: {…}, Preferences: {…}, extractSignature: extractSignature(), insertTemplate: insertTemplate(), readSignatureFile: readSignatureFile(), resetDocument: resetDocument(), Parser: Parser(), composer: {}, Sig: {}, prefs: {…}, … }
 
Object { composers: Map(0) }
st-background.js:17:9
SmartTemplates Background started st-util.mjs.js:39:13
module is not a constructor ExtensionCommon.sys.mjs:1679:15
Finished setting up license startup code qf-background.js:901:13
waiting for mailTabs.query()... qf-background.js:974:15
WebExtensions: WL handleEvent (loadIntoWindow) context: 
Object { isTopContext: true, viewType: "background", envType: "addon_parent", onClose: Set(12), checkedLastError: false, _lastError: null, contextId: 14, unloaded: false, extension: {…}, manifestVersion: 2, … }
implementation.js:744
[#697] About to call cache.init() at 2026-09-17T13:13:59.391Z quickfolders-preferences.js:650:9
[#697] Cache init starting at 2026-09-17T13:13:59.391Z quickfolders-preferences.js:583:15
QF Preferences Cache: Cache init: calling Storage.get() quickfolders-preferences.js:519:13
QF Preferences Cache:  - QuickFolders.Storage: 
Object { uniqueRandomID: "AddOnNS3", _context: {…}, _debugCache: true, _storage: {…}, _call: _call() }
quickfolders-preferences.js:519:13
[QF Storage] [17896508393.9s] get() START - keys: 
Object { settings: {}, debug: {}, model: {…} }
quickfolders-storage.js:51:13
[QF Storage] [17896508394.9s] _init() SUCCESS after 1 attempt(s) quickfolders-storage.js:51:13
WebExtensions: quickFilters exp API: Utilities.getAPI() called implementation.js:14
WebExtensions: quickFilters logDebug (early): startup listeners, ready to call updatequickFiltersLabel
startup result: unblock startup for quickFilters in main() implementation.js:32
[QF Storage] [17896508395.6s] get() SUCCESS - returned keys: 
Array(3) [ "settings", "debug", "model" ]
quickfolders-storage.js:51:13
QF Preferences Cache: Cache init: Storage.get() returned successfully. Initializing folders model... quickfolders-preferences.js:519:13
QF Preferences Cache: Received model / folders: 
Object { folders: (53) […] }
quickfolders-preferences.js:519:13
QF Preferences Cache: Received preferences: 
Object { "accessibility.hideIconMenu": false, "accessibility.subFolderParentEntry": false, alphaSortFoldersReverse: false, "api.mailTabs.timeout": 0, autoFocusPreview: true, autoValidateFolders: true, "behavior.nonFolderView.openNewTab": true, "bookmarks.folderLabel": true, "bookmarks.maxEntries": 0, "bookmarks.openMethod": "currentTab", … }
quickfolders-preferences.js:519:13
QF Preferences Cache: Cache initialization successful quickfolders-preferences.js:519:13
QF Preferences Cache: Cache is now ready - awaitReady promise resolved quickfolders-preferences.js:519:13
[#697] Cache init completed at 2026-09-17T13:13:59.560Z quickfolders-preferences.js:628:15
QuickFolders [logTime init]
 Adding QuickFolders Search Panel ... quickfolders-util.js:1432:13
WebExtensions: WL handleEvent (loadIntoWindow) context: 
Object { isTopContext: true, viewType: "background", envType: "addon_parent", onClose: Set(13), checkedLastError: false, _lastError: null, contextId: 15, unloaded: false, extension: {…}, manifestVersion: 2, … }
implementation.js:744
WebExtensions: WL handleEvent (loadIntoWindow) context: 
Object { isTopContext: true, viewType: "background", envType: "addon_parent", onClose: Set(12), checkedLastError: false, _lastError: null, contextId: 14, unloaded: false, extension: {…}, manifestVersion: 2, … }
implementation.js:744
QuickFolders qf-3pane.js - injectCurrentFolderBar() 
 activatedWhileWindowOpen = true
 isManual=false quickfolders-util.js:1455:15
Preferences onChanged: 
Object {  }
preferences.mjs:317:17
QF Preferences Cache: setValue("lastActiveCategories") = "" quickfolders-preferences.js:519:13
[QF Storage] [17896508396.8s] get() START - keys: 
Object { settings: {} }
quickfolders-storage.js:51:13
QuickFolders 14:13:59.677  [88 ms]   
 Adding Folder Listener... quickfolders-util.js:1432:13
QuickFolders 14:13:59.679  [2 ms]   
 restore categories from tab session quickfolders-util.js:1432:13
QuickFolders readTabCategorySession() quickfolders-util.js:1455:15
QuickFolders 14:13:59.680  [1 ms]   
 QuickFolders UI patching in window: chrome://messenger/content/messenger.xhtml quickfolders-util.js:1432:13
QuickFolders 14:13:59.680  [0 ms]   
 injecting quickfolders-143.css ... quickfolders-util.js:1432:13
QuickFolders 14:13:59.832  [152 ms]   
 toggleToolbarAction() quickfolders-util.js:1432:13
WebExtensions: 
<li class="extension-action" item-id="ext-quickfolders@curious.be" tabindex="-1" is="customizable-element" style='--webextension-icon: ima…32.svg") 2x\n        );' aria-pressed="true">
implementation.js:481
QuickFolders {INTERFACE} 14:13:59.833  [1 ms]   
 toggleToolbar() 
Object { button: li.extension-action, toggle: false }
quickfolders-util.js:1427:13
QuickFolders {INTERFACE} 14:13:59.833  [0 ms]   
 showElement(PreviewLabel, false) quickfolders-util.js:1427:13
WebExtensions: quickFilters: messenger.onLoad() qFi-messenger.js:29
Preferences onChanged: 
Object { settings: {…}, debug: {…}, accounts: {…} }
preferences.mjs:317:17
Accounts data updated: 
Object {  }
preferences.mjs:340:19
[QF Storage] [17896508400.7s] get() SUCCESS - returned keys: 
Array [ "settings" ]
quickfolders-storage.js:51:13
[QF Storage] [17896508400.7s] set() START - keys: 
Array [ "settings" ]
quickfolders-storage.js:51:13
WebExtensions: WL handleEvent (loadIntoWindow) context: 
Object { isTopContext: true, viewType: "background", envType: "addon_parent", onClose: Set(12), checkedLastError: false, _lastError: null, contextId: 14, unloaded: false, extension: {…}, manifestVersion: 2, … }
implementation.js:744
WebExtensions: injectCurrentFolderBar() early exit, parent document URL==about:3pane qf-3pane.js:412
QuickFolders qf-3pane.js - injectCurrentFolderBar() 
 activatedWhileWindowOpen = true
 isManual=false quickfolders-util.js:1455:15
QuickFolders 14:14:0.110  [277 ms]   
 readTabCategorySession - for tabId[1] returned Dev quickfolders-util.js:1432:13
QuickFolders readTabToolbarSession() quickfolders-util.js:1455:15
QuickFolders 14:14:0.130  [20 ms]   
 readTabToolbarSession - for tabId[1] returned {"mainVisibleState":true} quickfolders-util.js:1432:13
QuickFolders 14:14:0.130  [0 ms]   
 initDocAndWindow()
QuickFolders_globalDoc = chrome://messenger/content/messenger.xhtml quickfolders-util.js:1432:13
QuickFolders 14:14:0.130  [0 ms]   
 initDelayed ==== correct window: chrome://messenger/content/messenger.xhtml - Studio - thunderbirddaily@gmail.com - Mozilla Thunderbird
wait 750 msec until init()… quickfolders-util.js:1432:13
QuickFolders 14:14:0.130  [0 ms]   
 Adding Search Input event handler… quickfolders-util.js:1432:13
[QF Storage] [17896508401.3s] set() SUCCESS quickfolders-storage.js:51:13
QF Preferences Cache: setValue("lastActiveCategories") completed quickfolders-preferences.js:519:13
WebExtensions: quickFilters: pref cache ready qFi-messenger.js:31
Manually calling notifyTools.enable() is no longer needed. notifyTools.js:145:13
Preferences updates: 
Object { lastActiveCategories: "" }
preferences.mjs:515:17
WebExtensions: WL handleEvent (loadIntoWindow) context: 
Object { isTopContext: true, viewType: "background", envType: "addon_parent", onClose: Set(13), checkedLastError: false, _lastError: null, contextId: 15, unloaded: false, extension: {…}, manifestVersion: 2, … }
implementation.js:744
QuickFolders {INTERFACE} 14:14:0.416  [286 ms]   
 onTabSelected()
 folder = Studio quickfolders-util.js:1427:13
Got [mailTab] retreiving current tab[1] qf-background.js:978:15
WebExtensions: qFi-3pane.js - onLoad() qFi-3pane.js:433
got tab qf-background.js:982:15
QuickFolders: add toggle-foldertree command... qf-background.js:1126:13
QuickFolders 14:14:0.660  [244 ms]   
 QuickFolders: injecting current folder quickfolders-util.js:1432:13
QuickFolders 14:14:0.660  [0 ms]   
 ============INJECT==========
qf-3pane.js onLoad(true) quickfolders-util.js:1432:13
WebExtensions: QuickFolders injector path: 
Object { hasWL: true, scopeName: "AddOnNS3", hasInject: true, url: "about:3pane" }
qf-3pane.js:81
WebExtensions: Using WindowListener:injectElements qf-3pane.js:99
WebExtensions: Injecting into root document: implementation.js:720
WebExtensions: 
Array [ div#threadPane ]
implementation.js:600
WebExtensions: div#threadPane is an existing container, injecting into threadPane implementation.js:671
WebExtensions: 
Array [ hbox#QuickFolders-PreviewToolbarPanel.QuickFolders-NavigationPanel.quickFoldersToolbar ]
implementation.js:600
WebExtensions: hbox#QuickFolders-PreviewToolbarPanel: append to threadPane implementation.js:711
QuickFolders 14:14:0.665  [5 ms]   
 liftNavigationbar() quickfolders-util.js:1432:13
[QF liftNavBar] after move — panel parent: #threadPane, panel===in threadPane: true quickfolders-interface.js:1552:21
QuickFolders {CSS} 14:14:0.668  [3 ms]   
 Can not find style sheet: quickfolders-layout.css - QuickFolderStyles in 
 (chrome://messenger/content/messenger.xhtml)
 doc.title       = Studio - thunderbirddaily@gmail.com
 doc.documentURI = chrome://messenger/content/messenger.xhtml quickfolders-util.js:1427:13
QuickFolders {CSS} 14:14:0.669  [1 ms]   
 ensureStyleSheetLoaded(Name: quickfolders-layout.css, Title: QuickFolderStyles) quickfolders-util.js:1427:13
QuickFolders {CSS} 14:14:0.669  [0 ms]   
 Can not find style sheet: quickfolders-layout.css - QuickFolderStyles in 
 (chrome://messenger/content/messenger.xhtml)
 doc.title       = Studio - thunderbirddaily@gmail.com
 doc.documentURI = chrome://messenger/content/messenger.xhtml quickfolders-util.js:1427:13
QuickFolders stylesheet lookup failed 
Object { requestedSheet: "quickfolders-layout.css", requestedTitle: "QuickFolderStyles", document: HTMLDocument about:3pane, documentType: "object", documentURL: "about:3pane", documentURI: "about:3pane", documentTitle: "Studio - thunderbirddaily@gmail.com", readyState: "complete", windowURL: "about:3pane", callerWindowURL: "chrome://messenger/content/messenger.xhtml", … }
quickfolders-interface.js:8517:15
QuickFolders {CSS} 14:14:0.670  [1 ms]   
 Can not find style sheet: quickfolders-layout.css - QuickFolderStyles in 
 (chrome://messenger/content/messenger.xhtml)
 doc.title       = Studio - thunderbirddaily@gmail.com
 doc.documentURI = chrome://messenger/content/messenger.xhtml quickfolders-util.js:1427:13
QuickFolders 14:14:0.670  [0 ms]   
 ensureStyleSheetLoaded() - missing style sheet 'quickfolders-layout.css' - not found
 not attempting any style modifications. 
HTMLDocument about:3pane
quickfolders-util.js:1432:13
QuickFolders {INTERFACE} 14:14:0.670  [0 ms]   
 Current Folder Bar - Collapsing optional Navigation Elements:
hideMsgNavigation=false
hideFolderNavigation=true
quickfolders-util.js:1427:13
WebExtensions: [QuickFolders 3pane] displayNavigationToolbar: isShowCurrentFolderToolbar(windowMode="") = true — bar will be SHOWN qf-3pane.js:707
QuickFolders {CSS} 14:14:0.675  [5 ms]   
 Can not find style sheet: quickfolders-layout.css - QuickFolderStyles in 
 (chrome://messenger/content/messenger.xhtml)
 doc.title       = Studio - thunderbirddaily@gmail.com
 doc.documentURI = chrome://messenger/content/messenger.xhtml quickfolders-util.js:1427:13
QuickFolders {CSS} 14:14:0.675  [0 ms]   
 ensureStyleSheetLoaded(Name: quickfolders-layout.css, Title: QuickFolderStyles) quickfolders-util.js:1427:13
QuickFolders {CSS} 14:14:0.675  [0 ms]   
 Can not find style sheet: quickfolders-layout.css - QuickFolderStyles in 
 (chrome://messenger/content/messenger.xhtml)
 doc.title       = Studio - thunderbirddaily@gmail.com
 doc.documentURI = chrome://messenger/content/messenger.xhtml quickfolders-util.js:1427:13
QuickFolders stylesheet lookup failed 
Object { requestedSheet: "quickfolders-layout.css", requestedTitle: "QuickFolderStyles", document: HTMLDocument about:3pane, documentType: "object", documentURL: "about:3pane", documentURI: "about:3pane", documentTitle: "Studio - thunderbirddaily@gmail.com", readyState: "complete", windowURL: "about:3pane", callerWindowURL: "chrome://messenger/content/messenger.xhtml", … }
quickfolders-interface.js:8517:15
QuickFolders {CSS} 14:14:0.675  [0 ms]   
 Can not find style sheet: quickfolders-layout.css - QuickFolderStyles in 
 (chrome://messenger/content/messenger.xhtml)
 doc.title       = Studio - thunderbirddaily@gmail.com
 doc.documentURI = chrome://messenger/content/messenger.xhtml quickfolders-util.js:1427:13
QuickFolders 14:14:0.675  [0 ms]   
 ensureStyleSheetLoaded() - missing style sheet 'quickfolders-layout.css' - not found
 not attempting any style modifications. 
HTMLDocument about:3pane
quickfolders-util.js:1432:13
QuickFolders {INTERFACE} 14:14:0.675  [0 ms]   
 Current Folder Bar - Collapsing optional Navigation Elements:
hideMsgNavigation=false
hideFolderNavigation=true
quickfolders-util.js:1427:13
QuickFolders 14:14:0.910  [235 ms]   
 Version() getter. addonInfo: 
Object { id: "quickfolders@curious.be", name: "QuickFolders", description: "Bookmark your favorite mail folders in Thunderbird.", version: "6.17.4pre7", mayDisable: true, enabled: true, optionsUrl: "moz-extension://8b124c65-a6f9-4661-8a4e-b8852b9052c8/html/options.html", installType: "normal", type: "extension", permissions: (11) […], … }
quickfolders-util.js:1432:13
QuickFolders: QuickFolders.init() - QuickFolders Version 6.17.4pre7
Running on Thunderbird Version 153.3.0
QuickFolders Adding shortcut key listener. quickfolders-util.js:1455:15
QuickFolders
Reconstructed URL imap://thunderbirddaily67%40gmail.com@imap.gmail.com/Software/emsisoft for imap://thunderbirddaily67%40gmail.com@imap.gmail.com/Software/emsisoft of account account1 is invalid quickfolders-model.js:528:19
QuickFolders
Reconstructed URL mailbox://nobody@Local%20Folders/%20%20%20%20space%20test for mailbox://nobody@Local%20Folders/%20%20%20%20space%20test of account account2 is invalid quickfolders-model.js:528:19
QuickFolders 14:14:0.911  [1 ms]   
 initTabsFromEntries() quickfolders-util.js:1432:13
QuickFolders {INTERFACE} 14:14:0.911  [0 ms]   
 updateUserStyles() chrome://messenger/content/messenger.xhtml
Theme: flatTabs quickfolders-util.js:1427:13
QuickFolders {CSS,CSS.DETAIL} 14:14:0.916  [5 ms]   
 My Palette Stylesheet = content/skin/quickfolders-palettes.css quickfolders-util.js:1427:13
QuickFolders {CSS} 14:14:0.976  [60 ms]   
 updateUserStyles(): success quickfolders-util.js:1427:13
QuickFolders 14:14:0.976  [0 ms]   
 init: setting categories to Dev quickfolders-util.js:1432:13
QF Preferences Cache: setValue("lastActiveCategories") = "Dev" quickfolders-preferences.js:519:13
[QF Storage] [17896508409.8s] get() START - keys: 
Object { settings: {} }
quickfolders-storage.js:51:13
QF Preferences Cache: setValue("lastActiveCategories") = "Dev" quickfolders-preferences.js:519:13
[QF Storage] [17896508409.8s] get() START - keys: 
Object { settings: {} }
quickfolders-storage.js:51:13
QuickFolders {INTERFACE} 14:14:0.977  [1 ms]   
 updateFolders(rebuildCategories=false, minimalUpdate=false) quickfolders-util.js:1427:13
QuickFolders 14:14:0.977  [0 ms]   
 updateFolders(rebuildCategories: false, minimal: false) - Number of Folders = 53 quickfolders-util.js:1432:13
QuickFolders 14:14:0.977  [0 ms]   
 updateQuickFoldersLabel() quickfolders-util.js:1432:13
QuickFolders 14:14:0.988  [11 ms]   
 24 of 53 tabs rebuilt [minimalUpdate=false]. quickfolders-util.js:1432:13
QuickFolders 14:14:0.989  [1 ms]   
 updateQuickFoldersLabel() quickfolders-util.js:1432:13
QuickFolders {INTERFACE} 14:14:0.989  [0 ms]   
 onTabSelected()
 folder = Studio quickfolders-util.js:1427:13
QuickFolders {INTERFACE} 14:14:1.92  [103 ms]   
 onDeckChange(targetTab.
  first: true
  busy: false
  canClose: false
  thinking: false
  favIconUrl: chrome://messenger/skin/icons/new/compact/folder.svg
  selected: true
  tabId: 0
  title: Studio - thunderbirddaily@gmail.com
  QuickFoldersCategory: Dev
)
mode = mail3PaneTab quickfolders-util.js:1427:13
QuickFolders {INTERFACE} 14:14:1.92  [0 ms]   
 mode = mail3PaneTab
isMailPanel = true quickfolders-util.js:1427:13
QuickFolders 14:14:1.92  [0 ms]   
 QuickFolders.init() ends. quickfolders-util.js:1432:13
QuickFolders 14:14:1.92  [0 ms]   
 bookmarks.load… quickfolders-util.js:1432:13
QuickFolders 14:14:1.92  [0 ms]   
 initLicensedUI - hasLicense = true
 licenseInfo: 
Object { status: "Valid", description: "Valid", licensedDaysLeft: 214, expiredDays: 0, expiryDate: "2027-04-19", email: "thunderbirddaily@gmail.com", licenseKey: "QF-thunderbirddaily@gmail.com:2027-04-19;127bb40961025ece5d1ca720fbbea87767de806bf68871410a271d17551106c9 093878c837558cc2e2a832be81ab91c24fd2fd4a4088ea97589cc75c12a7c2b2", decryptedPart: "QF-thunderbirddaily@gmail.com:2027-04-19", keyType: 0, isValid: true, … }
quickfolders-util.js:1432:13
QuickFolders 14:14:1.92  [0 ms]   
 License found - removing Animations()… quickfolders-util.js:1432:13
QuickFolders 14:14:1.97  [5 ms]   
 updateQuickFoldersLabel() quickfolders-util.js:1432:13
QuickFolders 14:14:1.97  [0 ms]   
 updateMainWindow()... Theme: flatTabs quickfolders-util.js:1432:13
QuickFolders {CSS} 14:14:1.97  [0 ms]   
 ============================
updateMainWindow… quickfolders-util.js:1427:13
QuickFolders {CSS} 14:14:1.98  [1 ms]   
 updateMainWindow: update Folders UI… quickfolders-util.js:1427:13
QuickFolders 14:14:1.98  [0 ms]   
 bookmarks.load… quickfolders-util.js:1432:13
QuickFolders 14:14:1.98  [0 ms]   
 bookmarks.load complete. quickfolders-util.js:1432:13
QuickFolders 14:14:1.121  [23 ms]   
 updateMainWindow()... Theme: flatTabs quickfolders-util.js:1432:13
QuickFolders {CSS} 14:14:1.121  [0 ms]   
 ============================
updateMainWindow… quickfolders-util.js:1427:13
QuickFolders {CSS} 14:14:1.121  [0 ms]   
 updateMainWindow: update Folders UI… quickfolders-util.js:1427:13
QuickFolders 14:14:1.121  [0 ms]   
 bookmarks.load… quickfolders-util.js:1432:13
QuickFolders 14:14:1.121  [0 ms]   
 bookmarks.load complete. quickfolders-util.js:1432:13
QuickFolders 14:14:1.158  [37 ms]   
 updateFoldersUI()... quickfolders-util.js:1432:13
QuickFolders {INTERFACE} 14:14:1.158  [0 ms]   
 updateFolders(rebuildCategories=true, minimalUpdate=false) quickfolders-util.js:1427:13
QuickFolders 14:14:1.158  [0 ms]   
 updateFolders(rebuildCategories: true, minimal: false) - Number of Folders = 53 quickfolders-util.js:1432:13
QuickFolders 14:14:1.159  [1 ms]   
 updateQuickFoldersLabel() quickfolders-util.js:1432:13
QuickFolders {INTERFACE} 14:14:1.159  [0 ms]   
 updateCategories() quickfolders-util.js:1427:13
QuickFolders 14:14:1.159  [0 ms]   
 updateCategories() - [4 Categories] quickfolders-util.js:1432:13
QuickFolders 14:14:1.170  [11 ms]   
 24 of 53 tabs rebuilt [minimalUpdate=false]. quickfolders-util.js:1432:13
QuickFolders 14:14:1.170  [0 ms]   
 updateQuickFoldersLabel() quickfolders-util.js:1432:13
QuickFolders {INTERFACE} 14:14:1.170  [0 ms]   
 onTabSelected()
 folder = Studio quickfolders-util.js:1427:13
QuickFolders {INTERFACE} 14:14:1.178  [8 ms]   
 updateUserStyles() chrome://messenger/content/messenger.xhtml
Theme: flatTabs quickfolders-util.js:1427:13
QuickFolders {CSS} 14:14:1.227  [49 ms]   
 updateUserStyles(): success quickfolders-util.js:1427:13
QuickFolders 14:14:1.273  [46 ms]   
 updateFoldersUI()... quickfolders-util.js:1432:13
QuickFolders {INTERFACE} 14:14:1.273  [0 ms]   
 updateFolders(rebuildCategories=true, minimalUpdate=false) quickfolders-util.js:1427:13
QuickFolders 14:14:1.273  [0 ms]   
 updateFolders(rebuildCategories: true, minimal: false) - Number of Folders = 53 quickfolders-util.js:1432:13
QuickFolders 14:14:1.274  [1 ms]   
 updateQuickFoldersLabel() quickfolders-util.js:1432:13
QuickFolders {INTERFACE} 14:14:1.275  [1 ms]   
 updateCategories() quickfolders-util.js:1427:13
QuickFolders 14:14:1.275  [0 ms]   
 updateCategories() - [4 Categories] quickfolders-util.js:1432:13
QuickFolders 14:14:1.287  [12 ms]   
 24 of 53 tabs rebuilt [minimalUpdate=false]. quickfolders-util.js:1432:13
QuickFolders 14:14:1.287  [0 ms]   
 updateQuickFoldersLabel() quickfolders-util.js:1432:13
QuickFolders {INTERFACE} 14:14:1.287  [0 ms]   
 onTabSelected()
 folder = Studio quickfolders-util.js:1427:13
QuickFolders {INTERFACE} 14:14:1.292  [5 ms]   
 updateUserStyles() chrome://messenger/content/messenger.xhtml
Theme: flatTabs quickfolders-util.js:1427:13
QuickFolders {CSS} 14:14:1.341  [49 ms]   
 updateUserStyles(): success quickfolders-util.js:1427:13
QuickFolders 14:14:1.393  [52 ms]   
 readStringFile() - Success quickfolders-util.js:1432:13
QuickFolders 14:14:1.393  [0 ms]   
 parsed 1 entries quickfolders-util.js:1432:13
QuickFolders 14:14:1.393  [0 ms]   
 bookmarks.resetList() quickfolders-util.js:1432:13
QuickFolders 14:14:1.393  [0 ms]   
 QuickFolders.bookmarks.update()
isActive = false quickfolders-util.js:1432:13
QuickFolders 14:14:1.393  [0 ms]   
 QuickFolders.bookmarks.update()
isActive = true quickfolders-util.js:1432:13
QuickFolders 14:14:1.393  [0 ms]   
 readStringFile() - Success quickfolders-util.js:1432:13
QuickFolders 14:14:1.393  [0 ms]   
 parsed 1 entries quickfolders-util.js:1432:13
QuickFolders 14:14:1.393  [0 ms]   
 bookmarks.resetList() quickfolders-util.js:1432:13
QuickFolders 14:14:1.393  [0 ms]   
 QuickFolders.bookmarks.update()
isActive = false quickfolders-util.js:1432:13
QuickFolders 14:14:1.393  [0 ms]   
 QuickFolders.bookmarks.update()
isActive = true quickfolders-util.js:1432:13
[QF Storage] [17896508414.0s] get() SUCCESS - returned keys: 
Array [ "settings" ]
quickfolders-storage.js:51:13
[QF Storage] [17896508414.0s] set() START - keys: 
Array [ "settings" ]
quickfolders-storage.js:51:13
[QF Storage] [17896508414.1s] get() SUCCESS - returned keys: 
Array [ "settings" ]
quickfolders-storage.js:51:13
[QF Storage] [17896508414.1s] set() START - keys: 
Array [ "settings" ]
quickfolders-storage.js:51:13
QuickFolders 14:14:1.410  [17 ms]   
 readStringFile() - Success quickfolders-util.js:1432:13
QuickFolders 14:14:1.410  [0 ms]   
 parsed 1 entries quickfolders-util.js:1432:13
QuickFolders 14:14:1.410  [0 ms]   
 bookmarks.resetList() quickfolders-util.js:1432:13
QuickFolders 14:14:1.411  [1 ms]   
 QuickFolders.bookmarks.update()
isActive = false quickfolders-util.js:1432:13
QuickFolders 14:14:1.411  [0 ms]   
 QuickFolders.bookmarks.update()
isActive = true quickfolders-util.js:1432:13
[QF background] updateQuickFilters received — sending injectButtonsQFNavigationBar to quickFilters 
Object { licenseStatus: "Valid", licenseType: 0 }
qf-background.js:1524:19
[QF background] injectButtonsQFNavigationBar response: undefined qf-background.js:1535:23
[QF Storage] [17896508416.3s] set() SUCCESS quickfolders-storage.js:51:13
QF Preferences Cache: setValue("lastActiveCategories") completed quickfolders-preferences.js:519:13
Preferences updates: 
Object { lastActiveCategories: "Dev" }
preferences.mjs:515:17
[QF Storage] [17896508416.7s] set() SUCCESS quickfolders-storage.js:51:13
QF Preferences Cache: setValue("lastActiveCategories") completed quickfolders-preferences.js:519:13
1789650842183	addons.webextension.mailmindr@arndissler.net	WARN	Loading extension 'mailmindr@arndissler.net': Reading manifest: Warning processing commands.mailmindr_set_follow_up.suggested_key.chromeos: Unknown platform name
1789650842183	addons.webextension.mailmindr@arndissler.net	WARN	Loading extension 'mailmindr@arndissler.net': Reading manifest: Warning processing commands.mailmindr_open_list.suggested_key.chromeos: Unknown platform name
1789650842238	addons.webextension.quickFilters@axelg.com	WARN	Loading extension 'quickFilters@axelg.com': Reading manifest: Warning processing version: version must be a version string consisting of at most 4 integers of at most 9 digits without leading zeros, and separated with dots
1789650842241	addons.webextension.quickfolders@curious.be	WARN	Loading extension 'quickfolders@curious.be': Reading manifest: Warning processing version: version must be a version string consisting of at most 4 integers of at most 9 digits without leading zeros, and separated with dots
QuickFolders {INTERFACE} 14:14:2.272  [861 ms]   
 onTabSelected()
 folder = Studio quickfolders-util.js:1427:13
QuickFolders {INTERFACE} 14:14:15.295  [13023 ms]   
 patchToolbarTheme(activate) for tab -1 - Studio - thunderbirddaily@gmail.com - Mozilla Thunderbird 
Object { win: ChromeWindow chrome://messenger/content/messenger.xhtml, doc: HTMLDocument chrome://messenger/content/messenger.xhtml, toolbarId: "QuickFolders-Toolbar" }
 
activate { target: ChromeWindow chrome://messenger/content/messenger.xhtml, isTrusted: true, srcElement: ChromeWindow chrome://messenger/content/messenger.xhtml, eventPhase: 0, bubbles: true, cancelable: true, returnValue: true, defaultPrevented: false, composed: false, timeStamp: 20608.799600000002, … }
quickfolders-util.js:1427:13
Key event not available on some keyboard layouts: key=“r” modifiers=“accel,alt” id=“” messenger.xhtml
QuickFolders {INTERFACE} 14:14:15.795  [500 ms]   
 patching toolbar QuickFolders-Toolbar to bright mode.
quickfolders-util.js:1427:13
Missing resource in locale de: devtools/client/toolbox.ftl
Missing resource in locale nl: devtools/client/toolbox.ftl
